Archive member included to satisfy reference by file (symbol)

/usr/share/segger_embedded_studio_for_arm_5.60a/lib/libc_v7em_fpv4_sp_d16_hard_t_le_eabi.a(libc2.o)
                              Output/Release/Obj/twi_sensor_pca10056/nrf_log_str_formatter.o (isprint)
/usr/share/segger_embedded_studio_for_arm_5.60a/lib/libc_v7em_fpv4_sp_d16_hard_t_le_eabi.a(libc2_asm.o)
                              Output/Release/Obj/twi_sensor_pca10056/nrf_log_frontend.o (memcpy)
/usr/share/segger_embedded_studio_for_arm_5.60a/lib/libc_v7em_fpv4_sp_d16_hard_t_le_eabi.a(libvfprintf.o)
                              (__vfprintf_long)
/usr/share/segger_embedded_studio_for_arm_5.60a/lib/libc_v7em_fpv4_sp_d16_hard_t_le_eabi.a(libvfscanf.o)
                              (__vfscanf_int)
/usr/share/segger_embedded_studio_for_arm_5.60a/lib/libc_v7em_fpv4_sp_d16_hard_t_le_eabi.a(libc.o)
                              /usr/share/segger_embedded_studio_for_arm_5.60a/lib/libc_v7em_fpv4_sp_d16_hard_t_le_eabi.a(libc2.o) (__heap_lock)
/usr/share/segger_embedded_studio_for_arm_5.60a/lib/libc_v7em_fpv4_sp_d16_hard_t_le_eabi.a(libc_asm.o)
                              /usr/share/segger_embedded_studio_for_arm_5.60a/lib/libc_v7em_fpv4_sp_d16_hard_t_le_eabi.a(libc2.o) (__aeabi_uldivmod)
/usr/share/segger_embedded_studio_for_arm_5.60a/lib/libdebugio_v7em_fpv4_sp_d16_hard_t_le_eabi.a(libdebugio.o)
                              Output/Release/Obj/twi_sensor_pca10056/thumb_crt0.o (debug_fopen)
/usr/share/segger_embedded_studio_for_arm_5.60a/lib/libdebugio_v7em_fpv4_sp_d16_hard_t_le_eabi.a(do_nv_debug_operation.o)
                              /usr/share/segger_embedded_studio_for_arm_5.60a/lib/libdebugio_v7em_fpv4_sp_d16_hard_t_le_eabi.a(libdebugio.o) (__do_nvdebug_operation)
/usr/share/segger_embedded_studio_for_arm_5.60a/lib/libdebugio_v7em_fpv4_sp_d16_hard_t_le_eabi.a(mempoll_debug_operations.o)
                              (__do_debug_operation_mempoll)
/usr/share/segger_embedded_studio_for_arm_5.60a/lib/libm_v7em_fpv4_sp_d16_hard_t_le_eabi.a(libm_asm.o)
                              /usr/share/segger_embedded_studio_for_arm_5.60a/lib/libc_v7em_fpv4_sp_d16_hard_t_le_eabi.a(libc2.o) (__aeabi_dadd)
/usr/share/segger_embedded_studio_for_arm_5.60a/lib/libm_v7em_fpv4_sp_d16_hard_t_le_eabi.a(libm2.o)
                              /usr/share/segger_embedded_studio_for_arm_5.60a/lib/libc_v7em_fpv4_sp_d16_hard_t_le_eabi.a(libvfprintf.o) (frexp)

Discarded input sections

 .text          0x0000000000000000        0x0 Output/Release/Obj/twi_sensor_pca10056/thumb_crt0.o
 .data          0x0000000000000000        0x0 Output/Release/Obj/twi_sensor_pca10056/thumb_crt0.o
 .bss           0x0000000000000000        0x0 Output/Release/Obj/twi_sensor_pca10056/thumb_crt0.o
 .text.__aeabi_read_tp
                0x0000000000000000        0x8 Output/Release/Obj/twi_sensor_pca10056/thumb_crt0.o
 .text.abort    0x0000000000000000        0x2 Output/Release/Obj/twi_sensor_pca10056/thumb_crt0.o
 .text.__assert
                0x0000000000000000        0x2 Output/Release/Obj/twi_sensor_pca10056/thumb_crt0.o
 .text.__assert_func
                0x0000000000000000        0x2 Output/Release/Obj/twi_sensor_pca10056/thumb_crt0.o
 .text.__aeabi_assert
                0x0000000000000000        0x2 Output/Release/Obj/twi_sensor_pca10056/thumb_crt0.o
 .text.__sync_synchronize
                0x0000000000000000        0x2 Output/Release/Obj/twi_sensor_pca10056/thumb_crt0.o
 .text.__getchar
                0x0000000000000000        0x4 Output/Release/Obj/twi_sensor_pca10056/thumb_crt0.o
 .text.__putchar
                0x0000000000000000        0x4 Output/Release/Obj/twi_sensor_pca10056/thumb_crt0.o
 .text.__open   0x0000000000000000        0x4 Output/Release/Obj/twi_sensor_pca10056/thumb_crt0.o
 .text.__close  0x0000000000000000        0x4 Output/Release/Obj/twi_sensor_pca10056/thumb_crt0.o
 .text.__write  0x0000000000000000        0xa Output/Release/Obj/twi_sensor_pca10056/thumb_crt0.o
 .text.__read   0x0000000000000000        0xa Output/Release/Obj/twi_sensor_pca10056/thumb_crt0.o
 .text.__seek   0x0000000000000000       0x1a Output/Release/Obj/twi_sensor_pca10056/thumb_crt0.o
 .text.remove   0x0000000000000000        0x4 Output/Release/Obj/twi_sensor_pca10056/thumb_crt0.o
 .text.rename   0x0000000000000000        0x4 Output/Release/Obj/twi_sensor_pca10056/thumb_crt0.o
 .bss.__user_locale_name_buffer
                0x0000000000000000        0x4 Output/Release/Obj/twi_sensor_pca10056/thumb_crt0.o
 .stack         0x0000000000000000        0x0 Output/Release/Obj/twi_sensor_pca10056/thumb_crt0.o
 .stack_process
                0x0000000000000000        0x0 Output/Release/Obj/twi_sensor_pca10056/thumb_crt0.o
 .heap          0x0000000000000000        0x0 Output/Release/Obj/twi_sensor_pca10056/thumb_crt0.o
 .group         0x0000000000000000        0xc Output/Release/Obj/twi_sensor_pca10056/nrf_log_backend_rtt.o
[...]
Memory Configuration

Name             Origin             Length             Attributes
UNPLACED_SECTIONS 0x0000000100000000 0x0000000000000000 xw
RAM              0x0000000020000000 0x0000000000040000 xw
FLASH            0x0000000000000000 0x0000000000100000 xw
*default*        0x0000000000000000 0xffffffffffffffff

Linker script and memory map

                0x0000000000000000                __do_debug_operation = __do_debug_operation_mempoll
                0x0000000000000000                __vfprintf = __vfprintf_long
                0x0000000000000000                __vfscanf = __vfscanf_int
                0x0000000020000000                __RAM_segment_start__ = 0x20000000
                0x0000000020040000                __RAM_segment_end__ = 0x20040000
                0x0000000000040000                __RAM_segment_size__ = 0x40000
                0x0000000000000000                __FLASH_segment_start__ = 0x0
                0x0000000000100000                __FLASH_segment_end__ = 0x100000
                0x0000000000100000                __FLASH_segment_size__ = 0x100000
                0x0000000000002000                __HEAPSIZE__ = 0x2000
                0x0000000000000000                __STACKSIZE_PROCESS__ = 0x0
                0x0000000000002000                __STACKSIZE__ = 0x2000
                0x0000000020000000                __vectors_ram_load_start__ = 0x20000000

.vectors_ram    0x0000000020000000        0x0
                0x0000000020000000                __vectors_ram_start__ = .
                0x0000000020000000                __app_ram_start__ = __vectors_ram_start__
 *(.vectors_ram .vectors_ram.*)
                0x0000000020000000                __vectors_ram_end__ = (__vectors_ram_start__ + SIZEOF (.vectors_ram))
                0x0000000000000000                __vectors_ram_size__ = SIZEOF (.vectors_ram)
                0x0000000020000000                __vectors_ram_load_end__ = __vectors_ram_end__
                0x0000000000000001                . = ASSERT (((__vectors_ram_start__ == __vectors_ram_end__) || ((__vectors_ram_end__ - __RAM_segment_start__) <= __RAM_segment_size__)), error: .vectors_ram is too large to fit in RAM memory segment)
                0x0000000020000000                __nrf_sections_run_load_start__ = ALIGN (__vectors_ram_end__, 0x4)

.nrf_sections_run
                0x0000000020000000        0x0
                0x0000000020000000                __nrf_sections_run_start__ = .
                0x0000000020000000                __start_nrf_sections_run = __nrf_sections_run_start__
 *(.nrf_sections_run .nrf_sections_run.*)
                0x0000000020000000                __nrf_sections_run_end__ = (__nrf_sections_run_start__ + SIZEOF (.nrf_sections_run))
                0x0000000000000000                __nrf_sections_run_size__ = SIZEOF (.nrf_sections_run)
                0x0000000020000000                __nrf_sections_run_load_end__ = __nrf_sections_run_end__
                0x0000000000000001                . = ASSERT (((__nrf_sections_run_start__ == __nrf_sections_run_end__) || ((__nrf_sections_run_end__ - __RAM_segment_start__) <= __RAM_segment_size__)), error: .nrf_sections_run is too large to fit in RAM memory segment)
                0x0000000000000000                __vectors_load_start__ = 0x0

.vectors        0x0000000000000000      0x100
                0x0000000000000000                __vectors_start__ = .
 *(.vectors .vectors.*)
 .vectors       0x0000000000000000      0x100 Output/Release/Obj/twi_sensor_pca10056/ses_nrf52840_Vectors.o
                0x0000000000000000                _vectors
                0x0000000000000100                __vectors_end__ = (__vectors_start__ + SIZEOF (.vectors))
                0x0000000000000100                __vectors_size__ = SIZEOF (.vectors)
                0x0000000000000100                __vectors_load_end__ = __vectors_end__
                0x0000000000000001                . = ASSERT (((__vectors_start__ == __vectors_end__) || ((__vectors_end__ - __FLASH_segment_start__) <= __FLASH_segment_size__)), error: .vectors is too large to fit in FLASH memory segment)
                0x0000000000000100                __init_load_start__ = ALIGN (__vectors_end__, 0x4)

.init           0x0000000000000100      0x220
                0x0000000000000100                __init_start__ = .
 *(.init .init.*)
 .init          0x0000000000000100      0x15c Output/Release/Obj/twi_sensor_pca10056/thumb_crt0.o
                0x0000000000000100                _start
                0x00000000000001b4                exit
 .init          0x000000000000025c       0x58 Output/Release/Obj/twi_sensor_pca10056/ses_nRF_Startup.o
                0x000000000000025c                Reset_Handler
                0x0000000000000280                InitializeUserMemorySections
 .init          0x00000000000002b4       0x6c Output/Release/Obj/twi_sensor_pca10056/ses_nrf52840_Vectors.o
                0x00000000000002b4                NMI_Handler
                0x00000000000002b6                HardFault_Handler
                0x00000000000002b8                MemoryManagement_Handler
                0x00000000000002ba                BusFault_Handler
                0x00000000000002bc                UsageFault_Handler
                0x00000000000002be                SVC_Handler
                0x00000000000002c0                DebugMon_Handler
                0x00000000000002c2                PendSV_Handler
                0x00000000000002c4                SysTick_Handler
                0x00000000000002c8                POWER_CLOCK_IRQHandler
                0x00000000000002ca                RADIO_IRQHandler
                0x00000000000002d0                SPIM1_SPIS1_TWIM1_TWIS1_SPI1_TWI1_IRQHandler
                0x00000000000002d2                NFCT_IRQHandler
                0x00000000000002d4                GPIOTE_IRQHandler
                0x00000000000002d6                SAADC_IRQHandler
                0x00000000000002d8                TIMER0_IRQHandler
                0x00000000000002da                TIMER1_IRQHandler
                0x00000000000002dc                TIMER2_IRQHandler
                0x00000000000002de                RTC0_IRQHandler
                0x00000000000002e0                TEMP_IRQHandler
                0x00000000000002e2                RNG_IRQHandler
                0x00000000000002e4                ECB_IRQHandler
                0x00000000000002e6                CCM_AAR_IRQHandler
                0x00000000000002e8                WDT_IRQHandler
                0x00000000000002ea                RTC1_IRQHandler
                0x00000000000002ec                QDEC_IRQHandler
                0x00000000000002ee                COMP_LPCOMP_IRQHandler
                0x00000000000002f0                SWI0_EGU0_IRQHandler
                0x00000000000002f2                SWI1_EGU1_IRQHandler
                0x00000000000002f4                SWI2_EGU2_IRQHandler
                0x00000000000002f6                SWI3_EGU3_IRQHandler
                0x00000000000002f8                SWI4_EGU4_IRQHandler
                0x00000000000002fa                SWI5_EGU5_IRQHandler
                0x00000000000002fc                TIMER3_IRQHandler
                0x00000000000002fe                TIMER4_IRQHandler
                0x0000000000000300                PWM0_IRQHandler
                0x0000000000000302                PDM_IRQHandler
                0x0000000000000304                MWU_IRQHandler
                0x0000000000000306                PWM1_IRQHandler
                0x0000000000000308                PWM2_IRQHandler
                0x000000000000030a                SPIM2_SPIS2_SPI2_IRQHandler
                0x000000000000030c                RTC2_IRQHandler
                0x000000000000030e                I2S_IRQHandler
                0x0000000000000310                FPU_IRQHandler
                0x0000000000000312                USBD_IRQHandler
                0x0000000000000314                UARTE1_IRQHandler
                0x0000000000000316                QSPI_IRQHandler
                0x0000000000000318                CRYPTOCELL_IRQHandler
                0x000000000000031a                SPIM3_IRQHandler
                0x000000000000031c                PWM3_IRQHandler
                0x0000000000000320                __init_end__ = (__init_start__ + SIZEOF (.init))
                0x0000000000000220                __init_size__ = SIZEOF (.init)
                0x0000000000000320                __init_load_end__ = __init_end__
                0x0000000000000001                . = ASSERT (((__init_start__ == __init_end__) || ((__init_end__ - __FLASH_segment_start__) <= __FLASH_segment_size__)), error: .init is too large to fit in FLASH memory segment)
                0x0000000000000320                __init_rodata_load_start__ = ALIGN (__init_end__, 0x4)

.init_rodata    0x0000000000000320        0x0
                0x0000000000000320                __init_rodata_start__ = .
 *(.init_rodata .init_rodata.*)
                0x0000000000000320                __init_rodata_end__ = (__init_rodata_start__ + SIZEOF (.init_rodata))
                0x0000000000000000                __init_rodata_size__ = SIZEOF (.init_rodata)
                0x0000000000000320                __init_rodata_load_end__ = __init_rodata_end__
                0x0000000000000001                . = ASSERT (((__init_rodata_start__ == __init_rodata_end__) || ((__init_rodata_end__ - __FLASH_segment_start__) <= __FLASH_segment_size__)), error: .init_rodata is too large to fit in FLASH memory segment)
                0x0000000000000320                __text_load_start__ = ALIGN (__init_rodata_end__, 0x4)

.text           0x0000000000000320     0x26a2
                0x0000000000000320                __text_start__ = .
 *(.text .text.* .glue_7t .glue_7 .gnu.linkonce.t.* .gcc_except_table .ARM.extab* .gnu.linkonce.armextab.*)
 .glue_7        0x0000000000000320        0x0 linker stubs
 .glue_7t       0x0000000000000320        0x0 linker stubs
 .text.nrf_log_backend_serial_put
                0x0000000000000320       0xc2 Output/Release/Obj/twi_sensor_pca10056/nrf_log_backend_serial.o
                0x0000000000000320                nrf_log_backend_serial_put
 *fill*         0x00000000000003e2        0x2 
 .text.uart_evt_handler
                0x00000000000003e4        0xc Output/Release/Obj/twi_sensor_pca10056/nrf_log_backend_uart.o
 .text.nrf_log_backend_uart_flush
                0x00000000000003f0        0x2 Output/Release/Obj/twi_sensor_pca10056/nrf_log_backend_uart.o
 *fill*         0x00000000000003f2        0x2 
 .text.uart_init
                0x00000000000003f4       0x4c Output/Release/Obj/twi_sensor_pca10056/nrf_log_backend_uart.o
 .text.nrf_log_backend_uart_put
                0x0000000000000440       0x1c Output/Release/Obj/twi_sensor_pca10056/nrf_log_backend_uart.o
 .text.serial_tx
                0x000000000000045c       0x48 Output/Release/Obj/twi_sensor_pca10056/nrf_log_backend_uart.o
 .text.nrf_log_backend_uart_panic_set
                0x00000000000004a4       0x2c Output/Release/Obj/twi_sensor_pca10056/nrf_log_backend_uart.o
 .text.nrf_log_backend_uart_init
                0x00000000000004d0        0x6 Output/Release/Obj/twi_sensor_pca10056/nrf_log_backend_uart.o
                0x00000000000004d0                nrf_log_backend_uart_init
 *fill*         0x00000000000004d6        0x2 
 .text.nrf_log_default_backends_init
                0x00000000000004d8       0x1c Output/Release/Obj/twi_sensor_pca10056/nrf_log_default_backends.o
                0x00000000000004d8                nrf_log_default_backends_init
 .text.invalid_packets_pushed_str_omit
                0x00000000000004f4       0x50 Output/Release/Obj/twi_sensor_pca10056/nrf_log_frontend.o
 .text.buf_prealloc
                0x0000000000000544      0x130 Output/Release/Obj/twi_sensor_pca10056/nrf_log_frontend.o
 .text.nrf_log_init
                0x0000000000000674       0x50 Output/Release/Obj/twi_sensor_pca10056/nrf_log_frontend.o
                0x0000000000000674                nrf_log_init
 .text.nrf_log_module_name_get
                0x00000000000006c4       0x38 Output/Release/Obj/twi_sensor_pca10056/nrf_log_frontend.o
                0x00000000000006c4                nrf_log_module_name_get
 .text.nrf_log_color_id_get
                0x00000000000006fc       0x2c Output/Release/Obj/twi_sensor_pca10056/nrf_log_frontend.o
                0x00000000000006fc                nrf_log_color_id_get
 .text.buffer_is_empty
                0x0000000000000728       0x14 Output/Release/Obj/twi_sensor_pca10056/nrf_log_frontend.o
                0x0000000000000728                buffer_is_empty
 .text.nrf_log_frontend_dequeue
                0x000000000000073c      0x220 Output/Release/Obj/twi_sensor_pca10056/nrf_log_frontend.o
                0x000000000000073c                nrf_log_frontend_dequeue
 .text.std_n    0x000000000000095c       0x98 Output/Release/Obj/twi_sensor_pca10056/nrf_log_frontend.o
 .text.nrf_log_frontend_std_0
                0x00000000000009f4        0x8 Output/Release/Obj/twi_sensor_pca10056/nrf_log_frontend.o
                0x00000000000009f4                nrf_log_frontend_std_0
 .text.nrf_log_frontend_std_1
                0x00000000000009fc       0x12 Output/Release/Obj/twi_sensor_pca10056/nrf_log_frontend.o
                0x00000000000009fc                nrf_log_frontend_std_1
 *fill*         0x0000000000000a0e        0x2 
 .text.nrf_log_backend_add
                0x0000000000000a10       0x40 Output/Release/Obj/twi_sensor_pca10056/nrf_log_frontend.o
                0x0000000000000a10                nrf_log_backend_add
 .text.nrf_log_panic
                0x0000000000000a50       0x24 Output/Release/Obj/twi_sensor_pca10056/nrf_log_frontend.o
                0x0000000000000a50                nrf_log_panic
 .text.prefix_process
                0x0000000000000a74       0x7c Output/Release/Obj/twi_sensor_pca10056/nrf_log_str_formatter.o
 .text.postfix_process
                0x0000000000000af0       0x44 Output/Release/Obj/twi_sensor_pca10056/nrf_log_str_formatter.o
 .text.nrf_log_std_entry_process
                0x0000000000000b34       0xc8 Output/Release/Obj/twi_sensor_pca10056/nrf_log_str_formatter.o
                0x0000000000000b34                nrf_log_std_entry_process
 .text.nrf_log_hexdump_entry_process
                0x0000000000000bfc       0xb4 Output/Release/Obj/twi_sensor_pca10056/nrf_log_str_formatter.o
                0x0000000000000bfc                nrf_log_hexdump_entry_process
 .text.app_error_handler_bare
                0x0000000000000cb0       0x1a Output/Release/Obj/twi_sensor_pca10056/app_error.o
                0x0000000000000cb0                app_error_handler_bare
 *fill*         0x0000000000000cca        0x2 
 .text.app_error_fault_handler
                0x0000000000000ccc       0x68 Output/Release/Obj/twi_sensor_pca10056/app_error_weak.o
                0x0000000000000ccc                app_error_fault_handler
 .text.app_util_disable_irq
                0x0000000000000d34       0x10 Output/Release/Obj/twi_sensor_pca10056/app_util_platform.o
                0x0000000000000d34                app_util_disable_irq
 .text.app_util_enable_irq
                0x0000000000000d44       0x14 Output/Release/Obj/twi_sensor_pca10056/app_util_platform.o
                0x0000000000000d44                app_util_enable_irq
 .text.app_util_critical_region_enter
                0x0000000000000d58        0x4 Output/Release/Obj/twi_sensor_pca10056/app_util_platform.o
                0x0000000000000d58                app_util_critical_region_enter
 .text.app_util_critical_region_exit
                0x0000000000000d5c        0x4 Output/Release/Obj/twi_sensor_pca10056/app_util_platform.o
                0x0000000000000d5c                app_util_critical_region_exit
 .text.nrf_atomic_u32_fetch_store
                0x0000000000000d60       0x16 Output/Release/Obj/twi_sensor_pca10056/nrf_atomic.o
                0x0000000000000d60                nrf_atomic_u32_fetch_store
 .text.nrf_atomic_u32_or
                0x0000000000000d76       0x18 Output/Release/Obj/twi_sensor_pca10056/nrf_atomic.o
                0x0000000000000d76                nrf_atomic_u32_or
 .text.nrf_atomic_u32_fetch_and
                0x0000000000000d8e       0x18 Output/Release/Obj/twi_sensor_pca10056/nrf_atomic.o
                0x0000000000000d8e                nrf_atomic_u32_fetch_and
 .text.nrf_atomic_u32_add
                0x0000000000000da6       0x18 Output/Release/Obj/twi_sensor_pca10056/nrf_atomic.o
                0x0000000000000da6                nrf_atomic_u32_add
 .text.nrf_atomic_u32_sub
                0x0000000000000dbe       0x18 Output/Release/Obj/twi_sensor_pca10056/nrf_atomic.o
                0x0000000000000dbe                nrf_atomic_u32_sub
 .text.nrf_atomic_flag_set
                0x0000000000000dd6        0x6 Output/Release/Obj/twi_sensor_pca10056/nrf_atomic.o
                0x0000000000000dd6                nrf_atomic_flag_set
 .text.nrf_atomic_flag_clear_fetch
                0x0000000000000ddc        0x6 Output/Release/Obj/twi_sensor_pca10056/nrf_atomic.o
                0x0000000000000ddc                nrf_atomic_flag_clear_fetch
 .text.nrf_balloc_init
                0x0000000000000de2       0x2e Output/Release/Obj/twi_sensor_pca10056/nrf_balloc.o
                0x0000000000000de2                nrf_balloc_init
 .text.nrf_balloc_alloc
                0x0000000000000e10       0x40 Output/Release/Obj/twi_sensor_pca10056/nrf_balloc.o
                0x0000000000000e10                nrf_balloc_alloc
 .text.nrf_balloc_free
                0x0000000000000e50       0x2a Output/Release/Obj/twi_sensor_pca10056/nrf_balloc.o
                0x0000000000000e50                nrf_balloc_free
 .text.nrf_fprintf_buffer_flush
                0x0000000000000e7a       0x16 Output/Release/Obj/twi_sensor_pca10056/nrf_fprintf.o
                0x0000000000000e7a                nrf_fprintf_buffer_flush
 .text.nrf_fprintf
                0x0000000000000e90       0x1c Output/Release/Obj/twi_sensor_pca10056/nrf_fprintf.o
                0x0000000000000e90                nrf_fprintf
 .text.buffer_add
                0x0000000000000eac       0x1e Output/Release/Obj/twi_sensor_pca10056/nrf_fprintf_format.o
 *fill*         0x0000000000000eca        0x2 
 .text.unsigned_print
                0x0000000000000ecc       0xb4 Output/Release/Obj/twi_sensor_pca10056/nrf_fprintf_format.o
 .text.nrf_fprintf_fmt
                0x0000000000000f80      0x294 Output/Release/Obj/twi_sensor_pca10056/nrf_fprintf_format.o
                0x0000000000000f80                nrf_fprintf_fmt
 .text.nrf_memobj_pool_init
                0x0000000000001214        0x4 Output/Release/Obj/twi_sensor_pca10056/nrf_memobj.o
                0x0000000000001214                nrf_memobj_pool_init
 .text.nrf_memobj_free
                0x0000000000001218       0x2c Output/Release/Obj/twi_sensor_pca10056/nrf_memobj.o
                0x0000000000001218                nrf_memobj_free
 .text.nrf_memobj_alloc
                0x0000000000001244       0x5e Output/Release/Obj/twi_sensor_pca10056/nrf_memobj.o
                0x0000000000001244                nrf_memobj_alloc
 .text.nrf_memobj_get
                0x00000000000012a2        0x8 Output/Release/Obj/twi_sensor_pca10056/nrf_memobj.o
                0x00000000000012a2                nrf_memobj_get
 .text.nrf_memobj_put
                0x00000000000012aa       0x1c Output/Release/Obj/twi_sensor_pca10056/nrf_memobj.o
                0x00000000000012aa                nrf_memobj_put
 .text.nrf_memobj_write
                0x00000000000012c6       0x52 Output/Release/Obj/twi_sensor_pca10056/nrf_memobj.o
                0x00000000000012c6                nrf_memobj_write
 .text.nrf_memobj_read
                0x0000000000001318       0x52 Output/Release/Obj/twi_sensor_pca10056/nrf_memobj.o
                0x0000000000001318                nrf_memobj_read
 *fill*         0x000000000000136a        0x2 
 .text.twim_evt_handler
                0x000000000000136c       0x40 Output/Release/Obj/twi_sensor_pca10056/nrf_drv_twi.o
 .text.nrfx_coredep_delay_us.part.0.constprop.0
                0x00000000000013ac       0x10 Output/Release/Obj/twi_sensor_pca10056/nrf_drv_twi.o
 .text.nrf_gpio_pin_set
                0x00000000000013bc       0x20 Output/Release/Obj/twi_sensor_pca10056/nrf_drv_twi.o
 .text.nrf_drv_twi_init
                0x00000000000013dc      0x100 Output/Release/Obj/twi_sensor_pca10056/nrf_drv_twi.o
                0x00000000000013dc                nrf_drv_twi_init
 .text.uarte_evt_handler
                0x00000000000014dc       0x34 Output/Release/Obj/twi_sensor_pca10056/nrf_drv_uart.o
 .text.uart_evt_handler
                0x0000000000001510       0x34 Output/Release/Obj/twi_sensor_pca10056/nrf_drv_uart.o
 .text.nrf_drv_uart_init
                0x0000000000001544       0x7c Output/Release/Obj/twi_sensor_pca10056/nrf_drv_uart.o
                0x0000000000001544                nrf_drv_uart_init
 .text.UARTE0_UART0_IRQHandler
                0x00000000000015c0        0xc Output/Release/Obj/twi_sensor_pca10056/nrfx_prs.o
                0x00000000000015c0                UARTE0_UART0_IRQHandler
 .text.nrfx_prs_acquire
                0x00000000000015cc       0x38 Output/Release/Obj/twi_sensor_pca10056/nrfx_prs.o
                0x00000000000015cc                nrfx_prs_acquire
 .text.nrfx_prs_release
                0x0000000000001604       0x18 Output/Release/Obj/twi_sensor_pca10056/nrfx_prs.o
                0x0000000000001604                nrfx_prs_release
 .text.nrf_twim_event_clear
                0x000000000000161c       0x10 Output/Release/Obj/twi_sensor_pca10056/nrfx_twim.o
 .text.SPIM0_SPIS0_TWIM0_TWIS0_SPI0_TWI0_IRQHandler
                0x000000000000162c      0x140 Output/Release/Obj/twi_sensor_pca10056/nrfx_twim.o
                0x000000000000162c                SPIM0_SPIS0_TWIM0_TWIS0_SPI0_TWI0_IRQHandler
 .text.nrfx_twim_init
                0x000000000000176c      0x114 Output/Release/Obj/twi_sensor_pca10056/nrfx_twim.o
                0x000000000000176c                nrfx_twim_init
 .text.nrfx_twim_enable
                0x0000000000001880       0x20 Output/Release/Obj/twi_sensor_pca10056/nrfx_twim.o
                0x0000000000001880                nrfx_twim_enable
 .text.nrfx_twim_xfer
                0x00000000000018a0      0x278 Output/Release/Obj/twi_sensor_pca10056/nrfx_twim.o
                0x00000000000018a0                nrfx_twim_xfer
 .text.nrfx_twim_tx
                0x0000000000001b18       0x36 Output/Release/Obj/twi_sensor_pca10056/nrfx_twim.o
                0x0000000000001b18                nrfx_twim_tx
 .text.nrfx_twim_rx
                0x0000000000001b4e       0x32 Output/Release/Obj/twi_sensor_pca10056/nrfx_twim.o
                0x0000000000001b4e                nrfx_twim_rx
 .text.nrf_uart_event_clear
                0x0000000000001b80       0x10 Output/Release/Obj/twi_sensor_pca10056/nrfx_uart.o
 .text.tx_byte  0x0000000000001b90       0x1e Output/Release/Obj/twi_sensor_pca10056/nrfx_uart.o
 .text.rx_byte  0x0000000000001bae       0x2c Output/Release/Obj/twi_sensor_pca10056/nrfx_uart.o
 *fill*         0x0000000000001bda        0x2 
 .text.rx_done_event.constprop.0
                0x0000000000001bdc       0x20 Output/Release/Obj/twi_sensor_pca10056/nrfx_uart.o
 .text.nrfx_uart_0_irq_handler
                0x0000000000001bfc      0x140 Output/Release/Obj/twi_sensor_pca10056/nrfx_uart.o
                0x0000000000001bfc                nrfx_uart_0_irq_handler
 .text.nrf_gpio_cfg_default
                0x0000000000001d3c       0x20 Output/Release/Obj/twi_sensor_pca10056/nrfx_uart.o
 .text.nrfx_uart_init
                0x0000000000001d5c      0x1b4 Output/Release/Obj/twi_sensor_pca10056/nrfx_uart.o
                0x0000000000001d5c                nrfx_uart_init
 .text.nrfx_uart_uninit
                0x0000000000001f10       0xa8 Output/Release/Obj/twi_sensor_pca10056/nrfx_uart.o
                0x0000000000001f10                nrfx_uart_uninit
 .text.nrfx_uart_tx_in_progress
                0x0000000000001fb8       0x18 Output/Release/Obj/twi_sensor_pca10056/nrfx_uart.o
                0x0000000000001fb8                nrfx_uart_tx_in_progress
 .text.nrfx_uart_tx
                0x0000000000001fd0       0x9c Output/Release/Obj/twi_sensor_pca10056/nrfx_uart.o
                0x0000000000001fd0                nrfx_uart_tx
 .text.nrf_uarte_event_clear
                0x000000000000206c       0x10 Output/Release/Obj/twi_sensor_pca10056/nrfx_uarte.o
 .text.rx_done_event.constprop.0
                0x000000000000207c       0x24 Output/Release/Obj/twi_sensor_pca10056/nrfx_uarte.o
 .text.nrfx_uarte_0_irq_handler
                0x00000000000020a0       0xe8 Output/Release/Obj/twi_sensor_pca10056/nrfx_uarte.o
                0x00000000000020a0                nrfx_uarte_0_irq_handler
 .text.nrf_gpio_cfg_default
                0x0000000000002188       0x20 Output/Release/Obj/twi_sensor_pca10056/nrfx_uarte.o
 .text.nrfx_uarte_init
                0x00000000000021a8      0x1c4 Output/Release/Obj/twi_sensor_pca10056/nrfx_uarte.o
                0x00000000000021a8                nrfx_uarte_init
 .text.nrfx_uarte_uninit
                0x000000000000236c       0xa8 Output/Release/Obj/twi_sensor_pca10056/nrfx_uarte.o
                0x000000000000236c                nrfx_uarte_uninit
 .text.nrfx_uarte_tx_in_progress
                0x0000000000002414       0x18 Output/Release/Obj/twi_sensor_pca10056/nrfx_uarte.o
                0x0000000000002414                nrfx_uarte_tx_in_progress
 .text.nrfx_uarte_tx
                0x000000000000242c       0x90 Output/Release/Obj/twi_sensor_pca10056/nrfx_uarte.o
                0x000000000000242c                nrfx_uarte_tx
 .text.twi_handler
                0x00000000000024bc       0x38 Output/Release/Obj/twi_sensor_pca10056/main.o
                0x00000000000024bc                twi_handler
 .text.LM75B_set_mode
                0x00000000000024f4       0x54 Output/Release/Obj/twi_sensor_pca10056/main.o
                0x00000000000024f4                LM75B_set_mode
 .text.twi_init
                0x0000000000002548       0x40 Output/Release/Obj/twi_sensor_pca10056/main.o
                0x0000000000002548                twi_init
 .text.startup.main
                0x0000000000002588       0x90 Output/Release/Obj/twi_sensor_pca10056/main.o
                0x0000000000002588                main
 .text.errata_98
                0x0000000000002618       0x1a Output/Release/Obj/twi_sensor_pca10056/system_nrf52840.o
 *fill*         0x0000000000002632        0x2 
 .text.SystemInit
                0x0000000000002634      0x1bc Output/Release/Obj/twi_sensor_pca10056/system_nrf52840.o
                0x0000000000002634                SystemInit
 .text.libc.__RAL_ascii_isctype
                0x00000000000027f0       0x1c /usr/share/segger_embedded_studio_for_arm_5.60a/lib/libc_v7em_fpv4_sp_d16_hard_t_le_eabi.a(libc2.o)
 .text.libc.__RAL_ascii_toupper
                0x000000000000280c        0xc /usr/share/segger_embedded_studio_for_arm_5.60a/lib/libc_v7em_fpv4_sp_d16_hard_t_le_eabi.a(libc2.o)
 .text.libc.__RAL_ascii_tolower
                0x0000000000002818        0xc /usr/share/segger_embedded_studio_for_arm_5.60a/lib/libc_v7em_fpv4_sp_d16_hard_t_le_eabi.a(libc2.o)
 .text.libc.__RAL_ascii_iswctype
                0x0000000000002824       0x1c /usr/share/segger_embedded_studio_for_arm_5.60a/lib/libc_v7em_fpv4_sp_d16_hard_t_le_eabi.a(libc2.o)
 .text.libc.__RAL_ascii_towupper
                0x0000000000002840        0xc /usr/share/segger_embedded_studio_for_arm_5.60a/lib/libc_v7em_fpv4_sp_d16_hard_t_le_eabi.a(libc2.o)
 .text.libc.__RAL_ascii_towlower
                0x000000000000284c        0xc /usr/share/segger_embedded_studio_for_arm_5.60a/lib/libc_v7em_fpv4_sp_d16_hard_t_le_eabi.a(libc2.o)
 .text.libc.__RAL_ascii_wctomb
                0x0000000000002858        0xe /usr/share/segger_embedded_studio_for_arm_5.60a/lib/libc_v7em_fpv4_sp_d16_hard_t_le_eabi.a(libc2.o)
                0x0000000000002858                __RAL_ascii_wctomb
 .text.libc.__RAL_ascii_mbtowc
                0x0000000000002866       0x24 /usr/share/segger_embedded_studio_for_arm_5.60a/lib/libc_v7em_fpv4_sp_d16_hard_t_le_eabi.a(libc2.o)
                0x0000000000002866                __RAL_ascii_mbtowc
 *fill*         0x000000000000288a        0x2 
 .text.libc.__RAL_isctype
                0x000000000000288c       0x14 /usr/share/segger_embedded_studio_for_arm_5.60a/lib/libc_v7em_fpv4_sp_d16_hard_t_le_eabi.a(libc2.o)
                0x000000000000288c                __RAL_isctype
 .text.libc.isprint
                0x00000000000028a0        0xa /usr/share/segger_embedded_studio_for_arm_5.60a/lib/libc_v7em_fpv4_sp_d16_hard_t_le_eabi.a(libc2.o)
                0x00000000000028a0                isprint
 .text.libc.memcpy
                0x00000000000028aa       0x52 /usr/share/segger_embedded_studio_for_arm_5.60a/lib/libc_v7em_fpv4_sp_d16_hard_t_le_eabi.a(libc2_asm.o)
                0x00000000000028aa                memcpy
                0x00000000000028aa                __aeabi_memcpy
                0x00000000000028b6                __aeabi_memcpy4
                0x00000000000028b6                __aeabi_memcpy8
 .text.libc.memset
                0x00000000000028fc       0x66 /usr/share/segger_embedded_studio_for_arm_5.60a/lib/libc_v7em_fpv4_sp_d16_hard_t_le_eabi.a(libc2_asm.o)
                0x00000000000028fc                memset
 .text.libc.strlen
                0x0000000000002962       0x60 /usr/share/segger_embedded_studio_for_arm_5.60a/lib/libc_v7em_fpv4_sp_d16_hard_t_le_eabi.a(libc2_asm.o)
                0x0000000000002962                strlen
                0x00000000000029c2                __text_end__ = (__text_start__ + SIZEOF (.text))
                0x00000000000026a2                __text_size__ = SIZEOF (.text)
                0x00000000000029c2                __text_load_end__ = __text_end__

.vfp11_veneer   0x0000000100000000        0x0
 .vfp11_veneer  0x0000000100000000        0x0 linker stubs

.v4_bx          0x0000000100000000        0x0
 .v4_bx         0x0000000100000000        0x0 linker stubs

.iplt           0x0000000100000000        0x0
 .iplt          0x0000000100000000        0x0 Output/Release/Obj/twi_sensor_pca10056/thumb_crt0.o
                0x0000000000000001                . = ASSERT (((__text_start__ == __text_end__) || ((__text_end__ - __FLASH_segment_start__) <= __FLASH_segment_size__)), error: .text is too large to fit in FLASH memory segment)
                0x00000000000029c4                __log_const_data_load_start__ = ALIGN (__text_end__, 0x4)

.log_const_data
                0x00000000000029c4       0x30
                0x00000000000029c4                __log_const_data_start__ = .
                0x00000000000029c4                __start_log_const_data = __log_const_data_start__
 *(SORT_BY_NAME(.log_const_data*))
 .log_const_data_PRS
                0x00000000000029c4        0x8 Output/Release/Obj/twi_sensor_pca10056/nrfx_prs.o
                0x00000000000029c4                m_nrf_log_PRS_logs_data_const
 .log_const_data_TWIM
                0x00000000000029cc        0x8 Output/Release/Obj/twi_sensor_pca10056/nrfx_twim.o
                0x00000000000029cc                m_nrf_log_TWIM_logs_data_const
 .log_const_data_UART
                0x00000000000029d4        0x8 Output/Release/Obj/twi_sensor_pca10056/nrfx_uart.o
                0x00000000000029d4                m_nrf_log_UART_logs_data_const
 .log_const_data_UARTE
                0x00000000000029dc        0x8 Output/Release/Obj/twi_sensor_pca10056/nrfx_uarte.o
                0x00000000000029dc                m_nrf_log_UARTE_logs_data_const
 .log_const_data_app
                0x00000000000029e4        0x8 Output/Release/Obj/twi_sensor_pca10056/nrf_log_frontend.o
                0x00000000000029e4                m_nrf_log_app_logs_data_const
 .log_const_data_balloc_log_mempool
                0x00000000000029ec        0x8 Output/Release/Obj/twi_sensor_pca10056/nrf_log_frontend.o
                0x00000000000029ec                m_nrf_log_balloc_log_mempool_logs_data_const
                0x00000000000029f4                __log_const_data_end__ = (__log_const_data_start__ + SIZEOF (.log_const_data))
                0x0000000000000030                __log_const_data_size__ = SIZEOF (.log_const_data)
                0x00000000000029f4                __stop_log_const_data = __log_const_data_end__
                0x00000000000029f4                __log_const_data_load_end__ = __log_const_data_end__
                0x0000000000000001                . = ASSERT (((__log_const_data_start__ == __log_const_data_end__) || ((__log_const_data_end__ - __FLASH_segment_start__) <= __FLASH_segment_size__)), error: .log_const_data is too large to fit in FLASH memory segment)
                0x00000000000029f4                __nrf_balloc_load_start__ = ALIGN (__log_const_data_end__, 0x4)

.nrf_balloc     0x00000000000029f4       0x18
                0x00000000000029f4                __nrf_balloc_start__ = .
                0x00000000000029f4                __start_nrf_balloc = __nrf_balloc_start__
 *(.nrf_balloc*)
 .nrf_balloc    0x00000000000029f4       0x18 Output/Release/Obj/twi_sensor_pca10056/nrf_log_frontend.o
                0x00000000000029f4                log_mempool
                0x0000000000002a0c                __nrf_balloc_end__ = (__nrf_balloc_start__ + SIZEOF (.nrf_balloc))
                0x0000000000000018                __nrf_balloc_size__ = SIZEOF (.nrf_balloc)
                0x0000000000002a0c                __stop_nrf_balloc = __nrf_balloc_end__
                0x0000000000002a0c                __nrf_balloc_load_end__ = __nrf_balloc_end__
                0x0000000000000001                . = ASSERT (((__nrf_balloc_start__ == __nrf_balloc_end__) || ((__nrf_balloc_end__ - __FLASH_segment_start__) <= __FLASH_segment_size__)), error: .nrf_balloc is too large to fit in FLASH memory segment)
                0x0000000000002a0c                __nrf_sections_load_start__ = ALIGN (__nrf_balloc_end__, 0x4)

.nrf_sections   0x0000000000002a0c        0x0
                0x0000000000002a0c                __nrf_sections_start__ = .
                0x0000000000002a0c                __start_nrf_sections = __nrf_sections_start__
 *(.nrf_sections .nrf_sections.*)
                0x0000000000002a0c                __nrf_sections_end__ = (__nrf_sections_start__ + SIZEOF (.nrf_sections))
                0x0000000000000000                __nrf_sections_size__ = SIZEOF (.nrf_sections)
                0x0000000000002a0c                __nrf_sections_load_end__ = __nrf_sections_end__
                0x0000000000000001                . = ASSERT (((__nrf_sections_start__ == __nrf_sections_end__) || ((__nrf_sections_end__ - __FLASH_segment_start__) <= __FLASH_segment_size__)), error: .nrf_sections is too large to fit in FLASH memory segment)
                0x0000000000002a0c                __log_dynamic_data_load_start__ = ALIGN (__nrf_sections_end__, 0x4)

.log_dynamic_data
                0x0000000020000000       0x18 load address 0x0000000000002a0c
                0x0000000020000000                __log_dynamic_data_start__ = .
 *(SORT_BY_NAME(.log_dynamic_data*))
 .log_dynamic_data_PRS
                0x0000000020000000        0x4 Output/Release/Obj/twi_sensor_pca10056/nrfx_prs.o
                0x0000000020000000                m_nrf_log_PRS_logs_data_dynamic
 .log_dynamic_data_TWIM
                0x0000000020000004        0x4 Output/Release/Obj/twi_sensor_pca10056/nrfx_twim.o
                0x0000000020000004                m_nrf_log_TWIM_logs_data_dynamic
 .log_dynamic_data_UART
                0x0000000020000008        0x4 Output/Release/Obj/twi_sensor_pca10056/nrfx_uart.o
                0x0000000020000008                m_nrf_log_UART_logs_data_dynamic
 .log_dynamic_data_UARTE
                0x000000002000000c        0x4 Output/Release/Obj/twi_sensor_pca10056/nrfx_uarte.o
                0x000000002000000c                m_nrf_log_UARTE_logs_data_dynamic
 .log_dynamic_data_app
                0x0000000020000010        0x4 Output/Release/Obj/twi_sensor_pca10056/nrf_log_frontend.o
                0x0000000020000010                m_nrf_log_app_logs_data_dynamic
 .log_dynamic_data_balloc_log_mempool
                0x0000000020000014        0x4 Output/Release/Obj/twi_sensor_pca10056/nrf_log_frontend.o
                0x0000000020000014                m_nrf_log_balloc_log_mempool_logs_data_dynamic
                0x0000000020000018                __log_dynamic_data_end__ = (__log_dynamic_data_start__ + SIZEOF (.log_dynamic_data))
                0x0000000000000018                __log_dynamic_data_size__ = SIZEOF (.log_dynamic_data)
                0x0000000000002a24                __log_dynamic_data_load_end__ = (__log_dynamic_data_load_start__ + SIZEOF (.log_dynamic_data))
                0x0000000000000001                . = ASSERT (((__log_dynamic_data_load_start__ == __log_dynamic_data_load_end__) || ((__log_dynamic_data_load_end__ - __FLASH_segment_start__) <= __FLASH_segment_size__)), error: .log_dynamic_data is too large to fit in FLASH memory segment)

.log_dynamic_data_run
                0x0000000020000000        0x0
                0x0000000020000000                __log_dynamic_data_run_start__ = .
                0x0000000020000000                __start_log_dynamic_data = __log_dynamic_data_run_start__
                0x0000000020000018                __log_dynamic_data_run_end__ = (__log_dynamic_data_run_start__ + SIZEOF (.log_dynamic_data))
                0x0000000000000018                __log_dynamic_data_run_size__ = (__log_dynamic_data_run_end__ - __log_dynamic_data_run_start__)
                0x0000000020000018                __stop_log_dynamic_data = __log_dynamic_data_run_end__
                0x0000000020000018                __log_dynamic_data_run_load_end__ = __log_dynamic_data_run_end__
                0x0000000000000001                . = ASSERT (((__log_dynamic_data_run_start__ == __log_dynamic_data_run_end__) || ((__log_dynamic_data_run_end__ - __RAM_segment_start__) <= __RAM_segment_size__)), error: .log_dynamic_data_run is too large to fit in RAM memory segment)
                0x0000000020000018                __nrf_sections_run_end_load_start__ = ALIGN (__log_dynamic_data_run_end__, 0x4)

.nrf_sections_run_end
                0x0000000020000018        0x0
                0x0000000020000018                __nrf_sections_run_end_start__ = .
                0x0000000020000018                __end_nrf_sections_run = __nrf_sections_run_end_start__
 *(.nrf_sections_run_end .nrf_sections_run_end.*)
                0x0000000020000018                __nrf_sections_run_end_end__ = (__nrf_sections_run_end_start__ + SIZEOF (.nrf_sections_run_end))
                0x0000000000000000                __nrf_sections_run_end_size__ = SIZEOF (.nrf_sections_run_end)
                0x0000000020000018                __nrf_sections_run_end_load_end__ = __nrf_sections_run_end_end__
                0x0000000000000001                . = ASSERT (((__nrf_sections_run_end_start__ == __nrf_sections_run_end_end__) || ((__nrf_sections_run_end_end__ - __RAM_segment_start__) <= __RAM_segment_size__)), error: .nrf_sections_run_end is too large to fit in RAM memory segment)
                0x0000000000002a24                __dtors_load_start__ = ALIGN ((__log_dynamic_data_load_start__ + SIZEOF (.log_dynamic_data)), 0x4)

.dtors          0x0000000000002a24        0x0
                0x0000000000002a24                __dtors_start__ = .
 *(SORT_BY_NAME(.dtors.*))
 *(.dtors)
 *(.fini_array)
 *(SORT_BY_NAME(.fini_array.*))
                0x0000000000002a24                __dtors_end__ = (__dtors_start__ + SIZEOF (.dtors))
                0x0000000000000000                __dtors_size__ = SIZEOF (.dtors)
                0x0000000000002a24                __dtors_load_end__ = __dtors_end__
                0x0000000000000001                . = ASSERT (((__dtors_start__ == __dtors_end__) || ((__dtors_end__ - __FLASH_segment_start__) <= __FLASH_segment_size__)), error: .dtors is too large to fit in FLASH memory segment)
                0x0000000000002a24                __ctors_load_start__ = ALIGN (__dtors_end__, 0x4)

.ctors          0x0000000000002a24        0x0
                0x0000000000002a24                __ctors_start__ = .
 *(SORT_BY_NAME(.ctors.*))
 *(.ctors)
 *(.init_array)
 *(SORT_BY_NAME(.init_array.*))
                0x0000000000002a24                __ctors_end__ = (__ctors_start__ + SIZEOF (.ctors))
                0x0000000000000000                __ctors_size__ = SIZEOF (.ctors)
                0x0000000000002a24                __ctors_load_end__ = __ctors_end__
                0x0000000000000001                . = ASSERT (((__ctors_start__ == __ctors_end__) || ((__ctors_end__ - __FLASH_segment_start__) <= __FLASH_segment_size__)), error: .ctors is too large to fit in FLASH memory segment)
                0x0000000000002a24                __rodata_load_start__ = ALIGN (__ctors_end__, 0x4)

.rodata         0x0000000000002a24      0x402
                0x0000000000002a24                __rodata_start__ = .
 *(.rodata .rodata.* .gnu.linkonce.r.*)
 .rodata        0x0000000000002a24       0x20 Output/Release/Obj/twi_sensor_pca10056/nrf_log_backend_uart.o
 .rodata.nrf_log_backend_uart_api
                0x0000000000002a44        0xc Output/Release/Obj/twi_sensor_pca10056/nrf_log_backend_uart.o
                0x0000000000002a44                nrf_log_backend_uart_api
 .rodata.nrf_log_frontend_dequeue.str1.1
                0x0000000000002a50       0x11 Output/Release/Obj/twi_sensor_pca10056/nrf_log_frontend.o
 .rodata.str1.1
                0x0000000000002a61       0x17 Output/Release/Obj/twi_sensor_pca10056/nrf_log_frontend.o
 .rodata.prefix_process.str1.1
                0x0000000000002a78       0x32 Output/Release/Obj/twi_sensor_pca10056/nrf_log_str_formatter.o
 .rodata.postfix_process.str1.1
                0x0000000000002aaa       0x32 Output/Release/Obj/twi_sensor_pca10056/nrf_log_str_formatter.o
                                          0x3 (size before relaxing)
 .rodata.nrf_log_hexdump_entry_process.str1.1
                0x0000000000002aaa        0xf Output/Release/Obj/twi_sensor_pca10056/nrf_log_str_formatter.o
                                         0x11 (size before relaxing)
 .rodata.str1.1
                0x0000000000002ab9       0x4b Output/Release/Obj/twi_sensor_pca10056/nrf_log_str_formatter.o
                                         0x51 (size before relaxing)
 .rodata.m_colors
                0x0000000000002b04       0x24 Output/Release/Obj/twi_sensor_pca10056/nrf_log_str_formatter.o
 .rodata.severity_names
                0x0000000000002b28       0x14 Output/Release/Obj/twi_sensor_pca10056/nrf_log_str_formatter.o
 .rodata.app_error_fault_handler.str1.1
                0x0000000000002b3c       0x19 Output/Release/Obj/twi_sensor_pca10056/app_error_weak.o
 .rodata._aV2C.0
                0x0000000000002b55       0x10 Output/Release/Obj/twi_sensor_pca10056/nrf_fprintf_format.o
 *fill*         0x0000000000002b65        0xb 
 .rodata.delay_bytecode.0
                0x0000000000002b70        0x6 Output/Release/Obj/twi_sensor_pca10056/nrf_drv_twi.o
 .rodata.str1.1
                0x0000000000002b76        0x4 Output/Release/Obj/twi_sensor_pca10056/nrfx_prs.o
 .rodata.str1.1
                0x0000000000002b7a        0x5 Output/Release/Obj/twi_sensor_pca10056/nrfx_twim.o
 .rodata.str1.1
                0x0000000000002b7f        0x5 Output/Release/Obj/twi_sensor_pca10056/nrfx_uart.o
 .rodata.str1.1
                0x0000000000002b84        0x6 Output/Release/Obj/twi_sensor_pca10056/nrfx_uarte.o
 .rodata.twi_handler.str1.1
                0x0000000000002b8a       0x21 Output/Release/Obj/twi_sensor_pca10056/main.o
 .rodata.main.str1.1
                0x0000000000002bab       0x1e Output/Release/Obj/twi_sensor_pca10056/main.o
 *fill*         0x0000000000002bc9        0x7 
 .rodata.delay_bytecode.0
                0x0000000000002bd0        0x6 Output/Release/Obj/twi_sensor_pca10056/main.o
 *fill*         0x0000000000002bd6        0x2 
 .rodata.m_twi  0x0000000000002bd8       0x10 Output/Release/Obj/twi_sensor_pca10056/main.o
 .rodata.libc.__RAL_find_locale.str1.4
                0x0000000000002be8        0xa /usr/share/segger_embedded_studio_for_arm_5.60a/lib/libc_v7em_fpv4_sp_d16_hard_t_le_eabi.a(libc2.o)
 *fill*         0x0000000000002bf2        0x2 
 .rodata.libc.__RAL_ascii_ctype_map
                0x0000000000002bf4       0x80 /usr/share/segger_embedded_studio_for_arm_5.60a/lib/libc_v7em_fpv4_sp_d16_hard_t_le_eabi.a(libc2.o)
                0x0000000000002bf4                __RAL_ascii_ctype_map
 .rodata.libc.__RAL_ascii_ctype_mask
                0x0000000000002c74        0xd /usr/share/segger_embedded_studio_for_arm_5.60a/lib/libc_v7em_fpv4_sp_d16_hard_t_le_eabi.a(libc2.o)
 *fill*         0x0000000000002c81        0x3 
 .rodata.libc.__RAL_c_locale
                0x0000000000002c84        0xc /usr/share/segger_embedded_studio_for_arm_5.60a/lib/libc_v7em_fpv4_sp_d16_hard_t_le_eabi.a(libc2.o)
                0x0000000000002c84                __RAL_c_locale
 .rodata.libc.__RAL_c_locale_abbrev_day_names
                0x0000000000002c90       0x1d /usr/share/segger_embedded_studio_for_arm_5.60a/lib/libc_v7em_fpv4_sp_d16_hard_t_le_eabi.a(libc2.o)
                0x0000000000002c90                __RAL_c_locale_abbrev_day_names
 *fill*         0x0000000000002cad        0x3 
 .rodata.libc.__RAL_c_locale_abbrev_month_names
                0x0000000000002cb0       0x31 /usr/share/segger_embedded_studio_for_arm_5.60a/lib/libc_v7em_fpv4_sp_d16_hard_t_le_eabi.a(libc2.o)
                0x0000000000002cb0                __RAL_c_locale_abbrev_month_names
 *fill*         0x0000000000002ce1        0x3 
 .rodata.libc.__RAL_c_locale_am_pm_indicator
                0x0000000000002ce4        0x7 /usr/share/segger_embedded_studio_for_arm_5.60a/lib/libc_v7em_fpv4_sp_d16_hard_t_le_eabi.a(libc2.o)
                0x0000000000002ce4                __RAL_c_locale_am_pm_indicator
 *fill*         0x0000000000002ceb        0x1 
 .rodata.libc.__RAL_c_locale_data
                0x0000000000002cec       0x58 /usr/share/segger_embedded_studio_for_arm_5.60a/lib/libc_v7em_fpv4_sp_d16_hard_t_le_eabi.a(libc2.o)
                0x0000000000002cec                __RAL_c_locale_data
 .rodata.libc.__RAL_c_locale_date_format
                0x0000000000002d44        0x9 /usr/share/segger_embedded_studio_for_arm_5.60a/lib/libc_v7em_fpv4_sp_d16_hard_t_le_eabi.a(libc2.o)
                0x0000000000002d44                __RAL_c_locale_date_format
 *fill*         0x0000000000002d4d        0x3 
 .rodata.libc.__RAL_c_locale_date_time_format
                0x0000000000002d50        0xf /usr/share/segger_embedded_studio_for_arm_5.60a/lib/libc_v7em_fpv4_sp_d16_hard_t_le_eabi.a(libc2.o)
                0x0000000000002d50                __RAL_c_locale_date_time_format
 *fill*         0x0000000000002d5f        0x1 
 .rodata.libc.__RAL_c_locale_day_names
                0x0000000000002d60       0x3a /usr/share/segger_embedded_studio_for_arm_5.60a/lib/libc_v7em_fpv4_sp_d16_hard_t_le_eabi.a(libc2.o)
                0x0000000000002d60                __RAL_c_locale_day_names
 *fill*         0x0000000000002d9a        0x2 
 .rodata.libc.__RAL_c_locale_month_names
                0x0000000000002d9c       0x57 /usr/share/segger_embedded_studio_for_arm_5.60a/lib/libc_v7em_fpv4_sp_d16_hard_t_le_eabi.a(libc2.o)
                0x0000000000002d9c                __RAL_c_locale_month_names
 *fill*         0x0000000000002df3        0x1 
 .rodata.libc.__RAL_c_locale_time_format
                0x0000000000002df4        0x9 /usr/share/segger_embedded_studio_for_arm_5.60a/lib/libc_v7em_fpv4_sp_d16_hard_t_le_eabi.a(libc2.o)
                0x0000000000002df4                __RAL_c_locale_time_format
 *fill*         0x0000000000002dfd        0x3 
 .rodata.libc.__RAL_codeset_ascii
                0x0000000000002e00       0x20 /usr/share/segger_embedded_studio_for_arm_5.60a/lib/libc_v7em_fpv4_sp_d16_hard_t_le_eabi.a(libc2.o)
                0x0000000000002e00                __RAL_codeset_ascii
 .rodata.libc.__RAL_data_empty_string
                0x0000000000002e20        0x1 /usr/share/segger_embedded_studio_for_arm_5.60a/lib/libc_v7em_fpv4_sp_d16_hard_t_le_eabi.a(libc2.o)
                0x0000000000002e20                __RAL_data_empty_string
 *fill*         0x0000000000002e21        0x3 
 .rodata.libc.__RAL_data_utf8_period
                0x0000000000002e24        0x2 /usr/share/segger_embedded_studio_for_arm_5.60a/lib/libc_v7em_fpv4_sp_d16_hard_t_le_eabi.a(libc2.o)
                0x0000000000002e24                __RAL_data_utf8_period
                0x0000000000002e26                __rodata_end__ = (__rodata_start__ + SIZEOF (.rodata))
                0x0000000000000402                __rodata_size__ = SIZEOF (.rodata)
                0x0000000000002e26                __rodata_load_end__ = __rodata_end__

.rel.dyn        0x0000000000002e28        0x0
 .rel.iplt      0x0000000000002e28        0x0 Output/Release/Obj/twi_sensor_pca10056/thumb_crt0.o
                0x0000000000000001                . = ASSERT (((__rodata_start__ == __rodata_end__) || ((__rodata_end__ - __FLASH_segment_start__) <= __FLASH_segment_size__)), error: .rodata is too large to fit in FLASH memory segment)
                0x0000000000002e28                __ARM.exidx_load_start__ = ALIGN (__rodata_end__, 0x4)

.ARM.exidx      0x0000000000002e28        0x0
                0x0000000000002e28                __ARM.exidx_start__ = .
                0x0000000000002e28                __exidx_start = __ARM.exidx_start__
 *(.ARM.exidx .ARM.exidx.*)
                0x0000000000002e28                __ARM.exidx_end__ = (__ARM.exidx_start__ + SIZEOF (.ARM.exidx))
                0x0000000000000000                __ARM.exidx_size__ = SIZEOF (.ARM.exidx)
                0x0000000000002e28                __exidx_end = __ARM.exidx_end__
                0x0000000000002e28                __ARM.exidx_load_end__ = __ARM.exidx_end__
                0x0000000000000001                . = ASSERT (((__ARM.exidx_start__ == __ARM.exidx_end__) || ((__ARM.exidx_end__ - __FLASH_segment_start__) <= __FLASH_segment_size__)), error: .ARM.exidx is too large to fit in FLASH memory segment)
                0x0000000000002e28                __fast_load_start__ = ALIGN (__ARM.exidx_end__, 0x4)

.fast           0x0000000020000018        0x0 load address 0x0000000000002e28
                0x0000000020000018                __fast_start__ = .
 *(.fast .fast.*)
                0x0000000020000018                __fast_end__ = (__fast_start__ + SIZEOF (.fast))
                0x0000000000000000                __fast_size__ = SIZEOF (.fast)
                0x0000000000002e28                __fast_load_end__ = (__fast_load_start__ + SIZEOF (.fast))
                0x0000000000000001                . = ASSERT (((__fast_load_start__ == __fast_load_end__) || ((__fast_load_end__ - __FLASH_segment_start__) <= __FLASH_segment_size__)), error: .fast is too large to fit in FLASH memory segment)

.fast_run       0x0000000020000018        0x0
                0x0000000020000018                __fast_run_start__ = .
                0x0000000020000018                __fast_run_end__ = (__fast_run_start__ + SIZEOF (.fast))
                0x0000000000000000                __fast_run_size__ = (__fast_run_end__ - __fast_run_start__)
                0x0000000020000018                __fast_run_load_end__ = __fast_run_end__
                0x0000000000000001                . = ASSERT (((__fast_run_start__ == __fast_run_end__) || ((__fast_run_end__ - __RAM_segment_start__) <= __RAM_segment_size__)), error: .fast_run is too large to fit in RAM memory segment)
                0x0000000000002e28                __data_load_start__ = ALIGN ((__fast_load_start__ + SIZEOF (.fast)), 0x4)

.data           0x0000000020000018       0x38 load address 0x0000000000002e28
                0x0000000020000018                __data_start__ = .
 *(.data .data.* .gnu.linkonce.d.*)
 .data.m_uart   0x0000000020000018       0x14 Output/Release/Obj/twi_sensor_pca10056/nrf_log_backend_uart.o
                0x0000000020000018                m_uart
 .data.uart_log_backend
                0x000000002000002c        0xc Output/Release/Obj/twi_sensor_pca10056/nrf_log_default_backends.o
 .data.SystemCoreClock
                0x0000000020000038        0x4 Output/Release/Obj/twi_sensor_pca10056/system_nrf52840.o
                0x0000000020000038                SystemCoreClock
 .data.libc.__RAL_global_locale
                0x000000002000003c       0x14 /usr/share/segger_embedded_studio_for_arm_5.60a/lib/libc_v7em_fpv4_sp_d16_hard_t_le_eabi.a(libc2.o)
                0x000000002000003c                __RAL_global_locale
                0x0000000020000050                __data_end__ = (__data_start__ + SIZEOF (.data))
                0x0000000000000038                __data_size__ = SIZEOF (.data)
                0x0000000000002e60                __data_load_end__ = (__data_load_start__ + SIZEOF (.data))

.igot.plt       0x0000000100000000        0x0
 .igot.plt      0x0000000100000000        0x0 Output/Release/Obj/twi_sensor_pca10056/thumb_crt0.o
                0x0000000000000001                . = ASSERT (((__data_load_start__ == __data_load_end__) || ((__data_load_end__ - __FLASH_segment_start__) <= __FLASH_segment_size__)), error: .data is too large to fit in FLASH memory segment)

.data_run       0x0000000020000018        0x0
                0x0000000020000018                __data_run_start__ = .
                0x0000000020000050                __data_run_end__ = (__data_run_start__ + SIZEOF (.data))
                0x0000000000000038                __data_run_size__ = (__data_run_end__ - __data_run_start__)
                0x0000000020000050                __data_run_load_end__ = __data_run_end__
                0x0000000000000001                . = ASSERT (((__data_run_start__ == __data_run_end__) || ((__data_run_end__ - __RAM_segment_start__) <= __RAM_segment_size__)), error: .data_run is too large to fit in RAM memory segment)
                0x0000000000002e60                __tdata_load_start__ = ALIGN ((__data_load_start__ + SIZEOF (.data)), 0x4)

.tdata          0x0000000020000050        0x0 load address 0x0000000000002e60
                0x0000000020000050                __tdata_start__ = .
 *(.tdata .tdata.*)
                0x0000000020000050                __tdata_end__ = (__tdata_start__ + SIZEOF (.tdata))
                0x0000000000000000                __tdata_size__ = SIZEOF (.tdata)
                0x0000000000002e60                __tdata_load_end__ = (__tdata_load_start__ + SIZEOF (.tdata))
                0x0000000000002e60                __FLASH_segment_used_end__ = (ALIGN ((__data_load_start__ + SIZEOF (.data)), 0x4) + SIZEOF (.tdata))
                0x0000000000002e60                __FLASH_segment_used_size__ = (__FLASH_segment_used_end__ - __FLASH_segment_start__)
                0x0000000000000001                . = ASSERT (((__tdata_load_start__ == __tdata_load_end__) || ((__tdata_load_end__ - __FLASH_segment_start__) <= __FLASH_segment_size__)), error: .tdata is too large to fit in FLASH memory segment)

.tdata_run      0x0000000020000050        0x0
                0x0000000020000050                __tdata_run_start__ = .
                0x0000000020000050                __tdata_run_end__ = (__tdata_run_start__ + SIZEOF (.tdata))
                0x0000000000000000                __tdata_run_size__ = (__tdata_run_end__ - __tdata_run_start__)
                0x0000000020000050                __tdata_run_load_end__ = __tdata_run_end__
                0x0000000000000001                . = ASSERT (((__tdata_run_start__ == __tdata_run_end__) || ((__tdata_run_end__ - __RAM_segment_start__) <= __RAM_segment_size__)), error: .tdata_run is too large to fit in RAM memory segment)
                0x0000000020000050                __bss_load_start__ = ALIGN (__tdata_run_end__, 0x4)

.bss            0x0000000020000050      0x5ee
                0x0000000020000050                __bss_start__ = .
 *(.bss .bss.* .gnu.linkonce.b.*)
 .bss.m_async_mode
                0x0000000020000050        0x1 Output/Release/Obj/twi_sensor_pca10056/nrf_log_backend_uart.o
 .bss.m_string_buff
                0x0000000020000051       0x40 Output/Release/Obj/twi_sensor_pca10056/nrf_log_backend_uart.o
 .bss.m_xfer_done
                0x0000000020000091        0x1 Output/Release/Obj/twi_sensor_pca10056/nrf_log_backend_uart.o
 *fill*         0x0000000020000092        0x2 
 .bss.log_mempool_nrf_balloc_cb
                0x0000000020000094        0x8 Output/Release/Obj/twi_sensor_pca10056/nrf_log_frontend.o
 .bss.log_mempool_nrf_balloc_pool_mem
                0x000000002000009c       0xc0 Output/Release/Obj/twi_sensor_pca10056/nrf_log_frontend.o
 .bss.log_mempool_nrf_balloc_pool_stack
                0x000000002000015c        0x8 Output/Release/Obj/twi_sensor_pca10056/nrf_log_frontend.o
 .bss.m_log_data
                0x0000000020000164      0x424 Output/Release/Obj/twi_sensor_pca10056/nrf_log_frontend.o
 .bss.m_in_critical_region
                0x0000000020000588        0x4 Output/Release/Obj/twi_sensor_pca10056/app_util_platform.o
 .bss.m_contexts
                0x000000002000058c        0x8 Output/Release/Obj/twi_sensor_pca10056/nrf_drv_twi.o
 .bss.m_handlers
                0x0000000020000594        0x8 Output/Release/Obj/twi_sensor_pca10056/nrf_drv_twi.o
 .bss.m_contexts
                0x000000002000059c        0x8 Output/Release/Obj/twi_sensor_pca10056/nrf_drv_uart.o
 .bss.m_handlers
                0x00000000200005a4        0x8 Output/Release/Obj/twi_sensor_pca10056/nrf_drv_uart.o
 .bss.nrf_drv_uart_use_easy_dma
                0x00000000200005ac        0x2 Output/Release/Obj/twi_sensor_pca10056/nrf_drv_uart.o
                0x00000000200005ac                nrf_drv_uart_use_easy_dma
 *fill*         0x00000000200005ae        0x2 
 .bss.m_prs_box_4
                0x00000000200005b0        0x8 Output/Release/Obj/twi_sensor_pca10056/nrfx_prs.o
 .bss.m_cb      0x00000000200005b8       0x34 Output/Release/Obj/twi_sensor_pca10056/nrfx_twim.o
 .bss.m_cb      0x00000000200005ec       0x2c Output/Release/Obj/twi_sensor_pca10056/nrfx_uart.o
 .bss.m_cb      0x0000000020000618       0x24 Output/Release/Obj/twi_sensor_pca10056/nrfx_uarte.o
 .bss.m_sample  0x000000002000063c        0x1 Output/Release/Obj/twi_sensor_pca10056/main.o
 .bss.m_xfer_done
                0x000000002000063d        0x1 Output/Release/Obj/twi_sensor_pca10056/main.o
 *(COMMON)
                0x000000002000063e                __bss_end__ = (__bss_start__ + SIZEOF (.bss))
                0x00000000000005ee                __bss_size__ = SIZEOF (.bss)
                0x000000002000063e                __bss_load_end__ = __bss_end__
                0x0000000000000001                . = ASSERT (((__bss_start__ == __bss_end__) || ((__bss_end__ - __RAM_segment_start__) <= __RAM_segment_size__)), error: .bss is too large to fit in RAM memory segment)
                0x0000000020000640                __tbss_load_start__ = ALIGN (__bss_end__, 0x4)

.tbss           0x0000000020000640        0x0
                0x0000000020000640                __tbss_start__ = .
 *(.tbss .tbss.*)
                0x0000000020000640                __tbss_end__ = (__tbss_start__ + SIZEOF (.tbss))
                0x0000000000000000                __tbss_size__ = SIZEOF (.tbss)
                0x0000000020000640                __tbss_load_end__ = __tbss_end__
                0x0000000000000001                . = ASSERT (((__tbss_start__ == __tbss_end__) || ((__tbss_end__ - __RAM_segment_start__) <= __RAM_segment_size__)), error: .tbss is too large to fit in RAM memory segment)
                0x0000000020000640                __non_init_load_start__ = ALIGN (__tbss_end__, 0x4)

.non_init       0x0000000020000640        0x0
                0x0000000020000640                __non_init_start__ = .
 *(.non_init .non_init.*)
                0x0000000020000640                __non_init_end__ = (__non_init_start__ + SIZEOF (.non_init))
                0x0000000000000000                __non_init_size__ = SIZEOF (.non_init)
                0x0000000020000640                __non_init_load_end__ = __non_init_end__
                0x0000000000000001                . = ASSERT (((__non_init_start__ == __non_init_end__) || ((__non_init_end__ - __RAM_segment_start__) <= __RAM_segment_size__)), error: .non_init is too large to fit in RAM memory segment)
                0x0000000020000640                __heap_load_start__ = ALIGN (__non_init_end__, 0x4)

.heap           0x0000000020000640     0x2000
                0x0000000020000640                __heap_start__ = .
 *(.heap .heap.*)
                0x0000000020002640                . = ALIGN (MAX ((__heap_start__ + __HEAPSIZE__), .), 0x4)
 *fill*         0x0000000020000640     0x2000 
                0x0000000020002640                __heap_end__ = (__heap_start__ + SIZEOF (.heap))
                0x0000000000002000                __heap_size__ = SIZEOF (.heap)
                0x0000000020002640                __heap_load_end__ = __heap_end__
                0x0000000000000001                . = ASSERT (((__heap_start__ == __heap_end__) || ((__heap_end__ - __RAM_segment_start__) <= __RAM_segment_size__)), error: .heap is too large to fit in RAM memory segment)
                0x000000002003e000                __stack_load_start__ = (__RAM_segment_start__ + (__RAM_segment_size__ - 0x2000))

.stack          0x000000002003e000     0x2000
                0x000000002003e000                __stack_start__ = .
                0x000000002003e000                __StackLimit = __stack_start__
 *(.stack .stack.*)
                0x0000000020040000                . = ALIGN (MAX ((__stack_start__ + __STACKSIZE__), .), 0x8)
 *fill*         0x000000002003e000     0x2000 
                0x0000000020040000                __stack_end__ = (__stack_start__ + SIZEOF (.stack))
                0x0000000000002000                __stack_size__ = SIZEOF (.stack)
                0x0000000020040000                __StackTop = __stack_end__
                0x0000000020040000                __stack_load_end__ = __stack_end__
                0x0000000000000001                . = ASSERT (((__stack_start__ == __stack_end__) || ((__stack_end__ - __RAM_segment_start__) <= __RAM_segment_size__)), error: .stack is too large to fit in RAM memory segment)
                0x0000000000000001                . = ASSERT ((__heap_end__ <= __stack_start__), error: section .heap overlaps absolute placed section .stack)
                0x0000000020040000                __stack_process_load_start__ = ALIGN (__stack_end__, 0x8)

.stack_process  0x0000000020040000        0x0
                0x0000000020040000                __stack_process_start__ = .
 *(.stack_process .stack_process.*)
                0x0000000020040000                . = ALIGN (MAX ((__stack_process_start__ + __STACKSIZE_PROCESS__), .), 0x8)
                0x0000000020040000                __stack_process_end__ = (__stack_process_start__ + SIZEOF (.stack_process))
                0x0000000000000000                __stack_process_size__ = SIZEOF (.stack_process)
                0x0000000020040000                __stack_process_load_end__ = __stack_process_end__
                0x0000000020040000                __RAM_segment_used_end__ = (ALIGN (__stack_end__, 0x8) + SIZEOF (.stack_process))
                0x0000000000040000                __RAM_segment_used_size__ = (__RAM_segment_used_end__ - __RAM_segment_start__)
                0x0000000000000001                . = ASSERT (((__stack_process_start__ == __stack_process_end__) || ((__stack_process_end__ - __RAM_segment_start__) <= __RAM_segment_size__)), error: .stack_process is too large to fit in RAM memory segment)
START GROUP
LOAD Output/Release/Obj/twi_sensor_pca10056/thumb_crt0.o
LOAD Output/Release/Obj/twi_sensor_pca10056/nrf_log_backend_rtt.o
LOAD Output/Release/Obj/twi_sensor_pca10056/nrf_log_backend_serial.o
LOAD Output/Release/Obj/twi_sensor_pca10056/nrf_log_backend_uart.o
LOAD Output/Release/Obj/twi_sensor_pca10056/nrf_log_default_backends.o
LOAD Output/Release/Obj/twi_sensor_pca10056/nrf_log_frontend.o
LOAD Output/Release/Obj/twi_sensor_pca10056/nrf_log_str_formatter.o
LOAD Output/Release/Obj/twi_sensor_pca10056/boards.o
LOAD Output/Release/Obj/twi_sensor_pca10056/app_error.o
LOAD Output/Release/Obj/twi_sensor_pca10056/app_error_handler_gcc.o
LOAD Output/Release/Obj/twi_sensor_pca10056/app_error_weak.o
LOAD Output/Release/Obj/twi_sensor_pca10056/app_util_platform.o
LOAD Output/Release/Obj/twi_sensor_pca10056/nrf_assert.o
LOAD Output/Release/Obj/twi_sensor_pca10056/nrf_atomic.o
LOAD Output/Release/Obj/twi_sensor_pca10056/nrf_balloc.o
LOAD Output/Release/Obj/twi_sensor_pca10056/nrf_fprintf.o
LOAD Output/Release/Obj/twi_sensor_pca10056/nrf_fprintf_format.o
LOAD Output/Release/Obj/twi_sensor_pca10056/nrf_memobj.o
LOAD Output/Release/Obj/twi_sensor_pca10056/nrf_strerror.o
LOAD Output/Release/Obj/twi_sensor_pca10056/nrf_drv_twi.o
LOAD Output/Release/Obj/twi_sensor_pca10056/nrf_drv_uart.o
LOAD Output/Release/Obj/twi_sensor_pca10056/nrfx_prs.o
LOAD Output/Release/Obj/twi_sensor_pca10056/nrfx_twi.o
LOAD Output/Release/Obj/twi_sensor_pca10056/nrfx_twim.o
LOAD Output/Release/Obj/twi_sensor_pca10056/nrfx_uart.o
LOAD Output/Release/Obj/twi_sensor_pca10056/nrfx_uarte.o
LOAD Output/Release/Obj/twi_sensor_pca10056/main.o
LOAD Output/Release/Obj/twi_sensor_pca10056/SEGGER_RTT.o
LOAD Output/Release/Obj/twi_sensor_pca10056/SEGGER_RTT_Syscalls_SES.o
LOAD Output/Release/Obj/twi_sensor_pca10056/SEGGER_RTT_printf.o
LOAD Output/Release/Obj/twi_sensor_pca10056/ses_nRF_Startup.o
LOAD Output/Release/Obj/twi_sensor_pca10056/ses_nrf52840_Vectors.o
LOAD Output/Release/Obj/twi_sensor_pca10056/system_nrf52840.o
LOAD /usr/share/segger_embedded_studio_for_arm_5.60a/lib/libm_v7em_fpv4_sp_d16_hard_t_le_eabi.a
LOAD /usr/share/segger_embedded_studio_for_arm_5.60a/lib/libc_v7em_fpv4_sp_d16_hard_t_le_eabi.a
LOAD /usr/share/segger_embedded_studio_for_arm_5.60a/lib/libdebugio_v7em_fpv4_sp_d16_hard_t_le_eabi.a
END GROUP
OUTPUT(Output/Release/Exe/twi_sensor_pca10056.elf elf32-littlearm)
LOAD linker stubs

.ARM.attributes
                0x0000000000000000       0x30
 .ARM.attributes
                0x0000000000000000       0x20 Output/Release/Obj/twi_sensor_pca10056/thumb_crt0.o
 .ARM.attributes
                0x0000000000000020       0x39 Output/Release/Obj/twi_sensor_pca10056/nrf_log_backend_serial.o
 .ARM.attributes
                0x0000000000000059       0x39 Output/Release/Obj/twi_sensor_pca10056/nrf_log_backend_uart.o
 .ARM.attributes
                0x0000000000000092       0x39 Output/Release/Obj/twi_sensor_pca10056/nrf_log_default_backends.o
 .ARM.attributes
                0x00000000000000cb       0x39 Output/Release/Obj/twi_sensor_pca10056/nrf_log_frontend.o
 .ARM.attributes
                0x0000000000000104       0x39 Output/Release/Obj/twi_sensor_pca10056/nrf_log_str_formatter.o
 .ARM.attributes
                0x000000000000013d       0x39 Output/Release/Obj/twi_sensor_pca10056/app_error.o
 .ARM.attributes
                0x0000000000000176       0x39 Output/Release/Obj/twi_sensor_pca10056/app_error_weak.o
 .ARM.attributes
                0x00000000000001af       0x39 Output/Release/Obj/twi_sensor_pca10056/app_util_platform.o
 .ARM.attributes
                0x00000000000001e8       0x39 Output/Release/Obj/twi_sensor_pca10056/nrf_atomic.o
 .ARM.attributes
                0x0000000000000221       0x39 Output/Release/Obj/twi_sensor_pca10056/nrf_balloc.o
 .ARM.attributes
                0x000000000000025a       0x39 Output/Release/Obj/twi_sensor_pca10056/nrf_fprintf.o
 .ARM.attributes
                0x0000000000000293       0x39 Output/Release/Obj/twi_sensor_pca10056/nrf_fprintf_format.o
 .ARM.attributes
                0x00000000000002cc       0x39 Output/Release/Obj/twi_sensor_pca10056/nrf_memobj.o
 .ARM.attributes
                0x0000000000000305       0x39 Output/Release/Obj/twi_sensor_pca10056/nrf_drv_twi.o
 .ARM.attributes
                0x000000000000033e       0x39 Output/Release/Obj/twi_sensor_pca10056/nrf_drv_uart.o
 .ARM.attributes
                0x0000000000000377       0x39 Output/Release/Obj/twi_sensor_pca10056/nrfx_prs.o
 .ARM.attributes
                0x00000000000003b0       0x39 Output/Release/Obj/twi_sensor_pca10056/nrfx_twim.o
 .ARM.attributes
                0x00000000000003e9       0x39 Output/Release/Obj/twi_sensor_pca10056/nrfx_uart.o
 .ARM.attributes
                0x0000000000000422       0x39 Output/Release/Obj/twi_sensor_pca10056/nrfx_uarte.o
 .ARM.attributes
                0x000000000000045b       0x39 Output/Release/Obj/twi_sensor_pca10056/main.o
 .ARM.attributes
                0x0000000000000494       0x20 Output/Release/Obj/twi_sensor_pca10056/ses_nRF_Startup.o
 .ARM.attributes
                0x00000000000004b4       0x20 Output/Release/Obj/twi_sensor_pca10056/ses_nrf52840_Vectors.o
 .ARM.attributes
                0x00000000000004d4       0x39 Output/Release/Obj/twi_sensor_pca10056/system_nrf52840.o
 .ARM.attributes
                0x000000000000050d       0x34 /usr/share/segger_embedded_studio_for_arm_5.60a/lib/libc_v7em_fpv4_sp_d16_hard_t_le_eabi.a(libc2.o)
 .ARM.attributes
                0x0000000000000541       0x20 /usr/share/segger_embedded_studio_for_arm_5.60a/lib/libc_v7em_fpv4_sp_d16_hard_t_le_eabi.a(libc2_asm.o)

.comment        0x0000000000000000       0x25
 .comment       0x0000000000000000       0x25 Output/Release/Obj/twi_sensor_pca10056/nrf_log_backend_serial.o
                                         0x26 (size before relaxing)
 .comment       0x0000000000000025       0x26 Output/Release/Obj/twi_sensor_pca10056/nrf_log_backend_uart.o
 .comment       0x0000000000000025       0x26 Output/Release/Obj/twi_sensor_pca10056/nrf_log_default_backends.o
 .comment       0x0000000000000025       0x26 Output/Release/Obj/twi_sensor_pca10056/nrf_log_frontend.o
 .comment       0x0000000000000025       0x26 Output/Release/Obj/twi_sensor_pca10056/nrf_log_str_formatter.o
 .comment       0x0000000000000025       0x26 Output/Release/Obj/twi_sensor_pca10056/app_error.o
 .comment       0x0000000000000025       0x26 Output/Release/Obj/twi_sensor_pca10056/app_error_weak.o
 .comment       0x0000000000000025       0x26 Output/Release/Obj/twi_sensor_pca10056/app_util_platform.o
 .comment       0x0000000000000025       0x26 Output/Release/Obj/twi_sensor_pca10056/nrf_atomic.o
 .comment       0x0000000000000025       0x26 Output/Release/Obj/twi_sensor_pca10056/nrf_balloc.o
 .comment       0x0000000000000025       0x26 Output/Release/Obj/twi_sensor_pca10056/nrf_fprintf.o
 .comment       0x0000000000000025       0x26 Output/Release/Obj/twi_sensor_pca10056/nrf_fprintf_format.o
 .comment       0x0000000000000025       0x26 Output/Release/Obj/twi_sensor_pca10056/nrf_memobj.o
 .comment       0x0000000000000025       0x26 Output/Release/Obj/twi_sensor_pca10056/nrf_drv_twi.o
 .comment       0x0000000000000025       0x26 Output/Release/Obj/twi_sensor_pca10056/nrf_drv_uart.o
 .comment       0x0000000000000025       0x26 Output/Release/Obj/twi_sensor_pca10056/nrfx_prs.o
 .comment       0x0000000000000025       0x26 Output/Release/Obj/twi_sensor_pca10056/nrfx_twim.o
 .comment       0x0000000000000025       0x26 Output/Release/Obj/twi_sensor_pca10056/nrfx_uart.o
 .comment       0x0000000000000025       0x26 Output/Release/Obj/twi_sensor_pca10056/nrfx_uarte.o
 .comment       0x0000000000000025       0x26 Output/Release/Obj/twi_sensor_pca10056/main.o
 .comment       0x0000000000000025       0x26 Output/Release/Obj/twi_sensor_pca10056/system_nrf52840.o
 .comment       0x0000000000000025       0x26 /usr/share/segger_embedded_studio_for_arm_5.60a/lib/libc_v7em_fpv4_sp_d16_hard_t_le_eabi.a(libc2.o)

.debug_line     0x0000000000000000     0xd2bb
 .debug_line    0x0000000000000000      0x212 Output/Release/Obj/twi_sensor_pca10056/thumb_crt0.o
 .debug_line    0x0000000000000212      0x719 Output/Release/Obj/twi_sensor_pca10056/nrf_log_backend_serial.o
 .debug_line    0x000000000000092b      0x9a8 Output/Release/Obj/twi_sensor_pca10056/nrf_log_backend_uart.o
 .debug_line    0x00000000000012d3      0x614 Output/Release/Obj/twi_sensor_pca10056/nrf_log_default_backends.o
 .debug_line    0x00000000000018e7     0x13b8 Output/Release/Obj/twi_sensor_pca10056/nrf_log_frontend.o
 .debug_line    0x0000000000002c9f      0x805 Output/Release/Obj/twi_sensor_pca10056/nrf_log_str_formatter.o
 .debug_line    0x00000000000034a4      0x3d7 Output/Release/Obj/twi_sensor_pca10056/app_error.o
 .debug_line    0x000000000000387b      0x71b Output/Release/Obj/twi_sensor_pca10056/app_error_weak.o
 .debug_line    0x0000000000003f96      0x455 Output/Release/Obj/twi_sensor_pca10056/app_util_platform.o
 .debug_line    0x00000000000043eb      0x6bd Output/Release/Obj/twi_sensor_pca10056/nrf_atomic.o
 .debug_line    0x0000000000004aa8      0x6e8 Output/Release/Obj/twi_sensor_pca10056/nrf_balloc.o
 .debug_line    0x0000000000005190      0x3f9 Output/Release/Obj/twi_sensor_pca10056/nrf_fprintf.o
 .debug_line    0x0000000000005589      0x852 Output/Release/Obj/twi_sensor_pca10056/nrf_fprintf_format.o
 .debug_line    0x0000000000005ddb      0x854 Output/Release/Obj/twi_sensor_pca10056/nrf_memobj.o
 .debug_line    0x000000000000662f      0x8b5 Output/Release/Obj/twi_sensor_pca10056/nrf_drv_twi.o
 .debug_line    0x0000000000006ee4      0x689 Output/Release/Obj/twi_sensor_pca10056/nrf_drv_uart.o
 .debug_line    0x000000000000756d      0x75d Output/Release/Obj/twi_sensor_pca10056/nrfx_prs.o
 .debug_line    0x0000000000007cca     0x1617 Output/Release/Obj/twi_sensor_pca10056/nrfx_twim.o
 .debug_line    0x00000000000092e1     0x17b7 Output/Release/Obj/twi_sensor_pca10056/nrfx_uart.o
 .debug_line    0x000000000000aa98     0x15c2 Output/Release/Obj/twi_sensor_pca10056/nrfx_uarte.o
 .debug_line    0x000000000000c05a      0xb98 Output/Release/Obj/twi_sensor_pca10056/main.o
 .debug_line    0x000000000000cbf2       0xc9 Output/Release/Obj/twi_sensor_pca10056/ses_nRF_Startup.o
 .debug_line    0x000000000000ccbb       0xdb Output/Release/Obj/twi_sensor_pca10056/ses_nrf52840_Vectors.o
 .debug_line    0x000000000000cd96      0x525 Output/Release/Obj/twi_sensor_pca10056/system_nrf52840.o

.debug_info     0x0000000000000000    0x15bc1
 .debug_info    0x0000000000000000       0x22 Output/Release/Obj/twi_sensor_pca10056/thumb_crt0.o
 .debug_info    0x0000000000000022      0x7b8 Output/Release/Obj/twi_sensor_pca10056/nrf_log_backend_serial.o
 .debug_info    0x00000000000007da     0x10fd Output/Release/Obj/twi_sensor_pca10056/nrf_log_backend_uart.o
 .debug_info    0x00000000000018d7      0x2a5 Output/Release/Obj/twi_sensor_pca10056/nrf_log_default_backends.o
 .debug_info    0x0000000000001b7c     0x2456 Output/Release/Obj/twi_sensor_pca10056/nrf_log_frontend.o
 .debug_info    0x0000000000003fd2      0x7a6 Output/Release/Obj/twi_sensor_pca10056/nrf_log_str_formatter.o
 .debug_info    0x0000000000004778      0x2b0 Output/Release/Obj/twi_sensor_pca10056/app_error.o
 .debug_info    0x0000000000004a28      0x468 Output/Release/Obj/twi_sensor_pca10056/app_error_weak.o
 .debug_info    0x0000000000004e90      0x7a1 Output/Release/Obj/twi_sensor_pca10056/app_util_platform.o
 .debug_info    0x0000000000005631      0x933 Output/Release/Obj/twi_sensor_pca10056/nrf_atomic.o
 .debug_info    0x0000000000005f64      0x3e9 Output/Release/Obj/twi_sensor_pca10056/nrf_balloc.o
 .debug_info    0x000000000000634d      0x233 Output/Release/Obj/twi_sensor_pca10056/nrf_fprintf.o
 .debug_info    0x0000000000006580      0x70b Output/Release/Obj/twi_sensor_pca10056/nrf_fprintf_format.o
 .debug_info    0x0000000000006c8b      0x95a Output/Release/Obj/twi_sensor_pca10056/nrf_memobj.o
 .debug_info    0x00000000000075e5     0x14bd Output/Release/Obj/twi_sensor_pca10056/nrf_drv_twi.o
 .debug_info    0x0000000000008aa2     0x118d Output/Release/Obj/twi_sensor_pca10056/nrf_drv_uart.o
 .debug_info    0x0000000000009c2f      0x7f4 Output/Release/Obj/twi_sensor_pca10056/nrfx_prs.o
 .debug_info    0x000000000000a423     0x2e9a Output/Release/Obj/twi_sensor_pca10056/nrfx_twim.o
 .debug_info    0x000000000000d2bd     0x3118 Output/Release/Obj/twi_sensor_pca10056/nrfx_uart.o
 .debug_info    0x00000000000103d5     0x2ff5 Output/Release/Obj/twi_sensor_pca10056/nrfx_uarte.o
 .debug_info    0x00000000000133ca     0x1308 Output/Release/Obj/twi_sensor_pca10056/main.o
 .debug_info    0x00000000000146d2       0x23 Output/Release/Obj/twi_sensor_pca10056/ses_nRF_Startup.o
 .debug_info    0x00000000000146f5       0x23 Output/Release/Obj/twi_sensor_pca10056/ses_nrf52840_Vectors.o
 .debug_info    0x0000000000014718     0x14a9 Output/Release/Obj/twi_sensor_pca10056/system_nrf52840.o

.debug_abbrev   0x0000000000000000     0x3cdd
 .debug_abbrev  0x0000000000000000       0x12 Output/Release/Obj/twi_sensor_pca10056/thumb_crt0.o
 .debug_abbrev  0x0000000000000012      0x214 Output/Release/Obj/twi_sensor_pca10056/nrf_log_backend_serial.o
 .debug_abbrev  0x0000000000000226      0x356 Output/Release/Obj/twi_sensor_pca10056/nrf_log_backend_uart.o
 .debug_abbrev  0x000000000000057c      0x193 Output/Release/Obj/twi_sensor_pca10056/nrf_log_default_backends.o
 .debug_abbrev  0x000000000000070f      0x5fb Output/Release/Obj/twi_sensor_pca10056/nrf_log_frontend.o
 .debug_abbrev  0x0000000000000d0a      0x1f2 Output/Release/Obj/twi_sensor_pca10056/nrf_log_str_formatter.o
 .debug_abbrev  0x0000000000000efc      0x13e Output/Release/Obj/twi_sensor_pca10056/app_error.o
 .debug_abbrev  0x000000000000103a      0x1eb Output/Release/Obj/twi_sensor_pca10056/app_error_weak.o
 .debug_abbrev  0x0000000000001225      0x22d Output/Release/Obj/twi_sensor_pca10056/app_util_platform.o
 .debug_abbrev  0x0000000000001452      0x199 Output/Release/Obj/twi_sensor_pca10056/nrf_atomic.o
 .debug_abbrev  0x00000000000015eb      0x1fc Output/Release/Obj/twi_sensor_pca10056/nrf_balloc.o
 .debug_abbrev  0x00000000000017e7      0x146 Output/Release/Obj/twi_sensor_pca10056/nrf_fprintf.o
 .debug_abbrev  0x000000000000192d      0x2b1 Output/Release/Obj/twi_sensor_pca10056/nrf_fprintf_format.o
 .debug_abbrev  0x0000000000001bde      0x234 Output/Release/Obj/twi_sensor_pca10056/nrf_memobj.o
 .debug_abbrev  0x0000000000001e12      0x3e5 Output/Release/Obj/twi_sensor_pca10056/nrf_drv_twi.o
 .debug_abbrev  0x00000000000021f7      0x23e Output/Release/Obj/twi_sensor_pca10056/nrf_drv_uart.o
 .debug_abbrev  0x0000000000002435      0x2b8 Output/Release/Obj/twi_sensor_pca10056/nrfx_prs.o
 .debug_abbrev  0x00000000000026ed      0x4ff Output/Release/Obj/twi_sensor_pca10056/nrfx_twim.o
 .debug_abbrev  0x0000000000002bec      0x577 Output/Release/Obj/twi_sensor_pca10056/nrfx_uart.o
 .debug_abbrev  0x0000000000003163      0x51e Output/Release/Obj/twi_sensor_pca10056/nrfx_uarte.o
 .debug_abbrev  0x0000000000003681      0x3e0 Output/Release/Obj/twi_sensor_pca10056/main.o
 .debug_abbrev  0x0000000000003a61       0x14 Output/Release/Obj/twi_sensor_pca10056/ses_nRF_Startup.o
 .debug_abbrev  0x0000000000003a75       0x14 Output/Release/Obj/twi_sensor_pca10056/ses_nrf52840_Vectors.o
 .debug_abbrev  0x0000000000003a89      0x254 Output/Release/Obj/twi_sensor_pca10056/system_nrf52840.o

.debug_aranges  0x0000000000000000      0x730
 .debug_aranges
                0x0000000000000000       0x98 Output/Release/Obj/twi_sensor_pca10056/thumb_crt0.o
 .debug_aranges
                0x0000000000000098       0x20 Output/Release/Obj/twi_sensor_pca10056/nrf_log_backend_serial.o
 .debug_aranges
                0x00000000000000b8       0x50 Output/Release/Obj/twi_sensor_pca10056/nrf_log_backend_uart.o
 .debug_aranges
                0x0000000000000108       0x20 Output/Release/Obj/twi_sensor_pca10056/nrf_log_default_backends.o
 .debug_aranges
                0x0000000000000128       0xd0 Output/Release/Obj/twi_sensor_pca10056/nrf_log_frontend.o
 .debug_aranges
                0x00000000000001f8       0x40 Output/Release/Obj/twi_sensor_pca10056/nrf_log_str_formatter.o
 .debug_aranges
                0x0000000000000238       0x28 Output/Release/Obj/twi_sensor_pca10056/app_error.o
 .debug_aranges
                0x0000000000000260       0x20 Output/Release/Obj/twi_sensor_pca10056/app_error_weak.o
 .debug_aranges
                0x0000000000000280       0x48 Output/Release/Obj/twi_sensor_pca10056/app_util_platform.o
 .debug_aranges
                0x00000000000002c8       0xb0 Output/Release/Obj/twi_sensor_pca10056/nrf_atomic.o
 .debug_aranges
                0x0000000000000378       0x30 Output/Release/Obj/twi_sensor_pca10056/nrf_balloc.o
 .debug_aranges
                0x00000000000003a8       0x28 Output/Release/Obj/twi_sensor_pca10056/nrf_fprintf.o
 .debug_aranges
                0x00000000000003d0       0x30 Output/Release/Obj/twi_sensor_pca10056/nrf_fprintf_format.o
 .debug_aranges
                0x0000000000000400       0x50 Output/Release/Obj/twi_sensor_pca10056/nrf_memobj.o
 .debug_aranges
                0x0000000000000450       0x38 Output/Release/Obj/twi_sensor_pca10056/nrf_drv_twi.o
 .debug_aranges
                0x0000000000000488       0x30 Output/Release/Obj/twi_sensor_pca10056/nrf_drv_uart.o
 .debug_aranges
                0x00000000000004b8       0x30 Output/Release/Obj/twi_sensor_pca10056/nrfx_prs.o
 .debug_aranges
                0x00000000000004e8       0x78 Output/Release/Obj/twi_sensor_pca10056/nrfx_twim.o
 .debug_aranges
                0x0000000000000560       0xa8 Output/Release/Obj/twi_sensor_pca10056/nrfx_uart.o
 .debug_aranges
                0x0000000000000608       0x80 Output/Release/Obj/twi_sensor_pca10056/nrfx_uarte.o
 .debug_aranges
                0x0000000000000688       0x38 Output/Release/Obj/twi_sensor_pca10056/main.o
 .debug_aranges
                0x00000000000006c0       0x20 Output/Release/Obj/twi_sensor_pca10056/ses_nRF_Startup.o
 .debug_aranges
                0x00000000000006e0       0x20 Output/Release/Obj/twi_sensor_pca10056/ses_nrf52840_Vectors.o
 .debug_aranges
                0x0000000000000700       0x30 Output/Release/Obj/twi_sensor_pca10056/system_nrf52840.o

.debug_str      0x0000000000000000    0x84ab3
 .debug_str     0x0000000000000000       0xd0 Output/Release/Obj/twi_sensor_pca10056/thumb_crt0.o
 .debug_str     0x00000000000000d0    0x77ad2 Output/Release/Obj/twi_sensor_pca10056/nrf_log_backend_serial.o
                                      0x78a27 (size before relaxing)
 .debug_str     0x0000000000077ba2     0x411a Output/Release/Obj/twi_sensor_pca10056/nrf_log_backend_uart.o
                                      0x7c5ab (size before relaxing)
 .debug_str     0x000000000007bcbc      0x175 Output/Release/Obj/twi_sensor_pca10056/nrf_log_default_backends.o
                                      0x787b4 (size before relaxing)
 .debug_str     0x000000000007be31     0x13c9 Output/Release/Obj/twi_sensor_pca10056/nrf_log_frontend.o
                                      0x79cbe (size before relaxing)
 .debug_str     0x000000000007d1fa      0x315 Output/Release/Obj/twi_sensor_pca10056/nrf_log_str_formatter.o
                                      0x78ab0 (size before relaxing)
 .debug_str     0x000000000007d50f      0x138 Output/Release/Obj/twi_sensor_pca10056/app_error.o
                                      0x6e6da (size before relaxing)
 .debug_str     0x000000000007d647      0x113 Output/Release/Obj/twi_sensor_pca10056/app_error_weak.o
                                      0x78e30 (size before relaxing)
 .debug_str     0x000000000007d75a      0x430 Output/Release/Obj/twi_sensor_pca10056/app_util_platform.o
                                      0x6ef19 (size before relaxing)
 .debug_str     0x000000000007db8a      0x703 Output/Release/Obj/twi_sensor_pca10056/nrf_atomic.o
                                      0x75404 (size before relaxing)
 .debug_str     0x000000000007e28d      0x183 Output/Release/Obj/twi_sensor_pca10056/nrf_balloc.o
                                      0x78b1b (size before relaxing)
 .debug_str     0x000000000007e410      0x146 Output/Release/Obj/twi_sensor_pca10056/nrf_fprintf.o
                                      0x74f95 (size before relaxing)
 .debug_str     0x000000000007e556      0x161 Output/Release/Obj/twi_sensor_pca10056/nrf_fprintf_format.o
                                      0x7509b (size before relaxing)
 .debug_str     0x000000000007e6b7      0x1ee Output/Release/Obj/twi_sensor_pca10056/nrf_memobj.o
                                      0x76f42 (size before relaxing)
 .debug_str     0x000000000007e8a5     0x1b58 Output/Release/Obj/twi_sensor_pca10056/nrf_drv_twi.o
                                      0x79c2e (size before relaxing)
 .debug_str     0x00000000000803fd      0x495 Output/Release/Obj/twi_sensor_pca10056/nrf_drv_uart.o
                                      0x7930b (size before relaxing)
 .debug_str     0x0000000000080892      0x681 Output/Release/Obj/twi_sensor_pca10056/nrfx_prs.o
                                      0x7b4b6 (size before relaxing)
 .debug_str     0x0000000000080f13     0x10b5 Output/Release/Obj/twi_sensor_pca10056/nrfx_twim.o
                                      0x7cea5 (size before relaxing)
 .debug_str     0x0000000000081fc8      0x711 Output/Release/Obj/twi_sensor_pca10056/nrfx_uart.o
                                      0x7c6b1 (size before relaxing)
 .debug_str     0x00000000000826d9      0x8f3 Output/Release/Obj/twi_sensor_pca10056/nrfx_uarte.o
                                      0x7caae (size before relaxing)
 .debug_str     0x0000000000082fcc     0x13d9 Output/Release/Obj/twi_sensor_pca10056/main.o
                                      0x7e7b4 (size before relaxing)
 .debug_str     0x00000000000843a5       0x6f Output/Release/Obj/twi_sensor_pca10056/ses_nRF_Startup.o
                                         0xfb (size before relaxing)
 .debug_str     0x0000000000084414       0x74 Output/Release/Obj/twi_sensor_pca10056/ses_nrf52840_Vectors.o
                                        0x100 (size before relaxing)
 .debug_str     0x0000000000084488      0x62b Output/Release/Obj/twi_sensor_pca10056/system_nrf52840.o
                                      0x6d6b5 (size before relaxing)

.debug_ranges   0x0000000000000000     0x1600
 .debug_ranges  0x0000000000000000       0x90 Output/Release/Obj/twi_sensor_pca10056/thumb_crt0.o
 .debug_ranges  0x0000000000000090       0x28 Output/Release/Obj/twi_sensor_pca10056/nrf_log_backend_serial.o
 .debug_ranges  0x00000000000000b8       0x88 Output/Release/Obj/twi_sensor_pca10056/nrf_log_backend_uart.o
 .debug_ranges  0x0000000000000140       0x10 Output/Release/Obj/twi_sensor_pca10056/nrf_log_default_backends.o
 .debug_ranges  0x0000000000000150      0x378 Output/Release/Obj/twi_sensor_pca10056/nrf_log_frontend.o
 .debug_ranges  0x00000000000004c8       0x48 Output/Release/Obj/twi_sensor_pca10056/nrf_log_str_formatter.o
 .debug_ranges  0x0000000000000510       0x18 Output/Release/Obj/twi_sensor_pca10056/app_error.o
 .debug_ranges  0x0000000000000528       0x28 Output/Release/Obj/twi_sensor_pca10056/app_error_weak.o
 .debug_ranges  0x0000000000000550       0x38 Output/Release/Obj/twi_sensor_pca10056/app_util_platform.o
 .debug_ranges  0x0000000000000588      0x208 Output/Release/Obj/twi_sensor_pca10056/nrf_atomic.o
 .debug_ranges  0x0000000000000790       0x20 Output/Release/Obj/twi_sensor_pca10056/nrf_balloc.o
 .debug_ranges  0x00000000000007b0       0x18 Output/Release/Obj/twi_sensor_pca10056/nrf_fprintf.o
 .debug_ranges  0x00000000000007c8       0x60 Output/Release/Obj/twi_sensor_pca10056/nrf_fprintf_format.o
 .debug_ranges  0x0000000000000828       0x90 Output/Release/Obj/twi_sensor_pca10056/nrf_memobj.o
 .debug_ranges  0x00000000000008b8       0xb8 Output/Release/Obj/twi_sensor_pca10056/nrf_drv_twi.o
 .debug_ranges  0x0000000000000970       0x20 Output/Release/Obj/twi_sensor_pca10056/nrf_drv_uart.o
 .debug_ranges  0x0000000000000990       0x40 Output/Release/Obj/twi_sensor_pca10056/nrfx_prs.o
 .debug_ranges  0x00000000000009d0      0x330 Output/Release/Obj/twi_sensor_pca10056/nrfx_twim.o
 .debug_ranges  0x0000000000000d00      0x438 Output/Release/Obj/twi_sensor_pca10056/nrfx_uart.o
 .debug_ranges  0x0000000000001138      0x3f0 Output/Release/Obj/twi_sensor_pca10056/nrfx_uarte.o
 .debug_ranges  0x0000000000001528       0xb8 Output/Release/Obj/twi_sensor_pca10056/main.o
 .debug_ranges  0x00000000000015e0       0x20 Output/Release/Obj/twi_sensor_pca10056/system_nrf52840.o

.debug_frame    0x0000000000000000     0x1290
 .debug_frame   0x0000000000000000       0x48 Output/Release/Obj/twi_sensor_pca10056/nrf_log_backend_serial.o
 .debug_frame   0x0000000000000048       0xdc Output/Release/Obj/twi_sensor_pca10056/nrf_log_backend_uart.o
 .debug_frame   0x0000000000000124       0x2c Output/Release/Obj/twi_sensor_pca10056/nrf_log_default_backends.o
 .debug_frame   0x0000000000000150      0x300 Output/Release/Obj/twi_sensor_pca10056/nrf_log_frontend.o
 .debug_frame   0x0000000000000450      0x114 Output/Release/Obj/twi_sensor_pca10056/nrf_log_str_formatter.o
 .debug_frame   0x0000000000000564       0x58 Output/Release/Obj/twi_sensor_pca10056/app_error.o
 .debug_frame   0x00000000000005bc       0x2c Output/Release/Obj/twi_sensor_pca10056/app_error_weak.o
 .debug_frame   0x00000000000005e8       0x70 Output/Release/Obj/twi_sensor_pca10056/app_util_platform.o
 .debug_frame   0x0000000000000658      0x1f8 Output/Release/Obj/twi_sensor_pca10056/nrf_atomic.o
 .debug_frame   0x0000000000000850       0x78 Output/Release/Obj/twi_sensor_pca10056/nrf_balloc.o
 .debug_frame   0x00000000000008c8       0x6c Output/Release/Obj/twi_sensor_pca10056/nrf_fprintf.o
 .debug_frame   0x0000000000000934       0xc0 Output/Release/Obj/twi_sensor_pca10056/nrf_fprintf_format.o
 .debug_frame   0x00000000000009f4       0xf8 Output/Release/Obj/twi_sensor_pca10056/nrf_memobj.o
 .debug_frame   0x0000000000000aec       0x90 Output/Release/Obj/twi_sensor_pca10056/nrf_drv_twi.o
 .debug_frame   0x0000000000000b7c       0x88 Output/Release/Obj/twi_sensor_pca10056/nrf_drv_uart.o
 .debug_frame   0x0000000000000c04       0x50 Output/Release/Obj/twi_sensor_pca10056/nrfx_prs.o
 .debug_frame   0x0000000000000c54      0x18c Output/Release/Obj/twi_sensor_pca10056/nrfx_twim.o
 .debug_frame   0x0000000000000de0      0x240 Output/Release/Obj/twi_sensor_pca10056/nrfx_uart.o
 .debug_frame   0x0000000000001020      0x190 Output/Release/Obj/twi_sensor_pca10056/nrfx_uarte.o
 .debug_frame   0x00000000000011b0       0x94 Output/Release/Obj/twi_sensor_pca10056/main.o
 .debug_frame   0x0000000000001244       0x4c Output/Release/Obj/twi_sensor_pca10056/system_nrf52840.o

.debug_loc      0x0000000000000000     0x8902
 .debug_loc     0x0000000000000000      0x186 Output/Release/Obj/twi_sensor_pca10056/nrf_log_backend_serial.o
 .debug_loc     0x0000000000000186      0x2a6 Output/Release/Obj/twi_sensor_pca10056/nrf_log_backend_uart.o
 .debug_loc     0x000000000000042c       0x31 Output/Release/Obj/twi_sensor_pca10056/nrf_log_default_backends.o
 .debug_loc     0x000000000000045d     0x1a53 Output/Release/Obj/twi_sensor_pca10056/nrf_log_frontend.o
 .debug_loc     0x0000000000001eb0      0x368 Output/Release/Obj/twi_sensor_pca10056/nrf_log_str_formatter.o
 .debug_loc     0x0000000000002218       0xcd Output/Release/Obj/twi_sensor_pca10056/app_error.o
 .debug_loc     0x00000000000022e5       0x6f Output/Release/Obj/twi_sensor_pca10056/app_error_weak.o
 .debug_loc     0x0000000000002354       0xda Output/Release/Obj/twi_sensor_pca10056/app_util_platform.o
 .debug_loc     0x000000000000242e      0x45f Output/Release/Obj/twi_sensor_pca10056/nrf_atomic.o
 .debug_loc     0x000000000000288d      0x1c4 Output/Release/Obj/twi_sensor_pca10056/nrf_balloc.o
 .debug_loc     0x0000000000002a51       0x47 Output/Release/Obj/twi_sensor_pca10056/nrf_fprintf.o
 .debug_loc     0x0000000000002a98      0xa5a Output/Release/Obj/twi_sensor_pca10056/nrf_fprintf_format.o
 .debug_loc     0x00000000000034f2      0xb44 Output/Release/Obj/twi_sensor_pca10056/nrf_memobj.o
 .debug_loc     0x0000000000004036      0x47a Output/Release/Obj/twi_sensor_pca10056/nrf_drv_twi.o
 .debug_loc     0x00000000000044b0      0x1b6 Output/Release/Obj/twi_sensor_pca10056/nrf_drv_uart.o
 .debug_loc     0x0000000000004666       0xff Output/Release/Obj/twi_sensor_pca10056/nrfx_prs.o
 .debug_loc     0x0000000000004765     0x13b4 Output/Release/Obj/twi_sensor_pca10056/nrfx_twim.o
 .debug_loc     0x0000000000005b19     0x155d Output/Release/Obj/twi_sensor_pca10056/nrfx_uart.o
 .debug_loc     0x0000000000007076     0x14be Output/Release/Obj/twi_sensor_pca10056/nrfx_uarte.o
 .debug_loc     0x0000000000008534      0x3ce Output/Release/Obj/twi_sensor_pca10056/main.o

.debug_pubnames
                0x0000000000000000     0x4009
 .debug_pubnames
                0x0000000000000000       0x31 Output/Release/Obj/twi_sensor_pca10056/nrf_log_backend_serial.o
 .debug_pubnames
                0x0000000000000031      0x1e4 Output/Release/Obj/twi_sensor_pca10056/nrf_log_backend_uart.o
 .debug_pubnames
                0x0000000000000215      0x109 Output/Release/Obj/twi_sensor_pca10056/nrf_log_default_backends.o
 .debug_pubnames
                0x000000000000031e      0x632 Output/Release/Obj/twi_sensor_pca10056/nrf_log_frontend.o
 .debug_pubnames
                0x0000000000000950      0x1bd Output/Release/Obj/twi_sensor_pca10056/nrf_log_str_formatter.o
 .debug_pubnames
                0x0000000000000b0d       0x6c Output/Release/Obj/twi_sensor_pca10056/app_error.o
 .debug_pubnames
                0x0000000000000b79      0x10e Output/Release/Obj/twi_sensor_pca10056/app_error_weak.o
 .debug_pubnames
                0x0000000000000c87      0x204 Output/Release/Obj/twi_sensor_pca10056/app_util_platform.o
 .debug_pubnames
                0x0000000000000e8b      0x233 Output/Release/Obj/twi_sensor_pca10056/nrf_atomic.o
 .debug_pubnames
                0x00000000000010be      0x126 Output/Release/Obj/twi_sensor_pca10056/nrf_balloc.o
 .debug_pubnames
                0x00000000000011e4       0x3f Output/Release/Obj/twi_sensor_pca10056/nrf_fprintf.o
 .debug_pubnames
                0x0000000000001223       0x67 Output/Release/Obj/twi_sensor_pca10056/nrf_fprintf_format.o
 .debug_pubnames