Archive member included to satisfy reference by file (symbol)

/usr/share/segger_embedded_studio_for_arm_5.60a/lib/libm_v7em_fpv4_sp_d16_hard_t_le_eabi.a(libm_asm.o)
                              Output/Release/Obj/twi_sensor_pca10056_stts22h/main.o (__aeabi_dadd)
/usr/share/segger_embedded_studio_for_arm_5.60a/lib/libm_v7em_fpv4_sp_d16_hard_t_le_eabi.a(fdlibm.o)
                              Output/Release/Obj/twi_sensor_pca10056_stts22h/main.o (round)
/usr/share/segger_embedded_studio_for_arm_5.60a/lib/libm_v7em_fpv4_sp_d16_hard_t_le_eabi.a(libm.o)
                              /usr/share/segger_embedded_studio_for_arm_5.60a/lib/libm_v7em_fpv4_sp_d16_hard_t_le_eabi.a(fdlibm.o) (__mulsc3)
/usr/share/segger_embedded_studio_for_arm_5.60a/lib/libm_v7em_fpv4_sp_d16_hard_t_le_eabi.a(libm2.o)
                              /usr/share/segger_embedded_studio_for_arm_5.60a/lib/libm_v7em_fpv4_sp_d16_hard_t_le_eabi.a(fdlibm.o) (atan2)
/usr/share/segger_embedded_studio_for_arm_5.60a/lib/libm_v7em_fpv4_sp_d16_hard_t_le_eabi.a(libm2_asm.o)
                              /usr/share/segger_embedded_studio_for_arm_5.60a/lib/libm_v7em_fpv4_sp_d16_hard_t_le_eabi.a(fdlibm.o) (sqrtf)
/usr/share/segger_embedded_studio_for_arm_5.60a/lib/libc_v7em_fpv4_sp_d16_hard_t_le_eabi.a(libc2.o)
                              Output/Release/Obj/twi_sensor_pca10056_stts22h/nrf_log_str_formatter.o (isprint)
/usr/share/segger_embedded_studio_for_arm_5.60a/lib/libc_v7em_fpv4_sp_d16_hard_t_le_eabi.a(libc2_asm.o)
                              Output/Release/Obj/twi_sensor_pca10056_stts22h/nrf_log_frontend.o (memcpy)
/usr/share/segger_embedded_studio_for_arm_5.60a/lib/libc_v7em_fpv4_sp_d16_hard_t_le_eabi.a(libvfprintf.o)
                              (__vfprintf_long)
/usr/share/segger_embedded_studio_for_arm_5.60a/lib/libc_v7em_fpv4_sp_d16_hard_t_le_eabi.a(libvfscanf.o)
                              (__vfscanf_int)
/usr/share/segger_embedded_studio_for_arm_5.60a/lib/libc_v7em_fpv4_sp_d16_hard_t_le_eabi.a(libc.o)
                              /usr/share/segger_embedded_studio_for_arm_5.60a/lib/libc_v7em_fpv4_sp_d16_hard_t_le_eabi.a(libc2.o) (__heap_lock)
/usr/share/segger_embedded_studio_for_arm_5.60a/lib/libc_v7em_fpv4_sp_d16_hard_t_le_eabi.a(libc_asm.o)
                              /usr/share/segger_embedded_studio_for_arm_5.60a/lib/libc_v7em_fpv4_sp_d16_hard_t_le_eabi.a(libc2.o) (__aeabi_uldivmod)
/usr/share/segger_embedded_studio_for_arm_5.60a/lib/libdebugio_v7em_fpv4_sp_d16_hard_t_le_eabi.a(libdebugio.o)
                              Output/Release/Obj/twi_sensor_pca10056_stts22h/thumb_crt0.o (debug_fopen)
/usr/share/segger_embedded_studio_for_arm_5.60a/lib/libdebugio_v7em_fpv4_sp_d16_hard_t_le_eabi.a(do_nv_debug_operation.o)
                              /usr/share/segger_embedded_studio_for_arm_5.60a/lib/libdebugio_v7em_fpv4_sp_d16_hard_t_le_eabi.a(libdebugio.o) (__do_nvdebug_operation)
/usr/share/segger_embedded_studio_for_arm_5.60a/lib/libdebugio_v7em_fpv4_sp_d16_hard_t_le_eabi.a(mempoll_debug_operations.o)
                              (__do_debug_operation_mempoll)

Discarded input sections

 .text          0x0000000000000000        0x0 Output/Release/Obj/twi_sensor_pca10056_stts22h/thumb_crt0.o
 .data          0x0000000000000000        0x0 Output/Release/Obj/twi_sensor_pca10056_stts22h/thumb_crt0.o
 .bss           0x0000000000000000        0x0 Output/Release/Obj/twi_sensor_pca10056_stts22h/thumb_crt0.o
 .text.__aeabi_read_tp
                0x0000000000000000        0x8 Output/Release/Obj/twi_sensor_pca10056_stts22h/thumb_crt0.o
 .text.abort    0x0000000000000000        0x2 Output/Release/Obj/twi_sensor_pca10056_stts22h/thumb_crt0.o
 .text.__assert
                0x0000000000000000        0x2 Output/Release/Obj/twi_sensor_pca10056_stts22h/thumb_crt0.o
 .text.__assert_func
                0x0000000000000000        0x2 Output/Release/Obj/twi_sensor_pca10056_stts22h/thumb_crt0.o
 .text.__aeabi_assert
                0x0000000000000000        0x2 Output/Release/Obj/twi_sensor_pca10056_stts22h/thumb_crt0.o
 .text.__sync_synchronize
                0x0000000000000000        0x2 Output/Release/Obj/twi_sensor_pca10056_stts22h/thumb_crt0.o
 .text.__getchar
                0x0000000000000000        0x4 Output/Release/Obj/twi_sensor_pca10056_stts22h/thumb_crt0.o
 .text.__putchar
                0x0000000000000000        0x4 Output/Release/Obj/twi_sensor_pca10056_stts22h/thumb_crt0.o
 .text.__open   0x0000000000000000        0x4 Output/Release/Obj/twi_sensor_pca10056_stts22h/thumb_crt0.o
 .text.__close  0x0000000000000000        0x4 Output/Release/Obj/twi_sensor_pca10056_stts22h/thumb_crt0.o
 .text.__write  0x0000000000000000        0xa Output/Release/Obj/twi_sensor_pca10056_stts22h/thumb_crt0.o
 .text.__read   0x0000000000000000        0xa Output/Release/Obj/twi_sensor_pca10056_stts22h/thumb_crt0.o
 .text.__seek   0x0000000000000000       0x1a Output/Release/Obj/twi_sensor_pca10056_stts22h/thumb_crt0.o
[...]
Memory Configuration

Name             Origin             Length             Attributes
UNPLACED_SECTIONS 0x0000000100000000 0x0000000000000000 xw
RAM              0x0000000020000000 0x0000000000040000 xw
FLASH            0x0000000000000000 0x0000000000100000 xw
*default*        0x0000000000000000 0xffffffffffffffff

Linker script and memory map

                0x0000000000000000                __do_debug_operation = __do_debug_operation_mempoll
                0x0000000000000000                __vfprintf = __vfprintf_long
                0x0000000000000000                __vfscanf = __vfscanf_int
                0x0000000020000000                __RAM_segment_start__ = 0x20000000
                0x0000000020040000                __RAM_segment_end__ = 0x20040000
                0x0000000000040000                __RAM_segment_size__ = 0x40000
                0x0000000000000000                __FLASH_segment_start__ = 0x0
                0x0000000000100000                __FLASH_segment_end__ = 0x100000
                0x0000000000100000                __FLASH_segment_size__ = 0x100000
                0x0000000000002000                __HEAPSIZE__ = 0x2000
                0x0000000000000000                __STACKSIZE_PROCESS__ = 0x0
                0x0000000000002000                __STACKSIZE__ = 0x2000
                0x0000000020000000                __vectors_ram_load_start__ = 0x20000000

.vectors_ram    0x0000000020000000        0x0
                0x0000000020000000                __vectors_ram_start__ = .
                0x0000000020000000                __app_ram_start__ = __vectors_ram_start__
 *(.vectors_ram .vectors_ram.*)
                0x0000000020000000                __vectors_ram_end__ = (__vectors_ram_start__ + SIZEOF (.vectors_ram))
                0x0000000000000000                __vectors_ram_size__ = SIZEOF (.vectors_ram)
                0x0000000020000000                __vectors_ram_load_end__ = __vectors_ram_end__
                0x0000000000000001                . = ASSERT (((__vectors_ram_start__ == __vectors_ram_end__) || ((__vectors_ram_end__ - __RAM_segment_start__) <= __RAM_segment_size__)), error: .vectors_ram is too large to fit in RAM memory segment)
                0x0000000020000000                __nrf_sections_run_load_start__ = ALIGN (__vectors_ram_end__, 0x4)

.nrf_sections_run
                0x0000000020000000        0x0
                0x0000000020000000                __nrf_sections_run_start__ = .
                0x0000000020000000                __start_nrf_sections_run = __nrf_sections_run_start__
 *(.nrf_sections_run .nrf_sections_run.*)
                0x0000000020000000                __nrf_sections_run_end__ = (__nrf_sections_run_start__ + SIZEOF (.nrf_sections_run))
                0x0000000000000000                __nrf_sections_run_size__ = SIZEOF (.nrf_sections_run)
                0x0000000020000000                __nrf_sections_run_load_end__ = __nrf_sections_run_end__
                0x0000000000000001                . = ASSERT (((__nrf_sections_run_start__ == __nrf_sections_run_end__) || ((__nrf_sections_run_end__ - __RAM_segment_start__) <= __RAM_segment_size__)), error: .nrf_sections_run is too large to fit in RAM memory segment)
                0x0000000000000000                __vectors_load_start__ = 0x0

.vectors        0x0000000000000000      0x100
                0x0000000000000000                __vectors_start__ = .
 *(.vectors .vectors.*)
 .vectors       0x0000000000000000      0x100 Output/Release/Obj/twi_sensor_pca10056_stts22h/ses_nrf52840_Vectors.o
                0x0000000000000000                _vectors
                0x0000000000000100                __vectors_end__ = (__vectors_start__ + SIZEOF (.vectors))
                0x0000000000000100                __vectors_size__ = SIZEOF (.vectors)
                0x0000000000000100                __vectors_load_end__ = __vectors_end__
                0x0000000000000001                . = ASSERT (((__vectors_start__ == __vectors_end__) || ((__vectors_end__ - __FLASH_segment_start__) <= __FLASH_segment_size__)), error: .vectors is too large to fit in FLASH memory segment)
                0x0000000000000100                __init_load_start__ = ALIGN (__vectors_end__, 0x4)

.init           0x0000000000000100      0x220
                0x0000000000000100                __init_start__ = .
 *(.init .init.*)
 .init          0x0000000000000100      0x15c Output/Release/Obj/twi_sensor_pca10056_stts22h/thumb_crt0.o
                0x0000000000000100                _start
                0x00000000000001b4                exit
 .init          0x000000000000025c       0x58 Output/Release/Obj/twi_sensor_pca10056_stts22h/ses_nRF_Startup.o
                0x000000000000025c                Reset_Handler
                0x0000000000000280                InitializeUserMemorySections
 .init          0x00000000000002b4       0x6c Output/Release/Obj/twi_sensor_pca10056_stts22h/ses_nrf52840_Vectors.o
                0x00000000000002b4                NMI_Handler
                0x00000000000002b6                HardFault_Handler
                0x00000000000002b8                MemoryManagement_Handler
                0x00000000000002ba                BusFault_Handler
                0x00000000000002bc                UsageFault_Handler
                0x00000000000002be                SVC_Handler
                0x00000000000002c0                DebugMon_Handler
                0x00000000000002c2                PendSV_Handler
                0x00000000000002c4                SysTick_Handler
                0x00000000000002c8                POWER_CLOCK_IRQHandler
                0x00000000000002ca                RADIO_IRQHandler
                0x00000000000002d0                SPIM1_SPIS1_TWIM1_TWIS1_SPI1_TWI1_IRQHandler
                0x00000000000002d2                NFCT_IRQHandler
                0x00000000000002d4                GPIOTE_IRQHandler
                0x00000000000002d6                SAADC_IRQHandler
                0x00000000000002d8                TIMER0_IRQHandler
                0x00000000000002da                TIMER1_IRQHandler
                0x00000000000002dc                TIMER2_IRQHandler
                0x00000000000002de                RTC0_IRQHandler
                0x00000000000002e0                TEMP_IRQHandler
                0x00000000000002e2                RNG_IRQHandler
                0x00000000000002e4                ECB_IRQHandler
                0x00000000000002e6                CCM_AAR_IRQHandler
                0x00000000000002e8                WDT_IRQHandler
                0x00000000000002ea                RTC1_IRQHandler
                0x00000000000002ec                QDEC_IRQHandler
                0x00000000000002ee                COMP_LPCOMP_IRQHandler
                0x00000000000002f0                SWI0_EGU0_IRQHandler
                0x00000000000002f2                SWI1_EGU1_IRQHandler
                0x00000000000002f4                SWI2_EGU2_IRQHandler
                0x00000000000002f6                SWI3_EGU3_IRQHandler
                0x00000000000002f8                SWI4_EGU4_IRQHandler
                0x00000000000002fa                SWI5_EGU5_IRQHandler
                0x00000000000002fc                TIMER3_IRQHandler
                0x00000000000002fe                TIMER4_IRQHandler
                0x0000000000000300                PWM0_IRQHandler
                0x0000000000000302                PDM_IRQHandler
                0x0000000000000304                MWU_IRQHandler
                0x0000000000000306                PWM1_IRQHandler
                0x0000000000000308                PWM2_IRQHandler
                0x000000000000030a                SPIM2_SPIS2_SPI2_IRQHandler
                0x000000000000030c                RTC2_IRQHandler
                0x000000000000030e                I2S_IRQHandler
                0x0000000000000310                FPU_IRQHandler
                0x0000000000000312                USBD_IRQHandler
                0x0000000000000314                UARTE1_IRQHandler
                0x0000000000000316                QSPI_IRQHandler
                0x0000000000000318                CRYPTOCELL_IRQHandler
                0x000000000000031a                SPIM3_IRQHandler
                0x000000000000031c                PWM3_IRQHandler
                0x0000000000000320                __init_end__ = (__init_start__ + SIZEOF (.init))
                0x0000000000000220                __init_size__ = SIZEOF (.init)
                0x0000000000000320                __init_load_end__ = __init_end__
                0x0000000000000001                . = ASSERT (((__init_start__ == __init_end__) || ((__init_end__ - __FLASH_segment_start__) <= __FLASH_segment_size__)), error: .init is too large to fit in FLASH memory segment)
                0x0000000000000320                __init_rodata_load_start__ = ALIGN (__init_end__, 0x4)

.init_rodata    0x0000000000000320        0x0
                0x0000000000000320                __init_rodata_start__ = .
 *(.init_rodata .init_rodata.*)
                0x0000000000000320                __init_rodata_end__ = (__init_rodata_start__ + SIZEOF (.init_rodata))
                0x0000000000000000                __init_rodata_size__ = SIZEOF (.init_rodata)
                0x0000000000000320                __init_rodata_load_end__ = __init_rodata_end__
                0x0000000000000001                . = ASSERT (((__init_rodata_start__ == __init_rodata_end__) || ((__init_rodata_end__ - __FLASH_segment_start__) <= __FLASH_segment_size__)), error: .init_rodata is too large to fit in FLASH memory segment)
                0x0000000000000320                __text_load_start__ = ALIGN (__init_rodata_end__, 0x4)

.text           0x0000000000000320     0x27de
                0x0000000000000320                __text_start__ = .
 *(.text .text.* .glue_7t .glue_7 .gnu.linkonce.t.* .gcc_except_table .ARM.extab* .gnu.linkonce.armextab.*)
 .glue_7        0x0000000000000320        0x0 linker stubs
 .glue_7t       0x0000000000000320        0x0 linker stubs
 .text.nrf_log_backend_rtt_flush
                0x0000000000000320        0x2 Output/Release/Obj/twi_sensor_pca10056_stts22h/nrf_log_backend_rtt.o
 *fill*         0x0000000000000322        0x2 
 .text.nrf_log_backend_rtt_put
                0x0000000000000324       0x1c Output/Release/Obj/twi_sensor_pca10056_stts22h/nrf_log_backend_rtt.o
 .text.serial_tx
                0x0000000000000340       0x50 Output/Release/Obj/twi_sensor_pca10056_stts22h/nrf_log_backend_rtt.o
 .text.nrf_log_backend_rtt_panic_set
                0x0000000000000390        0x2 Output/Release/Obj/twi_sensor_pca10056_stts22h/nrf_log_backend_rtt.o
 .text.nrf_log_backend_rtt_init
                0x0000000000000392        0x4 Output/Release/Obj/twi_sensor_pca10056_stts22h/nrf_log_backend_rtt.o
                0x0000000000000392                nrf_log_backend_rtt_init
 .text.nrf_log_backend_serial_put
                0x0000000000000396       0xc2 Output/Release/Obj/twi_sensor_pca10056_stts22h/nrf_log_backend_serial.o
                0x0000000000000396                nrf_log_backend_serial_put
 .text.nrf_log_default_backends_init
                0x0000000000000458       0x1c Output/Release/Obj/twi_sensor_pca10056_stts22h/nrf_log_default_backends.o
                0x0000000000000458                nrf_log_default_backends_init
 .text.invalid_packets_pushed_str_omit
                0x0000000000000474       0x50 Output/Release/Obj/twi_sensor_pca10056_stts22h/nrf_log_frontend.o
 .text.buf_prealloc
                0x00000000000004c4      0x130 Output/Release/Obj/twi_sensor_pca10056_stts22h/nrf_log_frontend.o
 .text.nrf_log_init
                0x00000000000005f4       0x54 Output/Release/Obj/twi_sensor_pca10056_stts22h/nrf_log_frontend.o
                0x00000000000005f4                nrf_log_init
 .text.nrf_log_module_name_get
                0x0000000000000648       0x38 Output/Release/Obj/twi_sensor_pca10056_stts22h/nrf_log_frontend.o
                0x0000000000000648                nrf_log_module_name_get
 .text.nrf_log_color_id_get
                0x0000000000000680       0x2c Output/Release/Obj/twi_sensor_pca10056_stts22h/nrf_log_frontend.o
                0x0000000000000680                nrf_log_color_id_get
 .text.buffer_is_empty
                0x00000000000006ac       0x14 Output/Release/Obj/twi_sensor_pca10056_stts22h/nrf_log_frontend.o
                0x00000000000006ac                buffer_is_empty
 .text.nrf_log_frontend_dequeue
                0x00000000000006c0      0x220 Output/Release/Obj/twi_sensor_pca10056_stts22h/nrf_log_frontend.o
                0x00000000000006c0                nrf_log_frontend_dequeue
 .text.std_n    0x00000000000008e0       0x98 Output/Release/Obj/twi_sensor_pca10056_stts22h/nrf_log_frontend.o
 .text.nrf_log_frontend_std_0
                0x0000000000000978        0x8 Output/Release/Obj/twi_sensor_pca10056_stts22h/nrf_log_frontend.o
                0x0000000000000978                nrf_log_frontend_std_0
 .text.nrf_log_frontend_std_1
                0x0000000000000980       0x12 Output/Release/Obj/twi_sensor_pca10056_stts22h/nrf_log_frontend.o
                0x0000000000000980                nrf_log_frontend_std_1
 .text.nrf_log_frontend_std_3
                0x0000000000000992       0x18 Output/Release/Obj/twi_sensor_pca10056_stts22h/nrf_log_frontend.o
                0x0000000000000992                nrf_log_frontend_std_3
 *fill*         0x00000000000009aa        0x2 
 .text.nrf_log_backend_add
                0x00000000000009ac       0x40 Output/Release/Obj/twi_sensor_pca10056_stts22h/nrf_log_frontend.o
                0x00000000000009ac                nrf_log_backend_add
 .text.nrf_log_panic
                0x00000000000009ec       0x24 Output/Release/Obj/twi_sensor_pca10056_stts22h/nrf_log_frontend.o
                0x00000000000009ec                nrf_log_panic
 .text.prefix_process
                0x0000000000000a10       0x7c Output/Release/Obj/twi_sensor_pca10056_stts22h/nrf_log_str_formatter.o
 .text.postfix_process
                0x0000000000000a8c       0x44 Output/Release/Obj/twi_sensor_pca10056_stts22h/nrf_log_str_formatter.o
 .text.nrf_log_std_entry_process
                0x0000000000000ad0       0xc8 Output/Release/Obj/twi_sensor_pca10056_stts22h/nrf_log_str_formatter.o
                0x0000000000000ad0                nrf_log_std_entry_process
 .text.nrf_log_hexdump_entry_process
                0x0000000000000b98       0xb4 Output/Release/Obj/twi_sensor_pca10056_stts22h/nrf_log_str_formatter.o
                0x0000000000000b98                nrf_log_hexdump_entry_process
 .text.app_error_handler_bare
                0x0000000000000c4c       0x1a Output/Release/Obj/twi_sensor_pca10056_stts22h/app_error.o
                0x0000000000000c4c                app_error_handler_bare
 *fill*         0x0000000000000c66        0x2 
 .text.app_error_fault_handler
                0x0000000000000c68       0x68 Output/Release/Obj/twi_sensor_pca10056_stts22h/app_error_weak.o
                0x0000000000000c68                app_error_fault_handler
 .text.app_util_disable_irq
                0x0000000000000cd0       0x10 Output/Release/Obj/twi_sensor_pca10056_stts22h/app_util_platform.o
                0x0000000000000cd0                app_util_disable_irq
 .text.app_util_enable_irq
                0x0000000000000ce0       0x14 Output/Release/Obj/twi_sensor_pca10056_stts22h/app_util_platform.o
                0x0000000000000ce0                app_util_enable_irq
 .text.app_util_critical_region_enter
                0x0000000000000cf4        0x4 Output/Release/Obj/twi_sensor_pca10056_stts22h/app_util_platform.o
                0x0000000000000cf4                app_util_critical_region_enter
 .text.app_util_critical_region_exit
                0x0000000000000cf8        0x4 Output/Release/Obj/twi_sensor_pca10056_stts22h/app_util_platform.o
                0x0000000000000cf8                app_util_critical_region_exit
 .text.nrf_atomic_u32_fetch_store
                0x0000000000000cfc       0x16 Output/Release/Obj/twi_sensor_pca10056_stts22h/nrf_atomic.o
                0x0000000000000cfc                nrf_atomic_u32_fetch_store
 .text.nrf_atomic_u32_or
                0x0000000000000d12       0x18 Output/Release/Obj/twi_sensor_pca10056_stts22h/nrf_atomic.o
                0x0000000000000d12                nrf_atomic_u32_or
 .text.nrf_atomic_u32_fetch_and
                0x0000000000000d2a       0x18 Output/Release/Obj/twi_sensor_pca10056_stts22h/nrf_atomic.o
                0x0000000000000d2a                nrf_atomic_u32_fetch_and
 .text.nrf_atomic_u32_add
                0x0000000000000d42       0x18 Output/Release/Obj/twi_sensor_pca10056_stts22h/nrf_atomic.o
                0x0000000000000d42                nrf_atomic_u32_add
 .text.nrf_atomic_u32_sub
                0x0000000000000d5a       0x18 Output/Release/Obj/twi_sensor_pca10056_stts22h/nrf_atomic.o
                0x0000000000000d5a                nrf_atomic_u32_sub
 .text.nrf_atomic_flag_set
                0x0000000000000d72        0x6 Output/Release/Obj/twi_sensor_pca10056_stts22h/nrf_atomic.o
                0x0000000000000d72                nrf_atomic_flag_set
 .text.nrf_atomic_flag_clear_fetch
                0x0000000000000d78        0x6 Output/Release/Obj/twi_sensor_pca10056_stts22h/nrf_atomic.o
                0x0000000000000d78                nrf_atomic_flag_clear_fetch
 .text.nrf_balloc_init
                0x0000000000000d7e       0x2e Output/Release/Obj/twi_sensor_pca10056_stts22h/nrf_balloc.o
                0x0000000000000d7e                nrf_balloc_init
 .text.nrf_balloc_alloc
                0x0000000000000dac       0x40 Output/Release/Obj/twi_sensor_pca10056_stts22h/nrf_balloc.o
                0x0000000000000dac                nrf_balloc_alloc
 .text.nrf_balloc_free
                0x0000000000000dec       0x2a Output/Release/Obj/twi_sensor_pca10056_stts22h/nrf_balloc.o
                0x0000000000000dec                nrf_balloc_free
 .text.nrf_fprintf_buffer_flush
                0x0000000000000e16       0x16 Output/Release/Obj/twi_sensor_pca10056_stts22h/nrf_fprintf.o
                0x0000000000000e16                nrf_fprintf_buffer_flush
 .text.nrf_fprintf
                0x0000000000000e2c       0x1c Output/Release/Obj/twi_sensor_pca10056_stts22h/nrf_fprintf.o
                0x0000000000000e2c                nrf_fprintf
 .text.buffer_add
                0x0000000000000e48       0x1e Output/Release/Obj/twi_sensor_pca10056_stts22h/nrf_fprintf_format.o
 *fill*         0x0000000000000e66        0x2 
 .text.unsigned_print
                0x0000000000000e68       0xb4 Output/Release/Obj/twi_sensor_pca10056_stts22h/nrf_fprintf_format.o
 .text.nrf_fprintf_fmt
                0x0000000000000f1c      0x294 Output/Release/Obj/twi_sensor_pca10056_stts22h/nrf_fprintf_format.o
                0x0000000000000f1c                nrf_fprintf_fmt
 .text.nrf_memobj_pool_init
                0x00000000000011b0        0x4 Output/Release/Obj/twi_sensor_pca10056_stts22h/nrf_memobj.o
                0x00000000000011b0                nrf_memobj_pool_init
 .text.nrf_memobj_free
                0x00000000000011b4       0x2c Output/Release/Obj/twi_sensor_pca10056_stts22h/nrf_memobj.o
                0x00000000000011b4                nrf_memobj_free
 .text.nrf_memobj_alloc
                0x00000000000011e0       0x5e Output/Release/Obj/twi_sensor_pca10056_stts22h/nrf_memobj.o
                0x00000000000011e0                nrf_memobj_alloc
 .text.nrf_memobj_get
                0x000000000000123e        0x8 Output/Release/Obj/twi_sensor_pca10056_stts22h/nrf_memobj.o
                0x000000000000123e                nrf_memobj_get
 .text.nrf_memobj_put
                0x0000000000001246       0x1c Output/Release/Obj/twi_sensor_pca10056_stts22h/nrf_memobj.o
                0x0000000000001246                nrf_memobj_put
 .text.nrf_memobj_write
                0x0000000000001262       0x52 Output/Release/Obj/twi_sensor_pca10056_stts22h/nrf_memobj.o
                0x0000000000001262                nrf_memobj_write
 .text.nrf_memobj_read
                0x00000000000012b4       0x52 Output/Release/Obj/twi_sensor_pca10056_stts22h/nrf_memobj.o
                0x00000000000012b4                nrf_memobj_read
 *fill*         0x0000000000001306        0x2 
 .text.twim_evt_handler
                0x0000000000001308       0x40 Output/Release/Obj/twi_sensor_pca10056_stts22h/nrf_drv_twi.o
 .text.nrfx_coredep_delay_us.part.0.constprop.0
                0x0000000000001348       0x10 Output/Release/Obj/twi_sensor_pca10056_stts22h/nrf_drv_twi.o
 .text.nrf_gpio_pin_set
                0x0000000000001358       0x20 Output/Release/Obj/twi_sensor_pca10056_stts22h/nrf_drv_twi.o
 .text.nrf_drv_twi_init
                0x0000000000001378      0x100 Output/Release/Obj/twi_sensor_pca10056_stts22h/nrf_drv_twi.o
                0x0000000000001378                nrf_drv_twi_init
 .text.UARTE0_UART0_IRQHandler
                0x0000000000001478        0xc Output/Release/Obj/twi_sensor_pca10056_stts22h/nrfx_prs.o
                0x0000000000001478                UARTE0_UART0_IRQHandler
 .text.nrfx_prs_acquire
                0x0000000000001484       0x38 Output/Release/Obj/twi_sensor_pca10056_stts22h/nrfx_prs.o
                0x0000000000001484                nrfx_prs_acquire
 .text.nrf_twim_event_clear
                0x00000000000014bc       0x10 Output/Release/Obj/twi_sensor_pca10056_stts22h/nrfx_twim.o
 .text.SPIM0_SPIS0_TWIM0_TWIS0_SPI0_TWI0_IRQHandler
                0x00000000000014cc      0x140 Output/Release/Obj/twi_sensor_pca10056_stts22h/nrfx_twim.o
                0x00000000000014cc                SPIM0_SPIS0_TWIM0_TWIS0_SPI0_TWI0_IRQHandler
 .text.nrfx_twim_init
                0x000000000000160c      0x114 Output/Release/Obj/twi_sensor_pca10056_stts22h/nrfx_twim.o
                0x000000000000160c                nrfx_twim_init
 .text.nrfx_twim_enable
                0x0000000000001720       0x20 Output/Release/Obj/twi_sensor_pca10056_stts22h/nrfx_twim.o
                0x0000000000001720                nrfx_twim_enable
 .text.nrfx_twim_xfer
                0x0000000000001740      0x278 Output/Release/Obj/twi_sensor_pca10056_stts22h/nrfx_twim.o
                0x0000000000001740                nrfx_twim_xfer
 .text.nrfx_twim_tx
                0x00000000000019b8       0x36 Output/Release/Obj/twi_sensor_pca10056_stts22h/nrfx_twim.o
                0x00000000000019b8                nrfx_twim_tx
 .text.nrfx_twim_rx
                0x00000000000019ee       0x32 Output/Release/Obj/twi_sensor_pca10056_stts22h/nrfx_twim.o
                0x00000000000019ee                nrfx_twim_rx
 .text.nrf_delay_ms.part.0.constprop.0
                0x0000000000001a20       0x1c Output/Release/Obj/twi_sensor_pca10056_stts22h/main.o
 .text.twi_handler
                0x0000000000001a3c       0x34 Output/Release/Obj/twi_sensor_pca10056_stts22h/main.o
                0x0000000000001a3c                twi_handler
 .text.twi_init
                0x0000000000001a70       0x40 Output/Release/Obj/twi_sensor_pca10056_stts22h/main.o
                0x0000000000001a70                twi_init
 .text.twi_slave_write_byte
                0x0000000000001ab0       0x44 Output/Release/Obj/twi_sensor_pca10056_stts22h/main.o
                0x0000000000001ab0                twi_slave_write_byte
 .text.twi_slave_read_byte
                0x0000000000001af4       0x68 Output/Release/Obj/twi_sensor_pca10056_stts22h/main.o
                0x0000000000001af4                twi_slave_read_byte
 .text.WHO_AM_I_STTS22H
                0x0000000000001b5c       0x4c Output/Release/Obj/twi_sensor_pca10056_stts22h/main.o
                0x0000000000001b5c                WHO_AM_I_STTS22H
 .text.get_upper_thershold_temprature
                0x0000000000001ba8       0x5c Output/Release/Obj/twi_sensor_pca10056_stts22h/main.o
                0x0000000000001ba8                get_upper_thershold_temprature
 *fill*         0x0000000000001c04        0x4 
 .text.get_lower_thershold_temprature
                0x0000000000001c08       0x5c Output/Release/Obj/twi_sensor_pca10056_stts22h/main.o
                0x0000000000001c08                get_lower_thershold_temprature
 *fill*         0x0000000000001c64        0x4 
 .text.set_upper_thershold_temprature
                0x0000000000001c68       0x48 Output/Release/Obj/twi_sensor_pca10056_stts22h/main.o
                0x0000000000001c68                set_upper_thershold_temprature
 .text.set_lower_thershold_temprature
                0x0000000000001cb0       0x48 Output/Release/Obj/twi_sensor_pca10056_stts22h/main.o
                0x0000000000001cb0                set_lower_thershold_temprature
 .text.get_temprature_stts22h
                0x0000000000001cf8       0xc0 Output/Release/Obj/twi_sensor_pca10056_stts22h/main.o
                0x0000000000001cf8                get_temprature_stts22h
 .text.log_init
                0x0000000000001db8       0x1a Output/Release/Obj/twi_sensor_pca10056_stts22h/main.o
                0x0000000000001db8                log_init
 *fill*         0x0000000000001dd2        0x2 
 .text.startup.main
                0x0000000000001dd4      0x11c Output/Release/Obj/twi_sensor_pca10056_stts22h/main.o
                0x0000000000001dd4                main
 .text._GetAvailWriteSpace
                0x0000000000001ef0       0x12 Output/Release/Obj/twi_sensor_pca10056_stts22h/SEGGER_RTT.o
 .text._WriteNoCheck
                0x0000000000001f02       0x38 Output/Release/Obj/twi_sensor_pca10056_stts22h/SEGGER_RTT.o
 .text._WriteBlocking
                0x0000000000001f3a       0x52 Output/Release/Obj/twi_sensor_pca10056_stts22h/SEGGER_RTT.o
 .text._DoInit  0x0000000000001f8c       0x60 Output/Release/Obj/twi_sensor_pca10056_stts22h/SEGGER_RTT.o
 .text.SEGGER_RTT_WriteNoLock
                0x0000000000001fec       0x60 Output/Release/Obj/twi_sensor_pca10056_stts22h/SEGGER_RTT.o
                0x0000000000001fec                SEGGER_RTT_WriteNoLock
 .text.SEGGER_RTT_Init
                0x000000000000204c        0x4 Output/Release/Obj/twi_sensor_pca10056_stts22h/SEGGER_RTT.o
                0x000000000000204c                SEGGER_RTT_Init
 .text.errata_98
                0x0000000000002050       0x1a Output/Release/Obj/twi_sensor_pca10056_stts22h/system_nrf52840.o
 *fill*         0x000000000000206a        0x2 
 .text.SystemInit
                0x000000000000206c      0x1bc Output/Release/Obj/twi_sensor_pca10056_stts22h/system_nrf52840.o
                0x000000000000206c                SystemInit
 .text.__aeabi_dadd
                0x0000000000002228      0x244 /usr/share/segger_embedded_studio_for_arm_5.60a/lib/libm_v7em_fpv4_sp_d16_hard_t_le_eabi.a(libm_asm.o)
                0x0000000000002228                __aeabi_dadd
 .text.__aeabi_dmul
                0x000000000000246c      0x138 /usr/share/segger_embedded_studio_for_arm_5.60a/lib/libm_v7em_fpv4_sp_d16_hard_t_le_eabi.a(libm_asm.o)
                0x000000000000246c                __aeabi_dmul
 .text.__aeabi_ddiv
                0x00000000000025a4      0x1cc /usr/share/segger_embedded_studio_for_arm_5.60a/lib/libm_v7em_fpv4_sp_d16_hard_t_le_eabi.a(libm_asm.o)
                0x00000000000025a4                __aeabi_ddiv
 .text.__aeabi_d2uiz
                0x0000000000002770       0x28 /usr/share/segger_embedded_studio_for_arm_5.60a/lib/libm_v7em_fpv4_sp_d16_hard_t_le_eabi.a(libm_asm.o)
                0x0000000000002770                __aeabi_d2uiz
 .text.__aeabi_i2d
                0x0000000000002798       0x28 /usr/share/segger_embedded_studio_for_arm_5.60a/lib/libm_v7em_fpv4_sp_d16_hard_t_le_eabi.a(libm_asm.o)
                0x0000000000002798                __aeabi_i2d
 .text.__aeabi_f2d
                0x00000000000027c0       0x34 /usr/share/segger_embedded_studio_for_arm_5.60a/lib/libm_v7em_fpv4_sp_d16_hard_t_le_eabi.a(libm_asm.o)
                0x00000000000027c0                __aeabi_f2d
 .text.__aeabi_d2f
                0x00000000000027f4       0x54 /usr/share/segger_embedded_studio_for_arm_5.60a/lib/libm_v7em_fpv4_sp_d16_hard_t_le_eabi.a(libm_asm.o)
                0x00000000000027f4                __aeabi_d2f
 .text.libc.round
                0x0000000000002848       0xa0 /usr/share/segger_embedded_studio_for_arm_5.60a/lib/libm_v7em_fpv4_sp_d16_hard_t_le_eabi.a(fdlibm.o)
                0x0000000000002848                round
                0x0000000000002848                round(double)
 .text.libc.__RAL_ascii_isctype
                0x00000000000028e8       0x1c /usr/share/segger_embedded_studio_for_arm_5.60a/lib/libc_v7em_fpv4_sp_d16_hard_t_le_eabi.a(libc2.o)
 .text.libc.__RAL_ascii_toupper
                0x0000000000002904        0xc /usr/share/segger_embedded_studio_for_arm_5.60a/lib/libc_v7em_fpv4_sp_d16_hard_t_le_eabi.a(libc2.o)
 .text.libc.__RAL_ascii_tolower
                0x0000000000002910        0xc /usr/share/segger_embedded_studio_for_arm_5.60a/lib/libc_v7em_fpv4_sp_d16_hard_t_le_eabi.a(libc2.o)
 .text.libc.__RAL_ascii_iswctype
                0x000000000000291c       0x1c /usr/share/segger_embedded_studio_for_arm_5.60a/lib/libc_v7em_fpv4_sp_d16_hard_t_le_eabi.a(libc2.o)
 .text.libc.__RAL_ascii_towupper
                0x0000000000002938        0xc /usr/share/segger_embedded_studio_for_arm_5.60a/lib/libc_v7em_fpv4_sp_d16_hard_t_le_eabi.a(libc2.o)
 .text.libc.__RAL_ascii_towlower
                0x0000000000002944        0xc /usr/share/segger_embedded_studio_for_arm_5.60a/lib/libc_v7em_fpv4_sp_d16_hard_t_le_eabi.a(libc2.o)
 .text.libc.__RAL_ascii_wctomb
                0x0000000000002950        0xe /usr/share/segger_embedded_studio_for_arm_5.60a/lib/libc_v7em_fpv4_sp_d16_hard_t_le_eabi.a(libc2.o)
                0x0000000000002950                __RAL_ascii_wctomb
 .text.libc.__RAL_ascii_mbtowc
                0x000000000000295e       0x24 /usr/share/segger_embedded_studio_for_arm_5.60a/lib/libc_v7em_fpv4_sp_d16_hard_t_le_eabi.a(libc2.o)
                0x000000000000295e                __RAL_ascii_mbtowc
 *fill*         0x0000000000002982        0x2 
 .text.libc.__RAL_isctype
                0x0000000000002984       0x14 /usr/share/segger_embedded_studio_for_arm_5.60a/lib/libc_v7em_fpv4_sp_d16_hard_t_le_eabi.a(libc2.o)
                0x0000000000002984                __RAL_isctype
 .text.libc.isprint
                0x0000000000002998        0xa /usr/share/segger_embedded_studio_for_arm_5.60a/lib/libc_v7em_fpv4_sp_d16_hard_t_le_eabi.a(libc2.o)
                0x0000000000002998                isprint
 .text.libc.memcpy
                0x00000000000029a2       0x52 /usr/share/segger_embedded_studio_for_arm_5.60a/lib/libc_v7em_fpv4_sp_d16_hard_t_le_eabi.a(libc2_asm.o)
                0x00000000000029a2                memcpy
                0x00000000000029a2                __aeabi_memcpy
                0x00000000000029ae                __aeabi_memcpy4
                0x00000000000029ae                __aeabi_memcpy8
 .text.libc.memset
                0x00000000000029f4       0x66 /usr/share/segger_embedded_studio_for_arm_5.60a/lib/libc_v7em_fpv4_sp_d16_hard_t_le_eabi.a(libc2_asm.o)
                0x00000000000029f4                memset
 .text.libc.strcpy
                0x0000000000002a5a       0x44 /usr/share/segger_embedded_studio_for_arm_5.60a/lib/libc_v7em_fpv4_sp_d16_hard_t_le_eabi.a(libc2_asm.o)
                0x0000000000002a5a                strcpy
 .text.libc.strlen
                0x0000000000002a9e       0x60 /usr/share/segger_embedded_studio_for_arm_5.60a/lib/libc_v7em_fpv4_sp_d16_hard_t_le_eabi.a(libc2_asm.o)
                0x0000000000002a9e                strlen
                0x0000000000002afe                __text_end__ = (__text_start__ + SIZEOF (.text))
                0x00000000000027de                __text_size__ = SIZEOF (.text)
                0x0000000000002afe                __text_load_end__ = __text_end__

.vfp11_veneer   0x0000000100000000        0x0
 .vfp11_veneer  0x0000000100000000        0x0 linker stubs

.v4_bx          0x0000000100000000        0x0
 .v4_bx         0x0000000100000000        0x0 linker stubs

.iplt           0x0000000100000000        0x0
 .iplt          0x0000000100000000        0x0 Output/Release/Obj/twi_sensor_pca10056_stts22h/thumb_crt0.o
                0x0000000000000001                . = ASSERT (((__text_start__ == __text_end__) || ((__text_end__ - __FLASH_segment_start__) <= __FLASH_segment_size__)), error: .text is too large to fit in FLASH memory segment)
                0x0000000000002b00                __log_const_data_load_start__ = ALIGN (__text_end__, 0x4)

.log_const_data
                0x0000000000002b00       0x30
                0x0000000000002b00                __log_const_data_start__ = .
                0x0000000000002b00                __start_log_const_data = __log_const_data_start__
 *(SORT_BY_NAME(.log_const_data*))
 .log_const_data_PRS
                0x0000000000002b00        0x8 Output/Release/Obj/twi_sensor_pca10056_stts22h/nrfx_prs.o
                0x0000000000002b00                m_nrf_log_PRS_logs_data_const
 .log_const_data_TWIM
                0x0000000000002b08        0x8 Output/Release/Obj/twi_sensor_pca10056_stts22h/nrfx_twim.o
                0x0000000000002b08                m_nrf_log_TWIM_logs_data_const
 .log_const_data_UART
                0x0000000000002b10        0x8 Output/Release/Obj/twi_sensor_pca10056_stts22h/nrfx_uart.o
                0x0000000000002b10                m_nrf_log_UART_logs_data_const
 .log_const_data_UARTE
                0x0000000000002b18        0x8 Output/Release/Obj/twi_sensor_pca10056_stts22h/nrfx_uarte.o
                0x0000000000002b18                m_nrf_log_UARTE_logs_data_const
 .log_const_data_app
                0x0000000000002b20        0x8 Output/Release/Obj/twi_sensor_pca10056_stts22h/nrf_log_frontend.o
                0x0000000000002b20                m_nrf_log_app_logs_data_const
 .log_const_data_balloc_log_mempool
                0x0000000000002b28        0x8 Output/Release/Obj/twi_sensor_pca10056_stts22h/nrf_log_frontend.o
                0x0000000000002b28                m_nrf_log_balloc_log_mempool_logs_data_const
                0x0000000000002b30                __log_const_data_end__ = (__log_const_data_start__ + SIZEOF (.log_const_data))
                0x0000000000000030                __log_const_data_size__ = SIZEOF (.log_const_data)
                0x0000000000002b30                __stop_log_const_data = __log_const_data_end__
                0x0000000000002b30                __log_const_data_load_end__ = __log_const_data_end__
                0x0000000000000001                . = ASSERT (((__log_const_data_start__ == __log_const_data_end__) || ((__log_const_data_end__ - __FLASH_segment_start__) <= __FLASH_segment_size__)), error: .log_const_data is too large to fit in FLASH memory segment)
                0x0000000000002b30                __nrf_balloc_load_start__ = ALIGN (__log_const_data_end__, 0x4)

.nrf_balloc     0x0000000000002b30       0x18
                0x0000000000002b30                __nrf_balloc_start__ = .
                0x0000000000002b30                __start_nrf_balloc = __nrf_balloc_start__
 *(.nrf_balloc*)
 .nrf_balloc    0x0000000000002b30       0x18 Output/Release/Obj/twi_sensor_pca10056_stts22h/nrf_log_frontend.o
                0x0000000000002b30                log_mempool
                0x0000000000002b48                __nrf_balloc_end__ = (__nrf_balloc_start__ + SIZEOF (.nrf_balloc))
                0x0000000000000018                __nrf_balloc_size__ = SIZEOF (.nrf_balloc)
                0x0000000000002b48                __stop_nrf_balloc = __nrf_balloc_end__
                0x0000000000002b48                __nrf_balloc_load_end__ = __nrf_balloc_end__
                0x0000000000000001                . = ASSERT (((__nrf_balloc_start__ == __nrf_balloc_end__) || ((__nrf_balloc_end__ - __FLASH_segment_start__) <= __FLASH_segment_size__)), error: .nrf_balloc is too large to fit in FLASH memory segment)
                0x0000000000002b48                __nrf_sections_load_start__ = ALIGN (__nrf_balloc_end__, 0x4)

.nrf_sections   0x0000000000002b48        0x0
                0x0000000000002b48                __nrf_sections_start__ = .
                0x0000000000002b48                __start_nrf_sections = __nrf_sections_start__
 *(.nrf_sections .nrf_sections.*)
                0x0000000000002b48                __nrf_sections_end__ = (__nrf_sections_start__ + SIZEOF (.nrf_sections))
                0x0000000000000000                __nrf_sections_size__ = SIZEOF (.nrf_sections)
                0x0000000000002b48                __nrf_sections_load_end__ = __nrf_sections_end__
                0x0000000000000001                . = ASSERT (((__nrf_sections_start__ == __nrf_sections_end__) || ((__nrf_sections_end__ - __FLASH_segment_start__) <= __FLASH_segment_size__)), error: .nrf_sections is too large to fit in FLASH memory segment)
                0x0000000000002b48                __log_dynamic_data_load_start__ = ALIGN (__nrf_sections_end__, 0x4)

.log_dynamic_data
                0x0000000020000000       0x18 load address 0x0000000000002b48
                0x0000000020000000                __log_dynamic_data_start__ = .
 *(SORT_BY_NAME(.log_dynamic_data*))
 .log_dynamic_data_PRS
                0x0000000020000000        0x4 Output/Release/Obj/twi_sensor_pca10056_stts22h/nrfx_prs.o
                0x0000000020000000                m_nrf_log_PRS_logs_data_dynamic
 .log_dynamic_data_TWIM
                0x0000000020000004        0x4 Output/Release/Obj/twi_sensor_pca10056_stts22h/nrfx_twim.o
                0x0000000020000004                m_nrf_log_TWIM_logs_data_dynamic
 .log_dynamic_data_UART
                0x0000000020000008        0x4 Output/Release/Obj/twi_sensor_pca10056_stts22h/nrfx_uart.o
                0x0000000020000008                m_nrf_log_UART_logs_data_dynamic
 .log_dynamic_data_UARTE
                0x000000002000000c        0x4 Output/Release/Obj/twi_sensor_pca10056_stts22h/nrfx_uarte.o
                0x000000002000000c                m_nrf_log_UARTE_logs_data_dynamic
 .log_dynamic_data_app
                0x0000000020000010        0x4 Output/Release/Obj/twi_sensor_pca10056_stts22h/nrf_log_frontend.o
                0x0000000020000010                m_nrf_log_app_logs_data_dynamic
 .log_dynamic_data_balloc_log_mempool
                0x0000000020000014        0x4 Output/Release/Obj/twi_sensor_pca10056_stts22h/nrf_log_frontend.o
                0x0000000020000014                m_nrf_log_balloc_log_mempool_logs_data_dynamic
                0x0000000020000018                __log_dynamic_data_end__ = (__log_dynamic_data_start__ + SIZEOF (.log_dynamic_data))
                0x0000000000000018                __log_dynamic_data_size__ = SIZEOF (.log_dynamic_data)
                0x0000000000002b60                __log_dynamic_data_load_end__ = (__log_dynamic_data_load_start__ + SIZEOF (.log_dynamic_data))
                0x0000000000000001                . = ASSERT (((__log_dynamic_data_load_start__ == __log_dynamic_data_load_end__) || ((__log_dynamic_data_load_end__ - __FLASH_segment_start__) <= __FLASH_segment_size__)), error: .log_dynamic_data is too large to fit in FLASH memory segment)

.log_dynamic_data_run
                0x0000000020000000        0x0
                0x0000000020000000                __log_dynamic_data_run_start__ = .
                0x0000000020000000                __start_log_dynamic_data = __log_dynamic_data_run_start__
                0x0000000020000018                __log_dynamic_data_run_end__ = (__log_dynamic_data_run_start__ + SIZEOF (.log_dynamic_data))
                0x0000000000000018                __log_dynamic_data_run_size__ = (__log_dynamic_data_run_end__ - __log_dynamic_data_run_start__)
                0x0000000020000018                __stop_log_dynamic_data = __log_dynamic_data_run_end__
                0x0000000020000018                __log_dynamic_data_run_load_end__ = __log_dynamic_data_run_end__
                0x0000000000000001                . = ASSERT (((__log_dynamic_data_run_start__ == __log_dynamic_data_run_end__) || ((__log_dynamic_data_run_end__ - __RAM_segment_start__) <= __RAM_segment_size__)), error: .log_dynamic_data_run is too large to fit in RAM memory segment)
                0x0000000020000018                __nrf_sections_run_end_load_start__ = ALIGN (__log_dynamic_data_run_end__, 0x4)

.nrf_sections_run_end
                0x0000000020000018        0x0
                0x0000000020000018                __nrf_sections_run_end_start__ = .
                0x0000000020000018                __end_nrf_sections_run = __nrf_sections_run_end_start__
 *(.nrf_sections_run_end .nrf_sections_run_end.*)
                0x0000000020000018                __nrf_sections_run_end_end__ = (__nrf_sections_run_end_start__ + SIZEOF (.nrf_sections_run_end))
                0x0000000000000000                __nrf_sections_run_end_size__ = SIZEOF (.nrf_sections_run_end)
                0x0000000020000018                __nrf_sections_run_end_load_end__ = __nrf_sections_run_end_end__
                0x0000000000000001                . = ASSERT (((__nrf_sections_run_end_start__ == __nrf_sections_run_end_end__) || ((__nrf_sections_run_end_end__ - __RAM_segment_start__) <= __RAM_segment_size__)), error: .nrf_sections_run_end is too large to fit in RAM memory segment)
                0x0000000000002b60                __dtors_load_start__ = ALIGN ((__log_dynamic_data_load_start__ + SIZEOF (.log_dynamic_data)), 0x4)

.dtors          0x0000000000002b60        0x0
                0x0000000000002b60                __dtors_start__ = .
 *(SORT_BY_NAME(.dtors.*))
 *(.dtors)
 *(.fini_array)
 *(SORT_BY_NAME(.fini_array.*))
                0x0000000000002b60                __dtors_end__ = (__dtors_start__ + SIZEOF (.dtors))
                0x0000000000000000                __dtors_size__ = SIZEOF (.dtors)
                0x0000000000002b60                __dtors_load_end__ = __dtors_end__
                0x0000000000000001                . = ASSERT (((__dtors_start__ == __dtors_end__) || ((__dtors_end__ - __FLASH_segment_start__) <= __FLASH_segment_size__)), error: .dtors is too large to fit in FLASH memory segment)
                0x0000000000002b60                __ctors_load_start__ = ALIGN (__dtors_end__, 0x4)

.ctors          0x0000000000002b60        0x0
                0x0000000000002b60                __ctors_start__ = .
 *(SORT_BY_NAME(.ctors.*))
 *(.ctors)
 *(.init_array)
 *(SORT_BY_NAME(.init_array.*))
                0x0000000000002b60                __ctors_end__ = (__ctors_start__ + SIZEOF (.ctors))
                0x0000000000000000                __ctors_size__ = SIZEOF (.ctors)
                0x0000000000002b60                __ctors_load_end__ = __ctors_end__
                0x0000000000000001                . = ASSERT (((__ctors_start__ == __ctors_end__) || ((__ctors_end__ - __FLASH_segment_start__) <= __FLASH_segment_size__)), error: .ctors is too large to fit in FLASH memory segment)
                0x0000000000002b60                __rodata_load_start__ = ALIGN (__ctors_end__, 0x4)

.rodata         0x0000000000002b60      0x57a
                0x0000000000002b60                __rodata_start__ = .
 *(.rodata .rodata.* .gnu.linkonce.r.*)
 .rodata.delay_bytecode.0
                0x0000000000002b60        0x6 Output/Release/Obj/twi_sensor_pca10056_stts22h/nrf_log_backend_rtt.o
 *fill*         0x0000000000002b66        0x2 
 .rodata.nrf_log_backend_rtt_api
                0x0000000000002b68        0xc Output/Release/Obj/twi_sensor_pca10056_stts22h/nrf_log_backend_rtt.o
                0x0000000000002b68                nrf_log_backend_rtt_api
 .rodata.nrf_log_frontend_dequeue.str1.1
                0x0000000000002b74       0x11 Output/Release/Obj/twi_sensor_pca10056_stts22h/nrf_log_frontend.o
 .rodata.str1.1
                0x0000000000002b85       0x17 Output/Release/Obj/twi_sensor_pca10056_stts22h/nrf_log_frontend.o
 .rodata.prefix_process.str1.1
                0x0000000000002b9c       0x32 Output/Release/Obj/twi_sensor_pca10056_stts22h/nrf_log_str_formatter.o
 .rodata.postfix_process.str1.1
                0x0000000000002bce       0x32 Output/Release/Obj/twi_sensor_pca10056_stts22h/nrf_log_str_formatter.o
                                          0x3 (size before relaxing)
 .rodata.nrf_log_hexdump_entry_process.str1.1
                0x0000000000002bce        0xf Output/Release/Obj/twi_sensor_pca10056_stts22h/nrf_log_str_formatter.o
                                         0x11 (size before relaxing)
 .rodata.str1.1
                0x0000000000002bdd       0x4b Output/Release/Obj/twi_sensor_pca10056_stts22h/nrf_log_str_formatter.o
                                         0x51 (size before relaxing)
 .rodata.m_colors
                0x0000000000002c28       0x24 Output/Release/Obj/twi_sensor_pca10056_stts22h/nrf_log_str_formatter.o
 .rodata.severity_names
                0x0000000000002c4c       0x14 Output/Release/Obj/twi_sensor_pca10056_stts22h/nrf_log_str_formatter.o
 .rodata.app_error_fault_handler.str1.1
                0x0000000000002c60       0x19 Output/Release/Obj/twi_sensor_pca10056_stts22h/app_error_weak.o
 .rodata._aV2C.0
                0x0000000000002c79       0x10 Output/Release/Obj/twi_sensor_pca10056_stts22h/nrf_fprintf_format.o
 *fill*         0x0000000000002c89        0x7 
 .rodata.delay_bytecode.0
                0x0000000000002c90        0x6 Output/Release/Obj/twi_sensor_pca10056_stts22h/nrf_drv_twi.o
 .rodata.str1.1
                0x0000000000002c96        0x4 Output/Release/Obj/twi_sensor_pca10056_stts22h/nrfx_prs.o
 .rodata.str1.1
                0x0000000000002c9a        0x5 Output/Release/Obj/twi_sensor_pca10056_stts22h/nrfx_twim.o
 .rodata.str1.1
                0x0000000000002c9f        0x5 Output/Release/Obj/twi_sensor_pca10056_stts22h/nrfx_uart.o
 .rodata.str1.1
                0x0000000000002ca4        0x6 Output/Release/Obj/twi_sensor_pca10056_stts22h/nrfx_uarte.o
 .rodata.WHO_AM_I_STTS22H.str1.1
                0x0000000000002caa       0x54 Output/Release/Obj/twi_sensor_pca10056_stts22h/main.o
 .rodata.get_temprature_stts22h.str1.1
                0x0000000000002cfe       0x1f Output/Release/Obj/twi_sensor_pca10056_stts22h/main.o
                                         0x22 (size before relaxing)
 .rodata.main.str1.1
                0x0000000000002d1d      0x141 Output/Release/Obj/twi_sensor_pca10056_stts22h/main.o
 *fill*         0x0000000000002e5e        0x2 
 .rodata        0x0000000000002e60       0x10 Output/Release/Obj/twi_sensor_pca10056_stts22h/main.o
 .rodata.delay_bytecode.0
                0x0000000000002e70        0x6 Output/Release/Obj/twi_sensor_pca10056_stts22h/main.o
 *fill*         0x0000000000002e76        0x2 
 .rodata.m_twi  0x0000000000002e78       0x10 Output/Release/Obj/twi_sensor_pca10056_stts22h/main.o
 .rodata._DoInit.str1.1
                0x0000000000002e88       0x14 Output/Release/Obj/twi_sensor_pca10056_stts22h/SEGGER_RTT.o
 .rodata.libc.__RAL_find_locale.str1.4
                0x0000000000002e9c        0xa /usr/share/segger_embedded_studio_for_arm_5.60a/lib/libc_v7em_fpv4_sp_d16_hard_t_le_eabi.a(libc2.o)
 *fill*         0x0000000000002ea6        0x2 
 .rodata.libc.__RAL_ascii_ctype_map
                0x0000000000002ea8       0x80 /usr/share/segger_embedded_studio_for_arm_5.60a/lib/libc_v7em_fpv4_sp_d16_hard_t_le_eabi.a(libc2.o)
                0x0000000000002ea8                __RAL_ascii_ctype_map
 .rodata.libc.__RAL_ascii_ctype_mask
                0x0000000000002f28        0xd /usr/share/segger_embedded_studio_for_arm_5.60a/lib/libc_v7em_fpv4_sp_d16_hard_t_le_eabi.a(libc2.o)
 *fill*         0x0000000000002f35        0x3 
 .rodata.libc.__RAL_c_locale
                0x0000000000002f38        0xc /usr/share/segger_embedded_studio_for_arm_5.60a/lib/libc_v7em_fpv4_sp_d16_hard_t_le_eabi.a(libc2.o)
                0x0000000000002f38                __RAL_c_locale
 .rodata.libc.__RAL_c_locale_abbrev_day_names
                0x0000000000002f44       0x1d /usr/share/segger_embedded_studio_for_arm_5.60a/lib/libc_v7em_fpv4_sp_d16_hard_t_le_eabi.a(libc2.o)
                0x0000000000002f44                __RAL_c_locale_abbrev_day_names
 *fill*         0x0000000000002f61        0x3 
 .rodata.libc.__RAL_c_locale_abbrev_month_names
                0x0000000000002f64       0x31 /usr/share/segger_embedded_studio_for_arm_5.60a/lib/libc_v7em_fpv4_sp_d16_hard_t_le_eabi.a(libc2.o)
                0x0000000000002f64                __RAL_c_locale_abbrev_month_names
 *fill*         0x0000000000002f95        0x3 
 .rodata.libc.__RAL_c_locale_am_pm_indicator
                0x0000000000002f98        0x7 /usr/share/segger_embedded_studio_for_arm_5.60a/lib/libc_v7em_fpv4_sp_d16_hard_t_le_eabi.a(libc2.o)
                0x0000000000002f98                __RAL_c_locale_am_pm_indicator
 *fill*         0x0000000000002f9f        0x1 
 .rodata.libc.__RAL_c_locale_data
                0x0000000000002fa0       0x58 /usr/share/segger_embedded_studio_for_arm_5.60a/lib/libc_v7em_fpv4_sp_d16_hard_t_le_eabi.a(libc2.o)
                0x0000000000002fa0                __RAL_c_locale_data
 .rodata.libc.__RAL_c_locale_date_format
                0x0000000000002ff8        0x9 /usr/share/segger_embedded_studio_for_arm_5.60a/lib/libc_v7em_fpv4_sp_d16_hard_t_le_eabi.a(libc2.o)
                0x0000000000002ff8                __RAL_c_locale_date_format
 *fill*         0x0000000000003001        0x3 
 .rodata.libc.__RAL_c_locale_date_time_format
                0x0000000000003004        0xf /usr/share/segger_embedded_studio_for_arm_5.60a/lib/libc_v7em_fpv4_sp_d16_hard_t_le_eabi.a(libc2.o)
                0x0000000000003004                __RAL_c_locale_date_time_format
 *fill*         0x0000000000003013        0x1 
 .rodata.libc.__RAL_c_locale_day_names
                0x0000000000003014       0x3a /usr/share/segger_embedded_studio_for_arm_5.60a/lib/libc_v7em_fpv4_sp_d16_hard_t_le_eabi.a(libc2.o)
                0x0000000000003014                __RAL_c_locale_day_names
 *fill*         0x000000000000304e        0x2 
 .rodata.libc.__RAL_c_locale_month_names
                0x0000000000003050       0x57 /usr/share/segger_embedded_studio_for_arm_5.60a/lib/libc_v7em_fpv4_sp_d16_hard_t_le_eabi.a(libc2.o)
                0x0000000000003050                __RAL_c_locale_month_names
 *fill*         0x00000000000030a7        0x1 
 .rodata.libc.__RAL_c_locale_time_format
                0x00000000000030a8        0x9 /usr/share/segger_embedded_studio_for_arm_5.60a/lib/libc_v7em_fpv4_sp_d16_hard_t_le_eabi.a(libc2.o)
                0x00000000000030a8                __RAL_c_locale_time_format
 *fill*         0x00000000000030b1        0x3 
 .rodata.libc.__RAL_codeset_ascii
                0x00000000000030b4       0x20 /usr/share/segger_embedded_studio_for_arm_5.60a/lib/libc_v7em_fpv4_sp_d16_hard_t_le_eabi.a(libc2.o)
                0x00000000000030b4                __RAL_codeset_ascii
 .rodata.libc.__RAL_data_empty_string
                0x00000000000030d4        0x1 /usr/share/segger_embedded_studio_for_arm_5.60a/lib/libc_v7em_fpv4_sp_d16_hard_t_le_eabi.a(libc2.o)
                0x00000000000030d4                __RAL_data_empty_string
 *fill*         0x00000000000030d5        0x3 
 .rodata.libc.__RAL_data_utf8_period
                0x00000000000030d8        0x2 /usr/share/segger_embedded_studio_for_arm_5.60a/lib/libc_v7em_fpv4_sp_d16_hard_t_le_eabi.a(libc2.o)
                0x00000000000030d8                __RAL_data_utf8_period
                0x00000000000030da                __rodata_end__ = (__rodata_start__ + SIZEOF (.rodata))
                0x000000000000057a                __rodata_size__ = SIZEOF (.rodata)
                0x00000000000030da                __rodata_load_end__ = __rodata_end__

.rel.dyn        0x00000000000030dc        0x0
 .rel.iplt      0x00000000000030dc        0x0 Output/Release/Obj/twi_sensor_pca10056_stts22h/thumb_crt0.o
                0x0000000000000001                . = ASSERT (((__rodata_start__ == __rodata_end__) || ((__rodata_end__ - __FLASH_segment_start__) <= __FLASH_segment_size__)), error: .rodata is too large to fit in FLASH memory segment)
                0x00000000000030dc                __ARM.exidx_load_start__ = ALIGN (__rodata_end__, 0x4)

.ARM.exidx      0x00000000000030dc        0x0
                0x00000000000030dc                __ARM.exidx_start__ = .
                0x00000000000030dc                __exidx_start = __ARM.exidx_start__
 *(.ARM.exidx .ARM.exidx.*)
                0x00000000000030dc                __ARM.exidx_end__ = (__ARM.exidx_start__ + SIZEOF (.ARM.exidx))
                0x0000000000000000                __ARM.exidx_size__ = SIZEOF (.ARM.exidx)
                0x00000000000030dc                __exidx_end = __ARM.exidx_end__
                0x00000000000030dc                __ARM.exidx_load_end__ = __ARM.exidx_end__
                0x0000000000000001                . = ASSERT (((__ARM.exidx_start__ == __ARM.exidx_end__) || ((__ARM.exidx_end__ - __FLASH_segment_start__) <= __FLASH_segment_size__)), error: .ARM.exidx is too large to fit in FLASH memory segment)
                0x00000000000030dc                __fast_load_start__ = ALIGN (__ARM.exidx_end__, 0x4)

.fast           0x0000000020000018        0x0 load address 0x00000000000030dc
                0x0000000020000018                __fast_start__ = .
 *(.fast .fast.*)
                0x0000000020000018                __fast_end__ = (__fast_start__ + SIZEOF (.fast))
                0x0000000000000000                __fast_size__ = SIZEOF (.fast)
                0x00000000000030dc                __fast_load_end__ = (__fast_load_start__ + SIZEOF (.fast))
                0x0000000000000001                . = ASSERT (((__fast_load_start__ == __fast_load_end__) || ((__fast_load_end__ - __FLASH_segment_start__) <= __FLASH_segment_size__)), error: .fast is too large to fit in FLASH memory segment)

.fast_run       0x0000000020000018        0x0
                0x0000000020000018                __fast_run_start__ = .
                0x0000000020000018                __fast_run_end__ = (__fast_run_start__ + SIZEOF (.fast))
                0x0000000000000000                __fast_run_size__ = (__fast_run_end__ - __fast_run_start__)
                0x0000000020000018                __fast_run_load_end__ = __fast_run_end__
                0x0000000000000001                . = ASSERT (((__fast_run_start__ == __fast_run_end__) || ((__fast_run_end__ - __RAM_segment_start__) <= __RAM_segment_size__)), error: .fast_run is too large to fit in RAM memory segment)
                0x00000000000030dc                __data_load_start__ = ALIGN ((__fast_load_start__ + SIZEOF (.fast)), 0x4)

.data           0x0000000020000018       0x28 load address 0x00000000000030dc
                0x0000000020000018                __data_start__ = .
 *(.data .data.* .gnu.linkonce.d.*)
 .data.rtt_log_backend
                0x0000000020000018        0xc Output/Release/Obj/twi_sensor_pca10056_stts22h/nrf_log_default_backends.o
 .data.f_ret_status
                0x0000000020000024        0x1 Output/Release/Obj/twi_sensor_pca10056_stts22h/main.o
                0x0000000020000024                f_ret_status
 *fill*         0x0000000020000025        0x3 
 .data.SystemCoreClock
                0x0000000020000028        0x4 Output/Release/Obj/twi_sensor_pca10056_stts22h/system_nrf52840.o
                0x0000000020000028                SystemCoreClock
 .data.libc.__RAL_global_locale
                0x000000002000002c       0x14 /usr/share/segger_embedded_studio_for_arm_5.60a/lib/libc_v7em_fpv4_sp_d16_hard_t_le_eabi.a(libc2.o)
                0x000000002000002c                __RAL_global_locale
                0x0000000020000040                __data_end__ = (__data_start__ + SIZEOF (.data))
                0x0000000000000028                __data_size__ = SIZEOF (.data)
                0x0000000000003104                __data_load_end__ = (__data_load_start__ + SIZEOF (.data))

.igot.plt       0x0000000100000000        0x0
 .igot.plt      0x0000000100000000        0x0 Output/Release/Obj/twi_sensor_pca10056_stts22h/thumb_crt0.o
                0x0000000000000001                . = ASSERT (((__data_load_start__ == __data_load_end__) || ((__data_load_end__ - __FLASH_segment_start__) <= __FLASH_segment_size__)), error: .data is too large to fit in FLASH memory segment)

.data_run       0x0000000020000018        0x0
                0x0000000020000018                __data_run_start__ = .
                0x0000000020000040                __data_run_end__ = (__data_run_start__ + SIZEOF (.data))
                0x0000000000000028                __data_run_size__ = (__data_run_end__ - __data_run_start__)
                0x0000000020000040                __data_run_load_end__ = __data_run_end__
                0x0000000000000001                . = ASSERT (((__data_run_start__ == __data_run_end__) || ((__data_run_end__ - __RAM_segment_start__) <= __RAM_segment_size__)), error: .data_run is too large to fit in RAM memory segment)
                0x0000000000003104                __tdata_load_start__ = ALIGN ((__data_load_start__ + SIZEOF (.data)), 0x4)

.tdata          0x0000000020000040        0x0 load address 0x0000000000003104
                0x0000000020000040                __tdata_start__ = .
 *(.tdata .tdata.*)
                0x0000000020000040                __tdata_end__ = (__tdata_start__ + SIZEOF (.tdata))
                0x0000000000000000                __tdata_size__ = SIZEOF (.tdata)
                0x0000000000003104                __tdata_load_end__ = (__tdata_load_start__ + SIZEOF (.tdata))
                0x0000000000003104                __FLASH_segment_used_end__ = (ALIGN ((__data_load_start__ + SIZEOF (.data)), 0x4) + SIZEOF (.tdata))
                0x0000000000003104                __FLASH_segment_used_size__ = (__FLASH_segment_used_end__ - __FLASH_segment_start__)
                0x0000000000000001                . = ASSERT (((__tdata_load_start__ == __tdata_load_end__) || ((__tdata_load_end__ - __FLASH_segment_start__) <= __FLASH_segment_size__)), error: .tdata is too large to fit in FLASH memory segment)

.tdata_run      0x0000000020000040        0x0
                0x0000000020000040                __tdata_run_start__ = .
                0x0000000020000040                __tdata_run_end__ = (__tdata_run_start__ + SIZEOF (.tdata))
                0x0000000000000000                __tdata_run_size__ = (__tdata_run_end__ - __tdata_run_start__)
                0x0000000020000040                __tdata_run_load_end__ = __tdata_run_end__
                0x0000000000000001                . = ASSERT (((__tdata_run_start__ == __tdata_run_end__) || ((__tdata_run_end__ - __RAM_segment_start__) <= __RAM_segment_size__)), error: .tdata_run is too large to fit in RAM memory segment)
                0x0000000020000040                __bss_load_start__ = ALIGN (__tdata_run_end__, 0x4)

.bss            0x0000000020000040      0x830
                0x0000000020000040                __bss_start__ = .
 *(.bss .bss.* .gnu.linkonce.b.*)
 .bss.m_host_present
                0x0000000020000040        0x1 Output/Release/Obj/twi_sensor_pca10056_stts22h/nrf_log_backend_rtt.o
 .bss.m_string_buff
                0x0000000020000041       0x40 Output/Release/Obj/twi_sensor_pca10056_stts22h/nrf_log_backend_rtt.o
 *fill*         0x0000000020000081        0x3 
 .bss.log_mempool_nrf_balloc_cb
                0x0000000020000084        0x8 Output/Release/Obj/twi_sensor_pca10056_stts22h/nrf_log_frontend.o
 .bss.log_mempool_nrf_balloc_pool_mem
                0x000000002000008c       0xc0 Output/Release/Obj/twi_sensor_pca10056_stts22h/nrf_log_frontend.o
 .bss.log_mempool_nrf_balloc_pool_stack
                0x000000002000014c        0x8 Output/Release/Obj/twi_sensor_pca10056_stts22h/nrf_log_frontend.o
 .bss.m_log_data
                0x0000000020000154      0x424 Output/Release/Obj/twi_sensor_pca10056_stts22h/nrf_log_frontend.o
 .bss.m_in_critical_region
                0x0000000020000578        0x4 Output/Release/Obj/twi_sensor_pca10056_stts22h/app_util_platform.o
 .bss.m_contexts
                0x000000002000057c        0x8 Output/Release/Obj/twi_sensor_pca10056_stts22h/nrf_drv_twi.o
 .bss.m_handlers
                0x0000000020000584        0x8 Output/Release/Obj/twi_sensor_pca10056_stts22h/nrf_drv_twi.o
 .bss.m_prs_box_4
                0x000000002000058c        0x8 Output/Release/Obj/twi_sensor_pca10056_stts22h/nrfx_prs.o
 .bss.m_cb      0x0000000020000594       0x34 Output/Release/Obj/twi_sensor_pca10056_stts22h/nrfx_twim.o
 .bss.TWI_RX_COUNT
                0x00000000200005c8        0x8 Output/Release/Obj/twi_sensor_pca10056_stts22h/main.o
 .bss.TWI_TX_COUNT
                0x00000000200005d0        0x8 Output/Release/Obj/twi_sensor_pca10056_stts22h/main.o
 .bss.WHO_AM_I  0x00000000200005d8        0x1 Output/Release/Obj/twi_sensor_pca10056_stts22h/main.o
                0x00000000200005d8                WHO_AM_I
 .bss.config    0x00000000200005d9        0x1 Output/Release/Obj/twi_sensor_pca10056_stts22h/main.o
                0x00000000200005d9                config
 .bss.lower_thershold_temprature
                0x00000000200005da        0x1 Output/Release/Obj/twi_sensor_pca10056_stts22h/main.o
                0x00000000200005da                lower_thershold_temprature
 .bss.m_xfer_done
                0x00000000200005db        0x1 Output/Release/Obj/twi_sensor_pca10056_stts22h/main.o
 .bss.temp_high
                0x00000000200005dc        0x1 Output/Release/Obj/twi_sensor_pca10056_stts22h/main.o
                0x00000000200005dc                temp_high
 .bss.temp_low  0x00000000200005dd        0x1 Output/Release/Obj/twi_sensor_pca10056_stts22h/main.o
                0x00000000200005dd                temp_low
 *fill*         0x00000000200005de        0x2 
 .bss.total     0x00000000200005e0        0x4 Output/Release/Obj/twi_sensor_pca10056_stts22h/main.o
                0x00000000200005e0                total
 .bss.upper_thershold_temprature
                0x00000000200005e4        0x1 Output/Release/Obj/twi_sensor_pca10056_stts22h/main.o
                0x00000000200005e4                upper_thershold_temprature
 *fill*         0x00000000200005e5        0x3 
 .bss._SEGGER_RTT
                0x00000000200005e8       0x78 Output/Release/Obj/twi_sensor_pca10056_stts22h/SEGGER_RTT.o
                0x00000000200005e8                _SEGGER_RTT
 .bss._acDownBuffer
                0x0000000020000660       0x10 Output/Release/Obj/twi_sensor_pca10056_stts22h/SEGGER_RTT.o
 .bss._acUpBuffer
                0x0000000020000670      0x200 Output/Release/Obj/twi_sensor_pca10056_stts22h/SEGGER_RTT.o
 *(COMMON)
                0x0000000020000870                __bss_end__ = (__bss_start__ + SIZEOF (.bss))
                0x0000000000000830                __bss_size__ = SIZEOF (.bss)
                0x0000000020000870                __bss_load_end__ = __bss_end__
                0x0000000000000001                . = ASSERT (((__bss_start__ == __bss_end__) || ((__bss_end__ - __RAM_segment_start__) <= __RAM_segment_size__)), error: .bss is too large to fit in RAM memory segment)
                0x0000000020000870                __tbss_load_start__ = ALIGN (__bss_end__, 0x4)

.tbss           0x0000000020000870        0x0
                0x0000000020000870                __tbss_start__ = .
 *(.tbss .tbss.*)
                0x0000000020000870                __tbss_end__ = (__tbss_start__ + SIZEOF (.tbss))
                0x0000000000000000                __tbss_size__ = SIZEOF (.tbss)
                0x0000000020000870                __tbss_load_end__ = __tbss_end__
                0x0000000000000001                . = ASSERT (((__tbss_start__ == __tbss_end__) || ((__tbss_end__ - __RAM_segment_start__) <= __RAM_segment_size__)), error: .tbss is too large to fit in RAM memory segment)
                0x0000000020000870                __non_init_load_start__ = ALIGN (__tbss_end__, 0x4)

.non_init       0x0000000020000870        0x0
                0x0000000020000870                __non_init_start__ = .
 *(.non_init .non_init.*)
                0x0000000020000870                __non_init_end__ = (__non_init_start__ + SIZEOF (.non_init))
                0x0000000000000000                __non_init_size__ = SIZEOF (.non_init)
                0x0000000020000870                __non_init_load_end__ = __non_init_end__
                0x0000000000000001                . = ASSERT (((__non_init_start__ == __non_init_end__) || ((__non_init_end__ - __RAM_segment_start__) <= __RAM_segment_size__)), error: .non_init is too large to fit in RAM memory segment)
                0x0000000020000870                __heap_load_start__ = ALIGN (__non_init_end__, 0x4)

.heap           0x0000000020000870     0x2000
                0x0000000020000870                __heap_start__ = .
 *(.heap .heap.*)
                0x0000000020002870                . = ALIGN (MAX ((__heap_start__ + __HEAPSIZE__), .), 0x4)
 *fill*         0x0000000020000870     0x2000 
                0x0000000020002870                __heap_end__ = (__heap_start__ + SIZEOF (.heap))
                0x0000000000002000                __heap_size__ = SIZEOF (.heap)
                0x0000000020002870                __heap_load_end__ = __heap_end__
                0x0000000000000001                . = ASSERT (((__heap_start__ == __heap_end__) || ((__heap_end__ - __RAM_segment_start__) <= __RAM_segment_size__)), error: .heap is too large to fit in RAM memory segment)
                0x000000002003e000                __stack_load_start__ = (__RAM_segment_start__ + (__RAM_segment_size__ - 0x2000))

.stack          0x000000002003e000     0x2000
                0x000000002003e000                __stack_start__ = .
                0x000000002003e000                __StackLimit = __stack_start__
 *(.stack .stack.*)
                0x0000000020040000                . = ALIGN (MAX ((__stack_start__ + __STACKSIZE__), .), 0x8)
 *fill*         0x000000002003e000     0x2000 
                0x0000000020040000                __stack_end__ = (__stack_start__ + SIZEOF (.stack))
                0x0000000000002000                __stack_size__ = SIZEOF (.stack)
                0x0000000020040000                __StackTop = __stack_end__
                0x0000000020040000                __stack_load_end__ = __stack_end__
                0x0000000000000001                . = ASSERT (((__stack_start__ == __stack_end__) || ((__stack_end__ - __RAM_segment_start__) <= __RAM_segment_size__)), error: .stack is too large to fit in RAM memory segment)
                0x0000000000000001                . = ASSERT ((__heap_end__ <= __stack_start__), error: section .heap overlaps absolute placed section .stack)
                0x0000000020040000                __stack_process_load_start__ = ALIGN (__stack_end__, 0x8)

.stack_process  0x0000000020040000        0x0
                0x0000000020040000                __stack_process_start__ = .
 *(.stack_process .stack_process.*)
                0x0000000020040000                . = ALIGN (MAX ((__stack_process_start__ + __STACKSIZE_PROCESS__), .), 0x8)
                0x0000000020040000                __stack_process_end__ = (__stack_process_start__ + SIZEOF (.stack_process))
                0x0000000000000000                __stack_process_size__ = SIZEOF (.stack_process)
                0x0000000020040000                __stack_process_load_end__ = __stack_process_end__
                0x0000000020040000                __RAM_segment_used_end__ = (ALIGN (__stack_end__, 0x8) + SIZEOF (.stack_process))
                0x0000000000040000                __RAM_segment_used_size__ = (__RAM_segment_used_end__ - __RAM_segment_start__)
                0x0000000000000001                . = ASSERT (((__stack_process_start__ == __stack_process_end__) || ((__stack_process_end__ - __RAM_segment_start__) <= __RAM_segment_size__)), error: .stack_process is too large to fit in RAM memory segment)
START GROUP
LOAD Output/Release/Obj/twi_sensor_pca10056_stts22h/thumb_crt0.o
LOAD Output/Release/Obj/twi_sensor_pca10056_stts22h/nrf_log_backend_rtt.o
LOAD Output/Release/Obj/twi_sensor_pca10056_stts22h/nrf_log_backend_serial.o
LOAD Output/Release/Obj/twi_sensor_pca10056_stts22h/nrf_log_backend_uart.o
LOAD Output/Release/Obj/twi_sensor_pca10056_stts22h/nrf_log_default_backends.o
LOAD Output/Release/Obj/twi_sensor_pca10056_stts22h/nrf_log_frontend.o
LOAD Output/Release/Obj/twi_sensor_pca10056_stts22h/nrf_log_str_formatter.o
LOAD Output/Release/Obj/twi_sensor_pca10056_stts22h/boards.o
LOAD Output/Release/Obj/twi_sensor_pca10056_stts22h/app_error.o
LOAD Output/Release/Obj/twi_sensor_pca10056_stts22h/app_error_handler_gcc.o
LOAD Output/Release/Obj/twi_sensor_pca10056_stts22h/app_error_weak.o
LOAD Output/Release/Obj/twi_sensor_pca10056_stts22h/app_util_platform.o
LOAD Output/Release/Obj/twi_sensor_pca10056_stts22h/nrf_assert.o
LOAD Output/Release/Obj/twi_sensor_pca10056_stts22h/nrf_atomic.o
LOAD Output/Release/Obj/twi_sensor_pca10056_stts22h/nrf_balloc.o
LOAD Output/Release/Obj/twi_sensor_pca10056_stts22h/nrf_fprintf.o
LOAD Output/Release/Obj/twi_sensor_pca10056_stts22h/nrf_fprintf_format.o
LOAD Output/Release/Obj/twi_sensor_pca10056_stts22h/nrf_memobj.o
LOAD Output/Release/Obj/twi_sensor_pca10056_stts22h/nrf_strerror.o
LOAD Output/Release/Obj/twi_sensor_pca10056_stts22h/nrf_drv_twi.o
LOAD Output/Release/Obj/twi_sensor_pca10056_stts22h/nrf_drv_uart.o
LOAD Output/Release/Obj/twi_sensor_pca10056_stts22h/nrfx_prs.o
LOAD Output/Release/Obj/twi_sensor_pca10056_stts22h/nrfx_twi.o
LOAD Output/Release/Obj/twi_sensor_pca10056_stts22h/nrfx_twim.o
LOAD Output/Release/Obj/twi_sensor_pca10056_stts22h/nrfx_uart.o
LOAD Output/Release/Obj/twi_sensor_pca10056_stts22h/nrfx_uarte.o
LOAD Output/Release/Obj/twi_sensor_pca10056_stts22h/main.o
LOAD Output/Release/Obj/twi_sensor_pca10056_stts22h/SEGGER_RTT.o
LOAD Output/Release/Obj/twi_sensor_pca10056_stts22h/SEGGER_RTT_Syscalls_SES.o
LOAD Output/Release/Obj/twi_sensor_pca10056_stts22h/SEGGER_RTT_printf.o
LOAD Output/Release/Obj/twi_sensor_pca10056_stts22h/ses_nRF_Startup.o
LOAD Output/Release/Obj/twi_sensor_pca10056_stts22h/ses_nrf52840_Vectors.o
LOAD Output/Release/Obj/twi_sensor_pca10056_stts22h/system_nrf52840.o
LOAD /usr/share/segger_embedded_studio_for_arm_5.60a/lib/libm_v7em_fpv4_sp_d16_hard_t_le_eabi.a
LOAD /usr/share/segger_embedded_studio_for_arm_5.60a/lib/libc_v7em_fpv4_sp_d16_hard_t_le_eabi.a
LOAD /usr/share/segger_embedded_studio_for_arm_5.60a/lib/libdebugio_v7em_fpv4_sp_d16_hard_t_le_eabi.a
END GROUP
OUTPUT(Output/Release/Exe/twi_sensor_pca10056_stts22h.elf elf32-littlearm)
LOAD linker stubs

.ARM.attributes
                0x0000000000000000       0x30
 .ARM.attributes
                0x0000000000000000       0x20 Output/Release/Obj/twi_sensor_pca10056_stts22h/thumb_crt0.o
 .ARM.attributes
                0x0000000000000020       0x39 Output/Release/Obj/twi_sensor_pca10056_stts22h/nrf_log_backend_rtt.o
 .ARM.attributes
                0x0000000000000059       0x39 Output/Release/Obj/twi_sensor_pca10056_stts22h/nrf_log_backend_serial.o
 .ARM.attributes
                0x0000000000000092       0x39 Output/Release/Obj/twi_sensor_pca10056_stts22h/nrf_log_default_backends.o
 .ARM.attributes
                0x00000000000000cb       0x39 Output/Release/Obj/twi_sensor_pca10056_stts22h/nrf_log_frontend.o
 .ARM.attributes
                0x0000000000000104       0x39 Output/Release/Obj/twi_sensor_pca10056_stts22h/nrf_log_str_formatter.o
 .ARM.attributes
                0x000000000000013d       0x39 Output/Release/Obj/twi_sensor_pca10056_stts22h/app_error.o
 .ARM.attributes
                0x0000000000000176       0x39 Output/Release/Obj/twi_sensor_pca10056_stts22h/app_error_weak.o
 .ARM.attributes
                0x00000000000001af       0x39 Output/Release/Obj/twi_sensor_pca10056_stts22h/app_util_platform.o
 .ARM.attributes
                0x00000000000001e8       0x39 Output/Release/Obj/twi_sensor_pca10056_stts22h/nrf_atomic.o
 .ARM.attributes
                0x0000000000000221       0x39 Output/Release/Obj/twi_sensor_pca10056_stts22h/nrf_balloc.o
 .ARM.attributes
                0x000000000000025a       0x39 Output/Release/Obj/twi_sensor_pca10056_stts22h/nrf_fprintf.o
 .ARM.attributes
                0x0000000000000293       0x39 Output/Release/Obj/twi_sensor_pca10056_stts22h/nrf_fprintf_format.o
 .ARM.attributes
                0x00000000000002cc       0x39 Output/Release/Obj/twi_sensor_pca10056_stts22h/nrf_memobj.o
 .ARM.attributes
                0x0000000000000305       0x39 Output/Release/Obj/twi_sensor_pca10056_stts22h/nrf_drv_twi.o
 .ARM.attributes
                0x000000000000033e       0x39 Output/Release/Obj/twi_sensor_pca10056_stts22h/nrfx_prs.o
 .ARM.attributes
                0x0000000000000377       0x39 Output/Release/Obj/twi_sensor_pca10056_stts22h/nrfx_twim.o
 .ARM.attributes
                0x00000000000003b0       0x39 Output/Release/Obj/twi_sensor_pca10056_stts22h/nrfx_uart.o
 .ARM.attributes
                0x00000000000003e9       0x39 Output/Release/Obj/twi_sensor_pca10056_stts22h/nrfx_uarte.o
 .ARM.attributes
                0x0000000000000422       0x39 Output/Release/Obj/twi_sensor_pca10056_stts22h/main.o
 .ARM.attributes
                0x000000000000045b       0x39 Output/Release/Obj/twi_sensor_pca10056_stts22h/SEGGER_RTT.o
 .ARM.attributes
                0x0000000000000494       0x20 Output/Release/Obj/twi_sensor_pca10056_stts22h/ses_nRF_Startup.o
 .ARM.attributes
                0x00000000000004b4       0x20 Output/Release/Obj/twi_sensor_pca10056_stts22h/ses_nrf52840_Vectors.o
 .ARM.attributes
                0x00000000000004d4       0x39 Output/Release/Obj/twi_sensor_pca10056_stts22h/system_nrf52840.o
 .ARM.attributes
                0x000000000000050d       0x20 /usr/share/segger_embedded_studio_for_arm_5.60a/lib/libm_v7em_fpv4_sp_d16_hard_t_le_eabi.a(libm_asm.o)
 .ARM.attributes
                0x000000000000052d       0x34 /usr/share/segger_embedded_studio_for_arm_5.60a/lib/libm_v7em_fpv4_sp_d16_hard_t_le_eabi.a(fdlibm.o)
 .ARM.attributes
                0x0000000000000561       0x34 /usr/share/segger_embedded_studio_for_arm_5.60a/lib/libc_v7em_fpv4_sp_d16_hard_t_le_eabi.a(libc2.o)
 .ARM.attributes
                0x0000000000000595       0x20 /usr/share/segger_embedded_studio_for_arm_5.60a/lib/libc_v7em_fpv4_sp_d16_hard_t_le_eabi.a(libc2_asm.o)

.comment        0x0000000000000000       0x25
 .comment       0x0000000000000000       0x25 Output/Release/Obj/twi_sensor_pca10056_stts22h/nrf_log_backend_rtt.o
                                         0x26 (size before relaxing)
 .comment       0x0000000000000025       0x26 Output/Release/Obj/twi_sensor_pca10056_stts22h/nrf_log_backend_serial.o
 .comment       0x0000000000000025       0x26 Output/Release/Obj/twi_sensor_pca10056_stts22h/nrf_log_default_backends.o
 .comment       0x0000000000000025       0x26 Output/Release/Obj/twi_sensor_pca10056_stts22h/nrf_log_frontend.o
 .comment       0x0000000000000025       0x26 Output/Release/Obj/twi_sensor_pca10056_stts22h/nrf_log_str_formatter.o
 .comment       0x0000000000000025       0x26 Output/Release/Obj/twi_sensor_pca10056_stts22h/app_error.o
 .comment       0x0000000000000025       0x26 Output/Release/Obj/twi_sensor_pca10056_stts22h/app_error_weak.o
 .comment       0x0000000000000025       0x26 Output/Release/Obj/twi_sensor_pca10056_stts22h/app_util_platform.o
 .comment       0x0000000000000025       0x26 Output/Release/Obj/twi_sensor_pca10056_stts22h/nrf_atomic.o
 .comment       0x0000000000000025       0x26 Output/Release/Obj/twi_sensor_pca10056_stts22h/nrf_balloc.o
 .comment       0x0000000000000025       0x26 Output/Release/Obj/twi_sensor_pca10056_stts22h/nrf_fprintf.o
 .comment       0x0000000000000025       0x26 Output/Release/Obj/twi_sensor_pca10056_stts22h/nrf_fprintf_format.o
 .comment       0x0000000000000025       0x26 Output/Release/Obj/twi_sensor_pca10056_stts22h/nrf_memobj.o
 .comment       0x0000000000000025       0x26 Output/Release/Obj/twi_sensor_pca10056_stts22h/nrf_drv_twi.o
 .comment       0x0000000000000025       0x26 Output/Release/Obj/twi_sensor_pca10056_stts22h/nrfx_prs.o
 .comment       0x0000000000000025       0x26 Output/Release/Obj/twi_sensor_pca10056_stts22h/nrfx_twim.o
 .comment       0x0000000000000025       0x26 Output/Release/Obj/twi_sensor_pca10056_stts22h/nrfx_uart.o
 .comment       0x0000000000000025       0x26 Output/Release/Obj/twi_sensor_pca10056_stts22h/nrfx_uarte.o
 .comment       0x0000000000000025       0x26 Output/Release/Obj/twi_sensor_pca10056_stts22h/main.o
 .comment       0x0000000000000025       0x26 Output/Release/Obj/twi_sensor_pca10056_stts22h/SEGGER_RTT.o
 .comment       0x0000000000000025       0x26 Output/Release/Obj/twi_sensor_pca10056_stts22h/system_nrf52840.o
 .comment       0x0000000000000025       0x26 /usr/share/segger_embedded_studio_for_arm_5.60a/lib/libm_v7em_fpv4_sp_d16_hard_t_le_eabi.a(fdlibm.o)
 .comment       0x0000000000000025       0x26 /usr/share/segger_embedded_studio_for_arm_5.60a/lib/libc_v7em_fpv4_sp_d16_hard_t_le_eabi.a(libc2.o)

.debug_line     0x0000000000000000     0xe2ea
 .debug_line    0x0000000000000000      0x212 Output/Release/Obj/twi_sensor_pca10056_stts22h/thumb_crt0.o
 .debug_line    0x0000000000000212      0x92d Output/Release/Obj/twi_sensor_pca10056_stts22h/nrf_log_backend_rtt.o
 .debug_line    0x0000000000000b3f      0x719 Output/Release/Obj/twi_sensor_pca10056_stts22h/nrf_log_backend_serial.o
 .debug_line    0x0000000000001258      0x60d Output/Release/Obj/twi_sensor_pca10056_stts22h/nrf_log_default_backends.o
 .debug_line    0x0000000000001865     0x13b8 Output/Release/Obj/twi_sensor_pca10056_stts22h/nrf_log_frontend.o
 .debug_line    0x0000000000002c1d      0x805 Output/Release/Obj/twi_sensor_pca10056_stts22h/nrf_log_str_formatter.o
 .debug_line    0x0000000000003422      0x3d7 Output/Release/Obj/twi_sensor_pca10056_stts22h/app_error.o
 .debug_line    0x00000000000037f9      0x71b Output/Release/Obj/twi_sensor_pca10056_stts22h/app_error_weak.o
 .debug_line    0x0000000000003f14      0x455 Output/Release/Obj/twi_sensor_pca10056_stts22h/app_util_platform.o
 .debug_line    0x0000000000004369      0x6bd Output/Release/Obj/twi_sensor_pca10056_stts22h/nrf_atomic.o
 .debug_line    0x0000000000004a26      0x6e8 Output/Release/Obj/twi_sensor_pca10056_stts22h/nrf_balloc.o
 .debug_line    0x000000000000510e      0x3f9 Output/Release/Obj/twi_sensor_pca10056_stts22h/nrf_fprintf.o
 .debug_line    0x0000000000005507      0x852 Output/Release/Obj/twi_sensor_pca10056_stts22h/nrf_fprintf_format.o
 .debug_line    0x0000000000005d59      0x854 Output/Release/Obj/twi_sensor_pca10056_stts22h/nrf_memobj.o
 .debug_line    0x00000000000065ad      0x8b5 Output/Release/Obj/twi_sensor_pca10056_stts22h/nrf_drv_twi.o
 .debug_line    0x0000000000006e62      0x75d Output/Release/Obj/twi_sensor_pca10056_stts22h/nrfx_prs.o
 .debug_line    0x00000000000075bf     0x1617 Output/Release/Obj/twi_sensor_pca10056_stts22h/nrfx_twim.o
 .debug_line    0x0000000000008bd6     0x17b7 Output/Release/Obj/twi_sensor_pca10056_stts22h/nrfx_uart.o
 .debug_line    0x000000000000a38d     0x15c2 Output/Release/Obj/twi_sensor_pca10056_stts22h/nrfx_uarte.o
 .debug_line    0x000000000000b94f     0x1028 Output/Release/Obj/twi_sensor_pca10056_stts22h/main.o
 .debug_line    0x000000000000c977     0x1296 Output/Release/Obj/twi_sensor_pca10056_stts22h/SEGGER_RTT.o
 .debug_line    0x000000000000dc0d       0xd3 Output/Release/Obj/twi_sensor_pca10056_stts22h/ses_nRF_Startup.o
 .debug_line    0x000000000000dce0       0xe5 Output/Release/Obj/twi_sensor_pca10056_stts22h/ses_nrf52840_Vectors.o
 .debug_line    0x000000000000ddc5      0x525 Output/Release/Obj/twi_sensor_pca10056_stts22h/system_nrf52840.o

.debug_info     0x0000000000000000    0x15bc3
 .debug_info    0x0000000000000000       0x22 Output/Release/Obj/twi_sensor_pca10056_stts22h/thumb_crt0.o
 .debug_info    0x0000000000000022      0x508 Output/Release/Obj/twi_sensor_pca10056_stts22h/nrf_log_backend_rtt.o
 .debug_info    0x000000000000052a      0x7b8 Output/Release/Obj/twi_sensor_pca10056_stts22h/nrf_log_backend_serial.o
 .debug_info    0x0000000000000ce2      0x2a5 Output/Release/Obj/twi_sensor_pca10056_stts22h/nrf_log_default_backends.o
 .debug_info    0x0000000000000f87     0x2456 Output/Release/Obj/twi_sensor_pca10056_stts22h/nrf_log_frontend.o
 .debug_info    0x00000000000033dd      0x7a6 Output/Release/Obj/twi_sensor_pca10056_stts22h/nrf_log_str_formatter.o
 .debug_info    0x0000000000003b83      0x2b0 Output/Release/Obj/twi_sensor_pca10056_stts22h/app_error.o
 .debug_info    0x0000000000003e33      0x468 Output/Release/Obj/twi_sensor_pca10056_stts22h/app_error_weak.o
 .debug_info    0x000000000000429b      0x7a1 Output/Release/Obj/twi_sensor_pca10056_stts22h/app_util_platform.o
 .debug_info    0x0000000000004a3c      0x933 Output/Release/Obj/twi_sensor_pca10056_stts22h/nrf_atomic.o
 .debug_info    0x000000000000536f      0x3e9 Output/Release/Obj/twi_sensor_pca10056_stts22h/nrf_balloc.o
 .debug_info    0x0000000000005758      0x233 Output/Release/Obj/twi_sensor_pca10056_stts22h/nrf_fprintf.o
 .debug_info    0x000000000000598b      0x70b Output/Release/Obj/twi_sensor_pca10056_stts22h/nrf_fprintf_format.o
 .debug_info    0x0000000000006096      0x95a Output/Release/Obj/twi_sensor_pca10056_stts22h/nrf_memobj.o
 .debug_info    0x00000000000069f0     0x14bd Output/Release/Obj/twi_sensor_pca10056_stts22h/nrf_drv_twi.o
 .debug_info    0x0000000000007ead      0x7f4 Output/Release/Obj/twi_sensor_pca10056_stts22h/nrfx_prs.o
 .debug_info    0x00000000000086a1     0x2e9a Output/Release/Obj/twi_sensor_pca10056_stts22h/nrfx_twim.o
 .debug_info    0x000000000000b53b     0x3118 Output/Release/Obj/twi_sensor_pca10056_stts22h/nrfx_uart.o
 .debug_info    0x000000000000e653     0x2ff5 Output/Release/Obj/twi_sensor_pca10056_stts22h/nrfx_uarte.o
 .debug_info    0x0000000000011648     0x1a8f Output/Release/Obj/twi_sensor_pca10056_stts22h/main.o
 .debug_info    0x00000000000130d7     0x15fd Output/Release/Obj/twi_sensor_pca10056_stts22h/SEGGER_RTT.o
 .debug_info    0x00000000000146d4       0x23 Output/Release/Obj/twi_sensor_pca10056_stts22h/ses_nRF_Startup.o
 .debug_info    0x00000000000146f7       0x23 Output/Release/Obj/twi_sensor_pca10056_stts22h/ses_nrf52840_Vectors.o
 .debug_info    0x000000000001471a     0x14a9 Output/Release/Obj/twi_sensor_pca10056_stts22h/system_nrf52840.o

.debug_abbrev   0x0000000000000000     0x3d36
 .debug_abbrev  0x0000000000000000       0x12 Output/Release/Obj/twi_sensor_pca10056_stts22h/thumb_crt0.o
 .debug_abbrev  0x0000000000000012      0x274 Output/Release/Obj/twi_sensor_pca10056_stts22h/nrf_log_backend_rtt.o
 .debug_abbrev  0x0000000000000286      0x214 Output/Release/Obj/twi_sensor_pca10056_stts22h/nrf_log_backend_serial.o
 .debug_abbrev  0x000000000000049a      0x193 Output/Release/Obj/twi_sensor_pca10056_stts22h/nrf_log_default_backends.o
 .debug_abbrev  0x000000000000062d      0x5fb Output/Release/Obj/twi_sensor_pca10056_stts22h/nrf_log_frontend.o
 .debug_abbrev  0x0000000000000c28      0x1f2 Output/Release/Obj/twi_sensor_pca10056_stts22h/nrf_log_str_formatter.o
 .debug_abbrev  0x0000000000000e1a      0x13e Output/Release/Obj/twi_sensor_pca10056_stts22h/app_error.o
 .debug_abbrev  0x0000000000000f58      0x1eb Output/Release/Obj/twi_sensor_pca10056_stts22h/app_error_weak.o
 .debug_abbrev  0x0000000000001143      0x22d Output/Release/Obj/twi_sensor_pca10056_stts22h/app_util_platform.o
 .debug_abbrev  0x0000000000001370      0x199 Output/Release/Obj/twi_sensor_pca10056_stts22h/nrf_atomic.o
 .debug_abbrev  0x0000000000001509      0x1fc Output/Release/Obj/twi_sensor_pca10056_stts22h/nrf_balloc.o
 .debug_abbrev  0x0000000000001705      0x146 Output/Release/Obj/twi_sensor_pca10056_stts22h/nrf_fprintf.o
 .debug_abbrev  0x000000000000184b      0x2b1 Output/Release/Obj/twi_sensor_pca10056_stts22h/nrf_fprintf_format.o
 .debug_abbrev  0x0000000000001afc      0x234 Output/Release/Obj/twi_sensor_pca10056_stts22h/nrf_memobj.o
 .debug_abbrev  0x0000000000001d30      0x3e5 Output/Release/Obj/twi_sensor_pca10056_stts22h/nrf_drv_twi.o
 .debug_abbrev  0x0000000000002115      0x2b8 Output/Release/Obj/twi_sensor_pca10056_stts22h/nrfx_prs.o
 .debug_abbrev  0x00000000000023cd      0x4ff Output/Release/Obj/twi_sensor_pca10056_stts22h/nrfx_twim.o
 .debug_abbrev  0x00000000000028cc      0x577 Output/Release/Obj/twi_sensor_pca10056_stts22h/nrfx_uart.o
 .debug_abbrev  0x0000000000002e43      0x51e Output/Release/Obj/twi_sensor_pca10056_stts22h/nrfx_uarte.o
 .debug_abbrev  0x0000000000003361      0x485 Output/Release/Obj/twi_sensor_pca10056_stts22h/main.o
 .debug_abbrev  0x00000000000037e6      0x2d4 Output/Release/Obj/twi_sensor_pca10056_stts22h/SEGGER_RTT.o
 .debug_abbrev  0x0000000000003aba       0x14 Output/Release/Obj/twi_sensor_pca10056_stts22h/ses_nRF_Startup.o
 .debug_abbrev  0x0000000000003ace       0x14 Output/Release/Obj/twi_sensor_pca10056_stts22h/ses_nrf52840_Vectors.o
 .debug_abbrev  0x0000000000003ae2      0x254 Output/Release/Obj/twi_sensor_pca10056_stts22h/system_nrf52840.o

.debug_aranges  0x0000000000000000      0x838
 .debug_aranges
                0x0000000000000000       0x98 Output/Release/Obj/twi_sensor_pca10056_stts22h/thumb_crt0.o
 .debug_aranges
                0x0000000000000098       0x38 Output/Release/Obj/twi_sensor_pca10056_stts22h/nrf_log_backend_rtt.o
 .debug_aranges
                0x00000000000000d0       0x20 Output/Release/Obj/twi_sensor_pca10056_stts22h/nrf_log_backend_serial.o
 .debug_aranges
                0x00000000000000f0       0x20 Output/Release/Obj/twi_sensor_pca10056_stts22h/nrf_log_default_backends.o
 .debug_aranges
                0x0000000000000110       0xd0 Output/Release/Obj/twi_sensor_pca10056_stts22h/nrf_log_frontend.o
 .debug_aranges
                0x00000000000001e0       0x40 Output/Release/Obj/twi_sensor_pca10056_stts22h/nrf_log_str_formatter.o
 .debug_aranges
                0x0000000000000220       0x28 Output/Release/Obj/twi_sensor_pca10056_stts22h/app_error.o
 .debug_aranges
                0x0000000000000248       0x20 Output/Release/Obj/twi_sensor_pca10056_stts22h/app_error_weak.o
 .debug_aranges
                0x0000000000000268       0x48 Output/Release/Obj/twi_sensor_pca10056_stts22h/app_util_platform.o
 .debug_aranges
                0x00000000000002b0       0xb0 Output/Release/Obj/twi_sensor_pca10056_stts22h/nrf_atomic.o
 .debug_aranges
                0x0000000000000360       0x30 Output/Release/Obj/twi_sensor_pca10056_stts22h/nrf_balloc.o
 .debug_aranges
                0x0000000000000390       0x28 Output/Release/Obj/twi_sensor_pca10056_stts22h/nrf_fprintf.o
 .debug_aranges
                0x00000000000003b8       0x30 Output/Release/Obj/twi_sensor_pca10056_stts22h/nrf_fprintf_format.o
 .debug_aranges
                0x00000000000003e8       0x50 Output/Release/Obj/twi_sensor_pca10056_stts22h/nrf_memobj.o
 .debug_aranges
                0x0000000000000438       0x38 Output/Release/Obj/twi_sensor_pca10056_stts22h/nrf_drv_twi.o
 .debug_aranges
                0x0000000000000470       0x30 Output/Release/Obj/twi_sensor_pca10056_stts22h/nrfx_prs.o
 .debug_aranges
                0x00000000000004a0       0x78 Output/Release/Obj/twi_sensor_pca10056_stts22h/nrfx_twim.o
 .debug_aranges
                0x0000000000000518       0xa8 Output/Release/Obj/twi_sensor_pca10056_stts22h/nrfx_uart.o
 .debug_aranges
                0x00000000000005c0       0x80 Output/Release/Obj/twi_sensor_pca10056_stts22h/nrfx_uarte.o
 .debug_aranges
                0x0000000000000640       0x80 Output/Release/Obj/twi_sensor_pca10056_stts22h/main.o
 .debug_aranges
                0x00000000000006c0      0x108 Output/Release/Obj/twi_sensor_pca10056_stts22h/SEGGER_RTT.o
 .debug_aranges
                0x00000000000007c8       0x20 Output/Release/Obj/twi_sensor_pca10056_stts22h/ses_nRF_Startup.o
 .debug_aranges
                0x00000000000007e8       0x20 Output/Release/Obj/twi_sensor_pca10056_stts22h/ses_nrf52840_Vectors.o
 .debug_aranges
                0x0000000000000808       0x30 Output/Release/Obj/twi_sensor_pca10056_stts22h/system_nrf52840.o

.debug_str      0x0000000000000000    0x85b71
 .debug_str     0x0000000000000000       0xe3 Output/Release/Obj/twi_sensor_pca10056_stts22h/thumb_crt0.o
 .debug_str     0x00000000000000e3    0x7b04e Output/Release/Obj/twi_sensor_pca10056_stts22h/nrf_log_backend_rtt.o
                                      0x7bfdb (size before relaxing)
 .debug_str     0x000000000007b131      0x332 Output/Release/Obj/twi_sensor_pca10056_stts22h/nrf_log_backend_serial.o
                                      0x78a30 (size before relaxing)
 .debug_str     0x000000000007b463      0x173 Output/Release/Obj/twi_sensor_pca10056_stts22h/nrf_log_default_backends.o
                                      0x787b7 (size before relaxing)
 .debug_str     0x000000000007b5d6     0x13e4 Output/Release/Obj/twi_sensor_pca10056_stts22h/nrf_log_frontend.o
                                      0x79cc7 (size before relaxing)
 .debug_str     0x000000000007c9ba      0x315 Output/Release/Obj/twi_sensor_pca10056_stts22h/nrf_log_str_formatter.o
                                      0x78ab9 (size before relaxing)
 .debug_str     0x000000000007cccf      0x14f Output/Release/Obj/twi_sensor_pca10056_stts22h/app_error.o
                                      0x6e6e3 (size before relaxing)
 .debug_str     0x000000000007ce1e      0x11d Output/Release/Obj/twi_sensor_pca10056_stts22h/app_error_weak.o
                                      0x78e39 (size before relaxing)
 .debug_str     0x000000000007cf3b      0x45f Output/Release/Obj/twi_sensor_pca10056_stts22h/app_util_platform.o
                                      0x6ef22 (size before relaxing)
 .debug_str     0x000000000007d39a      0x703 Output/Release/Obj/twi_sensor_pca10056_stts22h/nrf_atomic.o
                                      0x7540d (size before relaxing)
 .debug_str     0x000000000007da9d      0x183 Output/Release/Obj/twi_sensor_pca10056_stts22h/nrf_balloc.o
                                      0x78b24 (size before relaxing)
 .debug_str     0x000000000007dc20      0x146 Output/Release/Obj/twi_sensor_pca10056_stts22h/nrf_fprintf.o
                                      0x74f9e (size before relaxing)
 .debug_str     0x000000000007dd66      0x161 Output/Release/Obj/twi_sensor_pca10056_stts22h/nrf_fprintf_format.o
                                      0x750a4 (size before relaxing)
 .debug_str     0x000000000007dec7      0x1ee Output/Release/Obj/twi_sensor_pca10056_stts22h/nrf_memobj.o
                                      0x76f4b (size before relaxing)
 .debug_str     0x000000000007e0b5     0x1c0e Output/Release/Obj/twi_sensor_pca10056_stts22h/nrf_drv_twi.o
                                      0x79c37 (size before relaxing)
 .debug_str     0x000000000007fcc3      0x750 Output/Release/Obj/twi_sensor_pca10056_stts22h/nrfx_prs.o
                                      0x7b4bf (size before relaxing)
 .debug_str     0x0000000000080413     0x10b5 Output/Release/Obj/twi_sensor_pca10056_stts22h/nrfx_twim.o
                                      0x7ceae (size before relaxing)
 .debug_str     0x00000000000814c8      0xd4b Output/Release/Obj/twi_sensor_pca10056_stts22h/nrfx_uart.o
                                      0x7c6ba (size before relaxing)
 .debug_str     0x0000000000082213      0xefe Output/Release/Obj/twi_sensor_pca10056_stts22h/nrfx_uarte.o
                                      0x7cab7 (size before relaxing)
 .debug_str     0x0000000000083111     0x1d47 Output/Release/Obj/twi_sensor_pca10056_stts22h/main.o
                                      0x7f19f (size before relaxing)
 .debug_str     0x0000000000084e58      0x5f7 Output/Release/Obj/twi_sensor_pca10056_stts22h/SEGGER_RTT.o
                                      0x71817 (size before relaxing)
 .debug_str     0x000000000008544f       0x79 Output/Release/Obj/twi_sensor_pca10056_stts22h/ses_nRF_Startup.o
                                        0x118 (size before relaxing)
 .debug_str     0x00000000000854c8       0x7e Output/Release/Obj/twi_sensor_pca10056_stts22h/ses_nrf52840_Vectors.o
                                        0x11d (size before relaxing)
 .debug_str     0x0000000000085546      0x62b Output/Release/Obj/twi_sensor_pca10056_stts22h/system_nrf52840.o
                                      0x6d6be (size before relaxing)

.debug_ranges   0x0000000000000000     0x1710
 .debug_ranges  0x0000000000000000       0x90 Output/Release/Obj/twi_sensor_pca10056_stts22h/thumb_crt0.o
 .debug_ranges  0x0000000000000090       0x70 Output/Release/Obj/twi_sensor_pca10056_stts22h/nrf_log_backend_rtt.o
 .debug_ranges  0x0000000000000100       0x28 Output/Release/Obj/twi_sensor_pca10056_stts22h/nrf_log_backend_serial.o
 .debug_ranges  0x0000000000000128       0x10 Output/Release/Obj/twi_sensor_pca10056_stts22h/nrf_log_default_backends.o
 .debug_ranges  0x0000000000000138      0x378 Output/Release/Obj/twi_sensor_pca10056_stts22h/nrf_log_frontend.o
 .debug_ranges  0x00000000000004b0       0x48 Output/Release/Obj/twi_sensor_pca10056_stts22h/nrf_log_str_formatter.o
 .debug_ranges  0x00000000000004f8       0x18 Output/Release/Obj/twi_sensor_pca10056_stts22h/app_error.o
 .debug_ranges  0x0000000000000510       0x28 Output/Release/Obj/twi_sensor_pca10056_stts22h/app_error_weak.o
 .debug_ranges  0x0000000000000538       0x38 Output/Release/Obj/twi_sensor_pca10056_stts22h/app_util_platform.o
 .debug_ranges  0x0000000000000570      0x208 Output/Release/Obj/twi_sensor_pca10056_stts22h/nrf_atomic.o
 .debug_ranges  0x0000000000000778       0x20 Output/Release/Obj/twi_sensor_pca10056_stts22h/nrf_balloc.o
 .debug_ranges  0x0000000000000798       0x18 Output/Release/Obj/twi_sensor_pca10056_stts22h/nrf_fprintf.o
 .debug_ranges  0x00000000000007b0       0x60 Output/Release/Obj/twi_sensor_pca10056_stts22h/nrf_fprintf_format.o
 .debug_ranges  0x0000000000000810       0x90 Output/Release/Obj/twi_sensor_pca10056_stts22h/nrf_memobj.o
 .debug_ranges  0x00000000000008a0       0xb8 Output/Release/Obj/twi_sensor_pca10056_stts22h/nrf_drv_twi.o
 .debug_ranges  0x0000000000000958       0x40 Output/Release/Obj/twi_sensor_pca10056_stts22h/nrfx_prs.o
 .debug_ranges  0x0000000000000998      0x330 Output/Release/Obj/twi_sensor_pca10056_stts22h/nrfx_twim.o
 .debug_ranges  0x0000000000000cc8      0x438 Output/Release/Obj/twi_sensor_pca10056_stts22h/nrfx_uart.o